Component: ARM Compiler 5.06 update 6 (build 750) Tool: armlink [4d35ed]

==============================================================================

Section Cross References

    main.o(i.Task_Angel) refers to imu.o(i.GY86_Read) for GY86_Read
    main.o(i.Task_Angel) refers to imu.o(i.Calib_Status) for Calib_Status
    main.o(i.Task_Angel) refers to imu.o(i.IMUupdate) for IMUupdate
    main.o(i.Task_Angel) refers to os_time.o(i.OSTimeDly) for OSTimeDly
    main.o(i.Task_Angel) refers to main.o(.data) for mag
    main.o(i.Task_Angel) refers to main.o(.bss) for fGyro
    main.o(i.Task_COM) refers to ano_dt.o(i.ANO_DT_Send_Senser) for ANO_DT_Send_Senser
    main.o(i.Task_COM) refers to imu.o(i.Calib_Status) for Calib_Status
    main.o(i.Task_COM) refers to ano_dt.o(i.ANO_DT_Send_Status) for ANO_DT_Send_Status
    main.o(i.Task_COM) refers to os_time.o(i.OSTimeDly) for OSTimeDly
    main.o(i.Task_COM) refers to main.o(.data) for mag
    main.o(i.Task_COM) refers to main.o(.bss) for angle
    main.o(i.Task_PID) refers to pid.o(i.Motor_Exp_Calc) for Motor_Exp_Calc
    main.o(i.Task_PID) refers to imu.o(i.Calib_Status) for Calib_Status
    main.o(i.Task_PID) refers to pid.o(i.Motor_Calc) for Motor_Calc
    main.o(i.Task_PID) refers to pwm.o(i.PWM_OUT) for PWM_OUT
    main.o(i.Task_PID) refers to os_time.o(i.OSTimeDly) for OSTimeDly
    main.o(i.Task_Startup) refers to bsp.o(i.BSP_Init) for BSP_Init
    main.o(i.Task_Startup) refers to os_time.o(i.OSTimeDly) for OSTimeDly
    main.o(i.Task_Startup) refers to imu.o(i.CalibInit) for CalibInit
    main.o(i.Task_Startup) refers to os_mutex.o(i.OSMutexCreate) for OSMutexCreate
    main.o(i.Task_Startup) refers to os_task.o(i.OSTaskCreate) for OSTaskCreate
    main.o(i.Task_Startup) refers to os_task.o(i.OSTaskDel) for OSTaskDel
    main.o(i.Task_Startup) refers to main.o(.data) for IICMutex
    main.o(i.Task_Startup) refers to main.o(.bss) for Task_COM_STK
    main.o(i.Task_Startup) refers to main.o(i.Task_COM) for Task_COM
    main.o(i.Task_Startup) refers to main.o(i.Task_Angel) for Task_Angel
    main.o(i.Task_Startup) refers to main.o(i.Task_PID) for Task_PID
    main.o(i.main) refers to os_core.o(i.OSInit) for OSInit
    main.o(i.main) refers to os_task.o(i.OSTaskCreate) for OSTaskCreate
    main.o(i.main) refers to os_core.o(i.OSStart) for OSStart
    main.o(i.main) refers to main.o(.bss) for Task_Startup_STK
    main.o(i.main) refers to main.o(i.Task_Startup) for Task_Startup
    system_stm32f4xx.o(i.SystemCoreClockUpdate) refers to system_stm32f4xx.o(.data) for SystemCoreClock
    system_stm32f4xx.o(i.SystemInit) refers to system_stm32f4xx.o(i.SetSysClock) for SetSysClock
    startup_stm32f401xx.o(STACK) refers (Special) to heapauxi.o(.text) for __use_two_region_memory
    startup_stm32f401xx.o(HEAP) refers (Special) to heapauxi.o(.text) for __use_two_region_memory
    startup_stm32f401xx.o(RESET) refers (Special) to heapauxi.o(.text) for __use_two_region_memory
    startup_stm32f401xx.o(RESET) refers to startup_stm32f401xx.o(STACK) for __initial_sp
    startup_stm32f401xx.o(RESET) refers to startup_stm32f401xx.o(.text) for Reset_Handler
    startup_stm32f401xx.o(RESET) refers to stm32f4xx_it.o(i.NMI_Handler) for NMI_Handler
    startup_stm32f401xx.o(RESET) refers to stm32f4xx_it.o(i.HardFault_Handler) for HardFault_Handler
    startup_stm32f401xx.o(RESET) refers to stm32f4xx_it.o(i.MemManage_Handler) for MemManage_Handler
    startup_stm32f401xx.o(RESET) refers to stm32f4xx_it.o(i.BusFault_Handler) for BusFault_Handler
    startup_stm32f401xx.o(RESET) refers to stm32f4xx_it.o(i.UsageFault_Handler) for UsageFault_Handler
    startup_stm32f401xx.o(RESET) refers to stm32f4xx_it.o(i.SVC_Handler) for SVC_Handler
    startup_stm32f401xx.o(RESET) refers to stm32f4xx_it.o(i.DebugMon_Handler) for DebugMon_Handler
    startup_stm32f401xx.o(RESET) refers to stm32f4xx_it.o(i.PendSV_Handler) for PendSV_Handler
    startup_stm32f401xx.o(RESET) refers to stm32f4xx_it.o(i.SysTick_Handler) for SysTick_Handler
    startup_stm32f401xx.o(.text) refers (Special) to heapauxi.o(.text) for __use_two_region_memory
    startup_stm32f401xx.o(.text) refers to system_stm32f4xx.o(i.SystemInit) for SystemInit
    startup_stm32f401xx.o(.text) refers to __main.o(!!!main) for __main
    startup_stm32f401xx.o(.text) refers to startup_stm32f401xx.o(HEAP) for Heap_Mem
    startup_stm32f401xx.o(.text) refers to startup_stm32f401xx.o(STACK) for Stack_Mem
    bsp.o(i.BSP_Init) refers to bsp.o(i.SysTick_Init) for SysTick_Init
    bsp.o(i.BSP_Init) refers to delay.o(i.DELAY_Init) for DELAY_Init
    bsp.o(i.BSP_Init) refers to usart.o(i.USART6_Init) for USART6_Init
    bsp.o(i.BSP_Init) refers to iic.o(i.I2C_Configuration) for I2C_Configuration
    bsp.o(i.BSP_Init) refers to gy86.o(i.MPU6050_Init) for MPU6050_Init
    bsp.o(i.BSP_Init) refers to gy86.o(i.HMC5883L_Init) for HMC5883L_Init
[...]
    i.MPU6050_Init                           0x08001d26   Section        0  gy86.o(i.MPU6050_Init)
    i.MPU6050_Offset                         0x08001d84   Section        0  imu.o(i.MPU6050_Offset)
    i.MemManage_Handler                      0x08001f30   Section        0  stm32f4xx_it.o(i.MemManage_Handler)
    i.Motor_Calc                             0x08001f34   Section        0  pid.o(i.Motor_Calc)
    i.Motor_Exp_Calc                         0x080021a0   Section        0  pid.o(i.Motor_Exp_Calc)
    i.NMI_Handler                            0x080022c0   Section        0  stm32f4xx_it.o(i.NMI_Handler)
    i.NVIC_Init                              0x080022c4   Section        0  misc.o(i.NVIC_Init)
    i.OSInit                                 0x0800233c   Section        0  os_core.o(i.OSInit)
    i.OSInitHookBegin                        0x0800235c   Section        0  os_cpu_c.o(i.OSInitHookBegin)
    i.OSInitHookEnd                          0x0800238c   Section        0  os_cpu_c.o(i.OSInitHookEnd)
    i.OSMutexCreate                          0x08002390   Section        0  os_mutex.o(i.OSMutexCreate)
    i.OSMutexPend                            0x08002434   Section        0  os_mutex.o(i.OSMutexPend)
    i.OSMutexPost                            0x0800267c   Section        0  os_mutex.o(i.OSMutexPost)
    i.OSMutex_RdyAtPrio                      0x0800274c   Section        0  os_mutex.o(i.OSMutex_RdyAtPrio)
    OSMutex_RdyAtPrio                        0x0800274d   Thumb Code   114  os_mutex.o(i.OSMutex_RdyAtPrio)
    i.OSStart                                0x080027d0   Section        0  os_core.o(i.OSStart)
    i.OSTCBInitHook                          0x08002818   Section        0  os_cpu_c.o(i.OSTCBInitHook)
    i.OSTaskCreate                           0x0800281c   Section        0  os_task.o(i.OSTaskCreate)
    i.OSTaskCreateExt                        0x080028bc   Section        0  os_task.o(i.OSTaskCreateExt)
    i.OSTaskCreateHook                       0x08002968   Section        0  os_cpu_c.o(i.OSTaskCreateHook)
    i.OSTaskDel                              0x0800296c   Section        0  os_task.o(i.OSTaskDel)
    i.OSTaskDelHook                          0x08002ab0   Section        0  os_cpu_c.o(i.OSTaskDelHook)
    i.OSTaskIdleHook                         0x08002ab2   Section        0  os_cpu_c.o(i.OSTaskIdleHook)
    i.OSTaskNameSet                          0x08002ab4   Section        0  os_task.o(i.OSTaskNameSet)
    i.OSTaskReturnHook                       0x08002b24   Section        0  os_cpu_c.o(i.OSTaskReturnHook)
    i.OSTaskStkInit                          0x08002b28   Section        0  os_cpu_c.o(i.OSTaskStkInit)
    i.OSTaskSwHook                           0x08002bcc   Section        0  os_cpu_c.o(i.OSTaskSwHook)
    i.OSTimeDly                              0x08002bd0   Section        0  os_time.o(i.OSTimeDly)
    i.OS_Dummy                               0x08002c48   Section        0  os_core.o(i.OS_Dummy)
    i.OS_EventTaskRdy                        0x08002c4c   Section        0  os_core.o(i.OS_EventTaskRdy)
    i.OS_EventTaskRemove                     0x08002cd0   Section        0  os_core.o(i.OS_EventTaskRemove)
    i.OS_EventTaskWait                       0x08002cfc   Section        0  os_core.o(i.OS_EventTaskWait)
    i.OS_EventWaitListInit                   0x08002d78   Section        0  os_core.o(i.OS_EventWaitListInit)
    i.OS_InitEventList                       0x08002d94   Section        0  os_core.o(i.OS_InitEventList)
    OS_InitEventList                         0x08002d95   Thumb Code    82  os_core.o(i.OS_InitEventList)
    i.OS_InitMisc                            0x08002df4   Section        0  os_core.o(i.OS_InitMisc)
    OS_InitMisc                              0x08002df5   Thumb Code    36  os_core.o(i.OS_InitMisc)
    i.OS_InitRdyList                         0x08002e38   Section        0  os_core.o(i.OS_InitRdyList)
    OS_InitRdyList                           0x08002e39   Thumb Code    44  os_core.o(i.OS_InitRdyList)
    i.OS_InitTCBList                         0x08002e7c   Section        0  os_core.o(i.OS_InitTCBList)
    OS_InitTCBList                           0x08002e7d   Thumb Code    94  os_core.o(i.OS_InitTCBList)
    i.OS_InitTaskIdle                        0x08002ef0   Section        0  os_core.o(i.OS_InitTaskIdle)
    OS_InitTaskIdle                          0x08002ef1   Thumb Code    50  os_core.o(i.OS_InitTaskIdle)
    i.OS_MemClr                              0x08002f40   Section        0  os_core.o(i.OS_MemClr)
    i.OS_Sched                               0x08002f54   Section        0  os_core.o(i.OS_Sched)
    i.OS_SchedNew                            0x08002fc8   Section        0  os_core.o(i.OS_SchedNew)
    OS_SchedNew                              0x08002fc9   Thumb Code    26  os_core.o(i.OS_SchedNew)
    i.OS_TCBInit                             0x08002ff4   Section        0  os_core.o(i.OS_TCBInit)
    i.OS_TaskIdle                            0x0800312c   Section        0  os_core.o(i.OS_TaskIdle)
    i.OS_TaskReturn                          0x08003154   Section        0  os_task.o(i.OS_TaskReturn)
    i.PID_Calc                               0x0800316c   Section        0  pid.o(i.PID_Calc)
    i.PID_Init                               0x08003374   Section        0  pid.o(i.PID_Init)
    i.PID_Time_Init                          0x0800346c   Section        0  pid.o(i.PID_Time_Init)
    i.PWM_IN_Init                            0x080034a8   Section        0  pwm.o(i.PWM_IN_Init)
    i.PWM_OUT                                0x080036d0   Section        0  pwm.o(i.PWM_OUT)
    i.PWM_OUT_Init                           0x0800374c   Section        0  pwm.o(i.PWM_OUT_Init)
    i.PendSV_Handler                         0x0800391c   Section        0  stm32f4xx_it.o(i.PendSV_Handler)
    i.RCC_AHB1PeriphClockCmd                 0x08003920   Section        0  stm32f4xx_rcc.o(i.RCC_AHB1PeriphClockCmd)
    i.RCC_APB1PeriphClockCmd                 0x08003940   Section        0  stm32f4xx_rcc.o(i.RCC_APB1PeriphClockCmd)
    i.RCC_APB1PeriphResetCmd                 0x08003960   Section        0  stm32f4xx_rcc.o(i.RCC_APB1PeriphResetCmd)
    i.RCC_APB2PeriphClockCmd                 0x08003980   Section        0  stm32f4xx_rcc.o(i.RCC_APB2PeriphClockCmd)
    i.RCC_APB2PeriphResetCmd                 0x080039a0   Section        0  stm32f4xx_rcc.o(i.RCC_APB2PeriphResetCmd)
    i.RCC_GetClocksFreq                      0x080039c0   Section        0  stm32f4xx_rcc.o(i.RCC_GetClocksFreq)
    i.SVC_Handler                            0x08003aa8   Section        0  stm32f4xx_it.o(i.SVC_Handler)
    i.SetSysClock                            0x08003aac   Section        0  system_stm32f4xx.o(i.SetSysClock)
    SetSysClock                              0x08003aad   Thumb Code   220  system_stm32f4xx.o(i.SetSysClock)
    i.SysTick_CLKSourceConfig                0x08003b98   Section        0  misc.o(i.SysTick_CLKSourceConfig)
    i.SysTick_Handler                        0x08003bc0   Section        0  stm32f4xx_it.o(i.SysTick_Handler)
    i.SysTick_Init                           0x08003bc4   Section        0  bsp.o(i.SysTick_Init)
    i.SystemInit                             0x08003c24   Section        0  system_stm32f4xx.o(i.SystemInit)
    i.TI1_Config                             0x08003c8c   Section        0  stm32f4xx_tim.o(i.TI1_Config)
    TI1_Config                               0x08003c8d   Thumb Code    58  stm32f4xx_tim.o(i.TI1_Config)
    i.TI2_Config                             0x08003cc6   Section        0  stm32f4xx_tim.o(i.TI2_Config)
    TI2_Config                               0x08003cc7   Thumb Code    80  stm32f4xx_tim.o(i.TI2_Config)
    i.TI3_Config                             0x08003d16   Section        0  stm32f4xx_tim.o(i.TI3_Config)
    TI3_Config                               0x08003d17   Thumb Code    72  stm32f4xx_tim.o(i.TI3_Config)
    i.TI4_Config                             0x08003d5e   Section        0  stm32f4xx_tim.o(i.TI4_Config)
    TI4_Config                               0x08003d5f   Thumb Code    80  stm32f4xx_tim.o(i.TI4_Config)
    i.TIM_Cmd                                0x08003dae   Section        0  stm32f4xx_tim.o(i.TIM_Cmd)
    i.TIM_DeInit                             0x08003dc8   Section        0  stm32f4xx_tim.o(i.TIM_DeInit)
    i.TIM_ICInit                             0x08003f58   Section        0  stm32f4xx_tim.o(i.TIM_ICInit)
    i.TIM_ITConfig                           0x08003fc6   Section        0  stm32f4xx_tim.o(i.TIM_ITConfig)
    i.TIM_SetIC1Prescaler                    0x08003fd8   Section        0  stm32f4xx_tim.o(i.TIM_SetIC1Prescaler)
    i.TIM_SetIC2Prescaler                    0x08003fea   Section        0  stm32f4xx_tim.o(i.TIM_SetIC2Prescaler)
    i.TIM_SetIC3Prescaler                    0x08004004   Section        0  stm32f4xx_tim.o(i.TIM_SetIC3Prescaler)
    i.TIM_SetIC4Prescaler                    0x08004016   Section        0  stm32f4xx_tim.o(i.TIM_SetIC4Prescaler)
    i.TIM_TimeBaseInit                       0x08004030   Section        0  stm32f4xx_tim.o(i.TIM_TimeBaseInit)
    i.Task_Angel                             0x080040b4   Section        0  main.o(i.Task_Angel)
    Task_Angel                               0x080040b5   Thumb Code   164  main.o(i.Task_Angel)
    i.Task_COM                               0x08004164   Section        0  main.o(i.Task_COM)
    Task_COM                                 0x08004165   Thumb Code   112  main.o(i.Task_COM)
    i.Task_PID                               0x080041e4   Section        0  main.o(i.Task_PID)
    Task_PID                                 0x080041e5   Thumb Code    28  main.o(i.Task_PID)
    i.Task_Startup                           0x08004200   Section        0  main.o(i.Task_Startup)
    Task_Startup                             0x08004201   Thumb Code    94  main.o(i.Task_Startup)
    i.USART6_Init                            0x08004280   Section        0  usart.o(i.USART6_Init)
    i.USART_Cmd                              0x08004304   Section        0  stm32f4xx_usart.o(i.USART_Cmd)
    i.USART_GetFlagStatus                    0x0800431c   Section        0  stm32f4xx_usart.o(i.USART_GetFlagStatus)
    i.USART_Init                             0x08004338   Section        0  stm32f4xx_usart.o(i.USART_Init)
    i.USART_SendData                         0x0800440c   Section        0  stm32f4xx_usart.o(i.USART_SendData)
    i.UsageFault_Handler                     0x08004414   Section        0  stm32f4xx_it.o(i.UsageFault_Handler)
    i.__ARM_fpclassify                       0x08004418   Section        0  fpclassify.o(i.__ARM_fpclassify)
    i.__hardfp_asin                          0x08004448   Section        0  asin.o(i.__hardfp_asin)
    i.__hardfp_atan                          0x080047a8   Section        0  atan.o(i.__hardfp_atan)
    i.__hardfp_atan2                         0x08004a80   Section        0  atan2.o(i.__hardfp_atan2)
    i.__hardfp_sqrt                          0x08004c70   Section        0  sqrt.o(i.__hardfp_sqrt)
    i.__kernel_poly                          0x08004cea   Section        0  poly.o(i.__kernel_poly)
    i.__mathlib_dbl_infnan                   0x08004de2   Section        0  dunder.o(i.__mathlib_dbl_infnan)
    i.__mathlib_dbl_infnan2                  0x08004df6   Section        0  dunder.o(i.__mathlib_dbl_infnan2)
    i.__mathlib_dbl_invalid                  0x08004e10   Section        0  dunder.o(i.__mathlib_dbl_invalid)
    i.__mathlib_dbl_underflow                0x08004e30   Section        0  dunder.o(i.__mathlib_dbl_underflow)
    i.atan                                   0x08004e50   Section        0  atan.o(i.atan)
    i.fabs                                   0x08004e60   Section        0  fabs.o(i.fabs)
    i.main                                   0x08004e78   Section        0  main.o(i.main)
    i.sqrt                                   0x08004e9c   Section        0  sqrt.o(i.sqrt)
    x$fpl$basic                              0x08004f0a   Section       24  basic.o(x$fpl$basic)
    $v0                                      0x08004f0a   Number         0  basic.o(x$fpl$basic)
    x$fpl$d2f                                0x08004f24   Section       98  d2f.o(x$fpl$d2f)
    $v0                                      0x08004f24   Number         0  d2f.o(x$fpl$d2f)
    x$fpl$dadd                               0x08004f88   Section      336  daddsub_clz.o(x$fpl$dadd)
    $v0                                      0x08004f88   Number         0  daddsub_clz.o(x$fpl$dadd)
    _dadd1                                   0x08004f99   Thumb Code     0  daddsub_clz.o(x$fpl$dadd)
    x$fpl$ddiv                               0x080050d8   Section      688  ddiv.o(x$fpl$ddiv)
    $v0                                      0x080050d8   Number         0  ddiv.o(x$fpl$ddiv)
    ddiv_entry                               0x080050df   Thumb Code     0  ddiv.o(x$fpl$ddiv)
    x$fpl$dmul                               0x08005388   Section      340  dmul.o(x$fpl$dmul)
    $v0                                      0x08005388   Number         0  dmul.o(x$fpl$dmul)
    x$fpl$dnaninf                            0x080054dc   Section      156  dnaninf.o(x$fpl$dnaninf)
    $v0                                      0x080054dc   Number         0  dnaninf.o(x$fpl$dnaninf)
    x$fpl$dretinf                            0x08005578   Section       12  dretinf.o(x$fpl$dretinf)
    $v0                                      0x08005578   Number         0  dretinf.o(x$fpl$dretinf)
    x$fpl$drsb                               0x08005584   Section       22  daddsub_clz.o(x$fpl$drsb)
    $v0                                      0x08005584   Number         0  daddsub_clz.o(x$fpl$drsb)
    x$fpl$dsqrt                              0x0800559c   Section      408  dsqrt_umaal.o(x$fpl$dsqrt)
    $v0                                      0x0800559c   Number         0  dsqrt_umaal.o(x$fpl$dsqrt)
    x$fpl$dsub                               0x08005734   Section      468  daddsub_clz.o(x$fpl$dsub)
    $v0                                      0x08005734   Number         0  daddsub_clz.o(x$fpl$dsub)
    _dsub1                                   0x08005745   Thumb Code     0  daddsub_clz.o(x$fpl$dsub)
    x$fpl$f2d                                0x08005908   Section       86  f2d.o(x$fpl$f2d)
    $v0                                      0x08005908   Number         0  f2d.o(x$fpl$f2d)
    x$fpl$fnaninf                            0x0800595e   Section      140  fnaninf.o(x$fpl$fnaninf)
    $v0                                      0x0800595e   Number         0  fnaninf.o(x$fpl$fnaninf)
    x$fpl$fpinit                             0x080059ea   Section       10  fpinit.o(x$fpl$fpinit)
    $v0                                      0x080059ea   Number         0  fpinit.o(x$fpl$fpinit)
    x$fpl$fretinf                            0x080059f4   Section       10  fretinf.o(x$fpl$fretinf)
    $v0                                      0x080059f4   Number         0  fretinf.o(x$fpl$fretinf)
    .constdata                               0x080059fe   Section      256  os_core.o(.constdata)
    x$fpl$usenofp                            0x080059fe   Section        0  usenofp.o(x$fpl$usenofp)
    .constdata                               0x08005b00   Section       80  asin.o(.constdata)
    pS                                       0x08005b00   Data          48  asin.o(.constdata)
    qS                                       0x08005b30   Data          32  asin.o(.constdata)
    .constdata                               0x08005b50   Section      152  atan.o(.constdata)
    atanhi                                   0x08005b50   Data          32  atan.o(.constdata)
    atanlo                                   0x08005b70   Data          32  atan.o(.constdata)
    aTodd                                    0x08005b90   Data          40  atan.o(.constdata)
    aTeven                                   0x08005bb8   Data          48  atan.o(.constdata)
    .constdata                               0x08005be8   Section        8  qnan.o(.constdata)
    .data                                    0x20000000   Section      136  main.o(.data)
    .data                                    0x20000088   Section        4  delay.o(.data)
    fac_us                                   0x20000088   Data           1  delay.o(.data)
    fac_ms                                   0x2000008a   Data           2  delay.o(.data)
    .data                                    0x2000008c   Section       76  imu.o(.data)
    ACC_X                                    0x200000b4   Data           4  imu.o(.data)
    ACC_Y                                    0x200000b8   Data           4  imu.o(.data)
    ACC_Z                                    0x200000bc   Data           4  imu.o(.data)
    count_acc                                0x200000c0   Data           4  imu.o(.data)
    GYRO_X                                   0x200000c4   Data           4  imu.o(.data)
    GYRO_Y                                   0x200000c8   Data           4  imu.o(.data)
    GYRO_Z                                   0x200000cc   Data           4  imu.o(.data)
    count_gyro                               0x200000d0   Data           4  imu.o(.data)
    now                                      0x200000d4   Data           4  imu.o(.data)
    .data                                    0x200000d8   Section       52  pid.o(.data)
    now                                      0x20000108   Data           4  pid.o(.data)
    .data                                    0x2000010c   Section       16  stm32f4xx_rcc.o(.data)
    APBAHBPrescTable                         0x2000010c   Data          16  stm32f4xx_rcc.o(.data)
    .data                                    0x2000011c   Section       52  os_core.o(.data)
    .data                                    0x20000150   Section        4  os_cpu_c.o(.data)
    .bss                                     0x20000154   Section    10484  main.o(.bss)
    Task_Startup_STK                         0x20000248   Data        4096  main.o(.bss)
    Task_COM_STK                             0x20001248   Data        2048  main.o(.bss)
    Task_Angel_STK                           0x20001a48   Data        2048  main.o(.bss)
    Task_PID_STK                             0x20002248   Data        2048  main.o(.bss)
    .bss                                     0x20002a48   Section       63  ano_dt.o(.bss)
    .bss                                     0x20002a88   Section     2520  os_core.o(.bss)
    .bss                                     0x20003460   Section      512  os_cpu_c.o(.bss)
    .bss                                     0x20003660   Section       96  libspace.o(.bss)
    HEAP                                     0x200036c0   Section      512  startup_stm32f401xx.o(HEAP)
    Heap_Mem                                 0x200036c0   Data         512  startup_stm32f401xx.o(HEAP)
    STACK                                    0x200038c0   Section     1024  startup_stm32f401xx.o(STACK)
    Stack_Mem                                0x200038c0   Data        1024  startup_stm32f401xx.o(STACK)
    __initial_sp                             0x20003cc0   Data           0  startup_stm32f401xx.o(STACK)

    Global Symbols

    Symbol Name                              Value     Ov Type        Size  Object(Section)

    BuildAttributes$$THM_ISAv4$E$P$D$K$B$S$7EM$VFPi3$EXTD16$VFPS$VFMA$PE$A:L22UL41UL21$X:L11$S22US41US21$IEEE1$IW$USESV6$~STKCKD$USESV7$~SHL$OTIME$ROPI$IEEEX$EBA8$UX$STANDARDLIB$REQ8$PRES8$EABIv2 0x00000000   Number         0  anon$$obj.o ABSOLUTE
    __ARM_use_no_argv                        0x00000000   Number         0  main.o ABSOLUTE
    __ARM_exceptions_init                     - Undefined Weak Reference
    __alloca_initialize                       - Undefined Weak Reference
    __arm_preinit_                            - Undefined Weak Reference
    __cpp_initialize__aeabi_                  - Undefined Weak Reference
    __cxa_finalize                            - Undefined Weak Reference
    __rt_locale                               - Undefined Weak Reference
    __sigvec_lookup                           - Undefined Weak Reference
    _atexit_init                              - Undefined Weak Reference
    _call_atexit_fns                          - Undefined Weak Reference
    _clock_init                               - Undefined Weak Reference
    _fp_trap_init                             - Undefined Weak Reference
    _fp_trap_shutdown                         - Undefined Weak Reference
    _get_lc_collate                           - Undefined Weak Reference
    _get_lc_ctype                             - Undefined Weak Reference
    _get_lc_monetary                          - Undefined Weak Reference
    _get_lc_numeric                           - Undefined Weak Reference
    _get_lc_time                              - Undefined Weak Reference
    _getenv_init                              - Undefined Weak Reference
    _handle_redirection                       - Undefined Weak Reference
    _init_alloc                               - Undefined Weak Reference
    _init_user_alloc                          - Undefined Weak Reference
    _initio                                   - Undefined Weak Reference
    _rand_init                                - Undefined Weak Reference
    _signal_finish                            - Undefined Weak Reference
    _signal_init                              - Undefined Weak Reference
    _terminate_alloc                          - Undefined Weak Reference
    _terminate_user_alloc                     - Undefined Weak Reference
    _terminateio                              - Undefined Weak Reference
    __Vectors_Size                           0x00000194   Number         0  startup_stm32f401xx.o ABSOLUTE
    __Vectors                                0x08000000   Data           4  startup_stm32f401xx.o(RESET)
    __Vectors_End                            0x08000194   Data           0  startup_stm32f401xx.o(RESET)
    __main                                   0x08000195   Thumb Code     8  __main.o(!!!main)
    __scatterload                            0x0800019d   Thumb Code     0  __scatter.o(!!!scatter)
    __scatterload_rt2                        0x0800019d   Thumb Code    44  __scatter.o(!!!scatter)
    __scatterload_rt2_thumb_only             0x0800019d   Thumb Code     0  __scatter.o(!!!scatter)
    __scatterload_null                       0x080001ab   Thumb Code     0  __scatter.o(!!!scatter)
    __decompress                             0x080001d1   Thumb Code    90  __dczerorl2.o(!!dczerorl2)
    __decompress1                            0x080001d1   Thumb Code     0  __dczerorl2.o(!!dczerorl2)
    __scatterload_zeroinit                   0x0800022d   Thumb Code    28  __scatter_zi.o(!!handler_zi)
    __rt_lib_init                            0x08000249   Thumb Code     0  libinit.o(.ARM.Collect$$libinit$$00000000)
    __rt_lib_init_fp_1                       0x0800024b   Thumb Code     0  libinit2.o(.ARM.Collect$$libinit$$00000001)
    __rt_lib_init_alloca_1                   0x0800024f   Thumb Code     0  libinit2.o(.ARM.Collect$$libinit$$0000002E)
    __rt_lib_init_argv_1                     0x0800024f   Thumb Code     0  libinit2.o(.ARM.Collect$$libinit$$0000002C)
    __rt_lib_init_atexit_1                   0x0800024f   Thumb Code     0  libinit2.o(.ARM.Collect$$libinit$$0000001B)
    __rt_lib_init_clock_1                    0x0800024f   Thumb Code     0  libinit2.o(.ARM.Collect$$libinit$$00000021)
    __rt_lib_init_cpp_1                      0x0800024f   Thumb Code     0  libinit2.o(.ARM.Collect$$libinit$$00000032)
    __rt_lib_init_exceptions_1               0x0800024f   Thumb Code     0  libinit2.o(.ARM.Collect$$libinit$$00000030)
    __rt_lib_init_fp_trap_1                  0x0800024f   Thumb Code     0  libinit2.o(.ARM.Collect$$libinit$$0000001F)
    __rt_lib_init_getenv_1                   0x0800024f   Thumb Code     0  libinit2.o(.ARM.Collect$$libinit$$00000023)
    __rt_lib_init_heap_1                     0x0800024f   Thumb Code     0  libinit2.o(.ARM.Collect$$libinit$$0000000A)
    __rt_lib_init_lc_collate_1               0x0800024f   Thumb Code     0  libinit2.o(.ARM.Collect$$libinit$$00000011)
    __rt_lib_init_lc_ctype_1                 0x0800024f   Thumb Code     0  libinit2.o(.ARM.Collect$$libinit$$00000013)
    __rt_lib_init_lc_monetary_1              0x0800024f   Thumb Code     0  libinit2.o(.ARM.Collect$$libinit$$00000015)
    __rt_lib_init_lc_numeric_1               0x0800024f   Thumb Code     0  libinit2.o(.ARM.Collect$$libinit$$00000017)
    __rt_lib_init_lc_time_1                  0x0800024f   Thumb Code     0  libinit2.o(.ARM.Collect$$libinit$$00000019)
    __rt_lib_init_preinit_1                  0x0800024f   Thumb Code     0  libinit2.o(.ARM.Collect$$libinit$$00000004)
    __rt_lib_init_rand_1                     0x0800024f   Thumb Code     0  libinit2.o(.ARM.Collect$$libinit$$0000000E)
    __rt_lib_init_return                     0x0800024f   Thumb Code     0  libinit2.o(.ARM.Collect$$libinit$$00000033)
    __rt_lib_init_signal_1                   0x0800024f   Thumb Code     0  libinit2.o(.ARM.Collect$$libinit$$0000001D)
    __rt_lib_init_stdio_1                    0x0800024f   Thumb Code     0  libinit2.o(.ARM.Collect$$libinit$$00000025)
    __rt_lib_init_user_alloc_1               0x0800024f   Thumb Code     0  libinit2.o(.ARM.Collect$$libinit$$0000000C)
    __rt_lib_shutdown                        0x08000251   Thumb Code     0  libshutdown.o(.ARM.Collect$$libshutdown$$00000000)
    __rt_lib_shutdown_cpp_1                  0x08000253   Thumb Code     0  libshutdown2.o(.ARM.Collect$$libshutdown$$00000002)
    __rt_lib_shutdown_fp_trap_1              0x08000253   Thumb Code     0  libshutdown2.o(.ARM.Collect$$libshutdown$$00000007)
    __rt_lib_shutdown_heap_1                 0x08000253   Thumb Code     0  libshutdown2.o(.ARM.Collect$$libshutdown$$0000000F)
    __rt_lib_shutdown_return                 0x08000253   Thumb Code     0  libshutdown2.o(.ARM.Collect$$libshutdown$$00000010)
    __rt_lib_shutdown_signal_1               0x08000253   Thumb Code     0  libshutdown2.o(.ARM.Collect$$libshutdown$$0000000A)
    __rt_lib_shutdown_stdio_1                0x08000253   Thumb Code     0  libshutdown2.o(.ARM.Collect$$libshutdown$$00000004)
    __rt_lib_shutdown_user_alloc_1           0x08000253   Thumb Code     0  libshutdown2.o(.ARM.Collect$$libshutdown$$0000000C)
    __rt_entry                               0x08000255   Thumb Code     0  __rtentry.o(.ARM.Collect$$rtentry$$00000000)
    __rt_entry_presh_1                       0x08000255   Thumb Code     0  __rtentry2.o(.ARM.Collect$$rtentry$$00000002)
    __rt_entry_sh                            0x08000255   Thumb Code     0  __rtentry4.o(.ARM.Collect$$rtentry$$00000004)
    __rt_entry_li                            0x0800025b   Thumb Code     0  __rtentry2.o(.ARM.Collect$$rtentry$$0000000A)
    __rt_entry_postsh_1                      0x0800025b   Thumb Code     0  __rtentry2.o(.ARM.Collect$$rtentry$$00000009)
    __rt_entry_main                          0x0800025f   Thumb Code     0  __rtentry2.o(.ARM.Collect$$rtentry$$0000000D)
    __rt_entry_postli_1                      0x0800025f   Thumb Code     0  __rtentry2.o(.ARM.Collect$$rtentry$$0000000C)
    __rt_exit                                0x08000267   Thumb Code     0  rtexit.o(.ARM.Collect$$rtexit$$00000000)
    __rt_exit_ls                             0x08000269   Thumb Code     0  rtexit2.o(.ARM.Collect$$rtexit$$00000003)
    __rt_exit_prels_1                        0x08000269   Thumb Code     0  rtexit2.o(.ARM.Collect$$rtexit$$00000002)
    __rt_exit_exit                           0x0800026d   Thumb Code     0  rtexit2.o(.ARM.Collect$$rtexit$$00000004)
    Reset_Handler                            0x08000275   Thumb Code     8  startup_stm32f401xx.o(.text)
    ADC_IRQHandler                           0x0800028f   Thumb Code     0  startup_stm32f401xx.o(.text)
    DMA1_Stream0_IRQHandler                  0x0800028f   Thumb Code     0  startup_stm32f401xx.o(.text)
    DMA1_Stream1_IRQHandler                  0x0800028f   Thumb Code     0  startup_stm32f401xx.o(.text)
    DMA1_Stream2_IRQHandler                  0x0800028f   Thumb Code     0  startup_stm32f401xx.o(.text)
    DMA1_Stream3_IRQHandler                  0x0800028f   Thumb Code     0  startup_stm32f401xx.o(.text)
    DMA1_Stream4_IRQHandler                  0x0800028f   Thumb Code     0  startup_stm32f401xx.o(.text)
    DMA1_Stream5_IRQHandler                  0x0800028f   Thumb Code     0  startup_stm32f401xx.o(.text)
    DMA1_Stream6_IRQHandler                  0x0800028f   Thumb Code     0  startup_stm32f401xx.o(.text)
    DMA1_Stream7_IRQHandler                  0x0800028f   Thumb Code     0  startup_stm32f401xx.o(.text)
    DMA2_Stream0_IRQHandler                  0x0800028f   Thumb Code     0  startup_stm32f401xx.o(.text)
    DMA2_Stream1_IRQHandler                  0x0800028f   Thumb Code     0  startup_stm32f401xx.o(.text)
    DMA2_Stream2_IRQHandler                  0x0800028f   Thumb Code     0  startup_stm32f401xx.o(.text)
    DMA2_Stream3_IRQHandler                  0x0800028f   Thumb Code     0  startup_stm32f401xx.o(.text)
    DMA2_Stream4_IRQHandler                  0x0800028f   Thumb Code     0  startup_stm32f401xx.o(.text)
    DMA2_Stream5_IRQHandler                  0x0800028f   Thumb Code     0  startup_stm32f401xx.o(.text)
    DMA2_Stream6_IRQHandler                  0x0800028f   Thumb Code     0  startup_stm32f401xx.o(.text)
    DMA2_Stream7_IRQHandler                  0x0800028f   Thumb Code     0  startup_stm32f401xx.o(.text)
    EXTI0_IRQHandler                         0x0800028f   Thumb Code     0  startup_stm32f401xx.o(.text)
    EXTI15_10_IRQHandler                     0x0800028f   Thumb Code     0  startup_stm32f401xx.o(.text)
    EXTI1_IRQHandler                         0x0800028f   Thumb Code     0  startup_stm32f401xx.o(.text)
    EXTI2_IRQHandler                         0x0800028f   Thumb Code     0  startup_stm32f401xx.o(.text)
    EXTI3_IRQHandler                         0x0800028f   Thumb Code     0  startup_stm32f401xx.o(.text)
    EXTI4_IRQHandler                         0x0800028f   Thumb Code     0  startup_stm32f401xx.o(.text)
    EXTI9_5_IRQHandler                       0x0800028f   Thumb Code     0  startup_stm32f401xx.o(.text)
    FLASH_IRQHandler                         0x0800028f   Thumb Code     0  startup_stm32f401xx.o(.text)
    FPU_IRQHandler                           0x0800028f   Thumb Code     0  startup_stm32f401xx.o(.text)
    I2C1_ER_IRQHandler                       0x0800028f   Thumb Code     0  startup_stm32f401xx.o(.text)
    I2C1_EV_IRQHandler                       0x0800028f   Thumb Code     0  startup_stm32f401xx.o(.text)
    I2C2_ER_IRQHandler                       0x0800028f   Thumb Code     0  startup_stm32f401xx.o(.text)
    I2C2_EV_IRQHandler                       0x0800028f   Thumb Code     0  startup_stm32f401xx.o(.text)
    I2C3_ER_IRQHandler                       0x0800028f   Thumb Code     0  startup_stm32f401xx.o(.text)
    I2C3_EV_IRQHandler                       0x0800028f   Thumb Code     0  startup_stm32f401xx.o(.text)
    OTG_FS_IRQHandler                        0x0800028f   Thumb Code     0  startup_stm32f401xx.o(.text)
    OTG_FS_WKUP_IRQHandler                   0x0800028f   Thumb Code     0  startup_stm32f401xx.o(.text)
    PVD_IRQHandler                           0x0800028f   Thumb Code     0  startup_stm32f401xx.o(.text)
    RCC_IRQHandler                           0x0800028f   Thumb Code     0  startup_stm32f401xx.o(.text)
    RTC_Alarm_IRQHandler                     0x0800028f   Thumb Code     0  startup_stm32f401xx.o(.text)
    RTC_WKUP_IRQHandler                      0x0800028f   Thumb Code     0  startup_stm32f401xx.o(.text)
    SDIO_IRQHandler                          0x0800028f   Thumb Code     0  startup_stm32f401xx.o(.text)
    SPI1_IRQHandler                          0x0800028f   Thumb Code     0  startup_stm32f401xx.o(.text)
    SPI2_IRQHandler                          0x0800028f   Thumb Code     0  startup_stm32f401xx.o(.text)
    SPI3_IRQHandler                          0x0800028f   Thumb Code     0  startup_stm32f401xx.o(.text)
    SPI4_IRQHandler                          0x0800028f   Thumb Code     0  startup_stm32f401xx.o(.text)
    TAMP_STAMP_IRQHandler                    0x0800028f   Thumb Code     0  startup_stm32f401xx.o(.text)
    TIM1_BRK_TIM9_IRQHandler                 0x0800028f   Thumb Code     0  startup_stm32f401xx.o(.text)
    TIM1_CC_IRQHandler                       0x0800028f   Thumb Code     0  startup_stm32f401xx.o(.text)
    TIM1_TRG_COM_TIM11_IRQHandler            0x0800028f   Thumb Code     0  startup_stm32f401xx.o(.text)
    TIM1_UP_TIM10_IRQHandler                 0x0800028f   Thumb Code     0  startup_stm32f401xx.o(.text)
    TIM2_IRQHandler                          0x0800028f   Thumb Code     0  startup_stm32f401xx.o(.text)
    TIM3_IRQHandler                          0x0800028f   Thumb Code     0  startup_stm32f401xx.o(.text)
    TIM4_IRQHandler                          0x0800028f   Thumb Code     0  startup_stm32f401xx.o(.text)
    TIM5_IRQHandler                          0x0800028f   Thumb Code     0  startup_stm32f401xx.o(.text)
    USART1_IRQHandler                        0x0800028f   Thumb Code     0  startup_stm32f401xx.o(.text)
    USART2_IRQHandler                        0x0800028f   Thumb Code     0  startup_stm32f401xx.o(.text)
    USART6_IRQHandler                        0x0800028f   Thumb Code     0  startup_stm32f401xx.o(.text)
    WWDG_IRQHandler                          0x0800028f   Thumb Code     0  startup_stm32f401xx.o(.text)
    __user_initial_stackheap                 0x08000291   Thumb Code     0  startup_stm32f401xx.o(.text)
    OS_CPU_SR_Save                           0x080002b5   Thumb Code     0  os_cpu_a.o(.text)
    OS_CPU_SR_Restore                        0x080002bd   Thumb Code     0  os_cpu_a.o(.text)
    OSStartHighRdy                           0x080002c3   Thumb Code     0  os_cpu_a.o(.text)
    OSCtxSw                                  0x080002e5   Thumb Code     0  os_cpu_a.o(.text)
    OSIntCtxSw                               0x080002ef   Thumb Code     0  os_cpu_a.o(.text)
    OS_CPU_PendSVHandler                     0x080002f9   Thumb Code     0  os_cpu_a.o(.text)
    __use_two_region_memory                  0x0800035d   Thumb Code     2  heapauxi.o(.text)
    __rt_heap_escrow$2region                 0x0800035f   Thumb Code     2  heapauxi.o(.text)
    __rt_heap_expand$2region                 0x08000361   Thumb Code     2  heapauxi.o(.text)
    __read_errno                             0x08000363   Thumb Code    10  _rserrno.o(.text)
    __set_errno                              0x0800036d   Thumb Code    12  _rserrno.o(.text)
    __aeabi_errno_addr                       0x08000379   Thumb Code     8  rt_errno_addr_intlibspace.o(.text)
    __errno$intlibspace                      0x08000379   Thumb Code     0  rt_errno_addr_intlibspace.o(.text)
    __rt_errno_addr$intlibspace              0x08000379   Thumb Code     0  rt_errno_addr_intlibspace.o(.text)
    __user_libspace                          0x08000381   Thumb Code     8  libspace.o(.text)
    __user_perproc_libspace                  0x08000381   Thumb Code     0  libspace.o(.text)
    __user_perthread_libspace                0x08000381   Thumb Code     0  libspace.o(.text)
    __user_setup_stackheap                   0x08000389   Thumb Code    74  sys_stackheap_outer.o(.text)
    exit                                     0x080003d3   Thumb Code    18  exit.o(.text)
    _sys_exit                                0x080003e5   Thumb Code     8  sys_exit.o(.text)
    __I$use$semihosting                      0x080003f1   Thumb Code     0  use_no_semi.o(.text)
    __use_no_semihosting_swi                 0x080003f1   Thumb Code     2  use_no_semi.o(.text)
    AHRS_Time_Init                           0x080003f3   Thumb Code    60  tim.o(i.AHRS_Time_Init)
    __semihosting_library_function           0x080003f3   Thumb Code     0  indicate_semi.o(.text)
    ANO_DT_Send_Data                         0x08000431   Thumb Code    40  ano_dt.o(i.ANO_DT_Send_Data)
    ANO_DT_Send_Senser                       0x0800045d   Thumb Code   374  ano_dt.o(i.ANO_DT_Send_Senser)
    ANO_DT_Send_Status                       0x080005d9   Thumb Code   242  ano_dt.o(i.ANO_DT_Send_Status)
    BSP_Init                                 0x080006d5   Thumb Code    62  bsp.o(i.BSP_Init)
    BusFault_Handler                         0x08000713   Thumb Code     4  stm32f4xx_it.o(i.BusFault_Handler)
    CalibInit                                0x08000719   Thumb Code    12  imu.o(i.CalibInit)
    Calib_Status                             0x0800072d   Thumb Code    12  imu.o(i.Calib_Status)
    DELAY_Init                               0x08000741   Thumb Code    76  delay.o(i.DELAY_Init)
    DebugMon_Handler                         0x08000795   Thumb Code     2  stm32f4xx_it.o(i.DebugMon_Handler)
    GPIO_AF_Set                              0x08000797   Thumb Code    64  gpio.o(i.GPIO_AF_Set)
    GPIO_Init                                0x080007d7   Thumb Code   144  stm32f4xx_gpio.o(i.GPIO_Init)
    GPIO_PinAFConfig                         0x08000867   Thumb Code    70  stm32f4xx_gpio.o(i.GPIO_PinAFConfig)
    GPIO_Set                                 0x080008ad   Thumb Code   222  gpio.o(i.GPIO_Set)
    GY86_Read                                0x0800098d   Thumb Code   430  imu.o(i.GY86_Read)
    Get_AHRS_Time                            0x08000b5d   Thumb Code    50  imu.o(i.Get_AHRS_Time)
    Get_PID_Time                             0x08000b9d   Thumb Code    46  pid.o(i.Get_PID_Time)
    HMC5883L_Init                            0x08000bdd   Thumb Code    34  gy86.o(i.HMC5883L_Init)
    HardFault_Handler                        0x08000bff   Thumb Code     4  stm32f4xx_it.o(i.HardFault_Handler)
    I2C_AcknowledgeConfig                    0x08000c03   Thumb Code    24  stm32f4xx_i2c.o(i.I2C_AcknowledgeConfig)
    I2C_CheckEvent                           0x08000c1b   Thumb Code    42  stm32f4xx_i2c.o(i.I2C_CheckEvent)
    I2C_Cmd                                  0x08000c45   Thumb Code    24  stm32f4xx_i2c.o(i.I2C_Cmd)
    I2C_Configuration                        0x08000c5d   Thumb Code    66  iic.o(i.I2C_Configuration)
    I2C_GPIO_Init                            0x08000ca9   Thumb Code    78  iic.o(i.I2C_GPIO_Init)
    I2C_GenerateSTART                        0x08000cfd   Thumb Code    24  stm32f4xx_i2c.o(i.I2C_GenerateSTART)
    I2C_GenerateSTOP                         0x08000d15   Thumb Code    24  stm32f4xx_i2c.o(i.I2C_GenerateSTOP)
    I2C_GetFlagStatus                        0x08000d2d   Thumb Code    58  stm32f4xx_i2c.o(i.I2C_GetFlagStatus)
    I2C_Init                                 0x08000d69   Thumb Code   218  stm32f4xx_i2c.o(i.I2C_Init)
    I2C_READ_BUFFER                          0x08000e51   Thumb Code   218  iic.o(i.I2C_READ_BUFFER)
    I2C_READ_BYTE                            0x08000f39   Thumb Code   200  iic.o(i.I2C_READ_BYTE)
    I2C_ReceiveData                          0x0800100d   Thumb Code     8  stm32f4xx_i2c.o(i.I2C_ReceiveData)
    I2C_SAND_BYTE                            0x08001015   Thumb Code   112  iic.o(i.I2C_SAND_BYTE)
    I2C_Send7bitAddress                      0x08001091   Thumb Code    16  stm32f4xx_i2c.o(i.I2C_Send7bitAddress)
    I2C_SendData                             0x080010a1   Thumb Code     4  stm32f4xx_i2c.o(i.I2C_SendData)
    IMUupdate                                0x080010a5   Thumb Code  3154  imu.o(i.IMUupdate)
    Limit                                    0x08001cfd   Thumb Code    42  pid.o(i.Limit)
    MPU6050_Init                             0x08001d27   Thumb Code    92  gy86.o(i.MPU6050_Init)
    MPU6050_Offset                           0x08001d85   Thumb Code   372  imu.o(i.MPU6050_Offset)
    MemManage_Handler                        0x08001f31   Thumb Code     4  stm32f4xx_it.o(i.MemManage_Handler)
    Motor_Calc                               0x08001f35   Thumb Code   520  pid.o(i.Motor_Calc)
    Motor_Exp_Calc                           0x080021a1   Thumb Code   248  pid.o(i.Motor_Exp_Calc)
    NMI_Handler                              0x080022c1   Thumb Code     2  stm32f4xx_it.o(i.NMI_Handler)
    NVIC_Init                                0x080022c5   Thumb Code   106  misc.o(i.NVIC_Init)
    OSInit                                   0x0800233d   Thumb Code    32  os_core.o(i.OSInit)
    OSInitHookBegin                          0x0800235d   Thumb Code    34  os_cpu_c.o(i.OSInitHookBegin)
    OSInitHookEnd                            0x0800238d   Thumb Code     2  os_cpu_c.o(i.OSInitHookEnd)
    OSMutexCreate                            0x08002391   Thumb Code   148  os_mutex.o(i.OSMutexCreate)
    OSMutexPend                              0x08002435   Thumb Code   558  os_mutex.o(i.OSMutexPend)
    OSMutexPost                              0x0800267d   Thumb Code   194  os_mutex.o(i.OSMutexPost)
    OSStart                                  0x080027d1   Thumb Code    48  os_core.o(i.OSStart)
    OSTCBInitHook                            0x08002819   Thumb Code     2  os_cpu_c.o(i.OSTCBInitHook)
    OSTaskCreate                             0x0800281d   Thumb Code   148  os_task.o(i.OSTaskCreate)
    OSTaskCreateExt                          0x080028bd   Thumb Code   160  os_task.o(i.OSTaskCreateExt)
    OSTaskCreateHook                         0x08002969   Thumb Code     2  os_cpu_c.o(i.OSTaskCreateHook)
    OSTaskDel                                0x0800296d   Thumb Code   280  os_task.o(i.OSTaskDel)
    OSTaskDelHook                            0x08002ab1   Thumb Code     2  os_cpu_c.o(i.OSTaskDelHook)
    OSTaskIdleHook                           0x08002ab3   Thumb Code     2  os_cpu_c.o(i.OSTaskIdleHook)
    OSTaskNameSet                            0x08002ab5   Thumb Code    98  os_task.o(i.OSTaskNameSet)
    OSTaskReturnHook                         0x08002b25   Thumb Code     2  os_cpu_c.o(i.OSTaskReturnHook)
    OSTaskStkInit                            0x08002b29   Thumb Code   160  os_cpu_c.o(i.OSTaskStkInit)
    OSTaskSwHook                             0x08002bcd   Thumb Code     2  os_cpu_c.o(i.OSTaskSwHook)
    OSTimeDly                                0x08002bd1   Thumb Code   100  os_time.o(i.OSTimeDly)
    OS_Dummy                                 0x08002c49   Thumb Code     2  os_core.o(i.OS_Dummy)
    OS_EventTaskRdy                          0x08002c4d   Thumb Code   114  os_core.o(i.OS_EventTaskRdy)
    OS_EventTaskRemove                       0x08002cd1   Thumb Code    42  os_core.o(i.OS_EventTaskRemove)
    OS_EventTaskWait                         0x08002cfd   Thumb Code   112  os_core.o(i.OS_EventTaskWait)
    OS_EventWaitListInit                     0x08002d79   Thumb Code    28  os_core.o(i.OS_EventWaitListInit)
    OS_MemClr                                0x08002f41   Thumb Code    18  os_core.o(i.OS_MemClr)
    OS_Sched                                 0x08002f55   Thumb Code    88  os_core.o(i.OS_Sched)
    OS_TCBInit                               0x08002ff5   Thumb Code   282  os_core.o(i.OS_TCBInit)
    OS_TaskIdle                              0x0800312d   Thumb Code    34  os_core.o(i.OS_TaskIdle)
    OS_TaskReturn                            0x08003155   Thumb Code    18  os_task.o(i.OS_TaskReturn)
    PID_Calc                                 0x0800316d   Thumb Code   488  pid.o(i.PID_Calc)
    PID_Init                                 0x08003375   Thumb Code   162  pid.o(i.PID_Init)
    PID_Time_Init                            0x0800346d   Thumb Code    56  pid.o(i.PID_Time_Init)
    PWM_IN_Init                              0x080034a9   Thumb Code   534  pwm.o(i.PWM_IN_Init)
    PWM_OUT                                  0x080036d1   Thumb Code   102  pwm.o(i.PWM_OUT)
    PWM_OUT_Init                             0x0800374d   Thumb Code   454  pwm.o(i.PWM_OUT_Init)
    PendSV_Handler                           0x0800391d   Thumb Code     2  stm32f4xx_it.o(i.PendSV_Handler)
    RCC_AHB1PeriphClockCmd                   0x08003921   Thumb Code    26  stm32f4xx_rcc.o(i.RCC_AHB1PeriphClockCmd)
    RCC_APB1PeriphClockCmd                   0x08003941   Thumb Code    26  stm32f4xx_rcc.o(i.RCC_APB1PeriphClockCmd)
    RCC_APB1PeriphResetCmd                   0x08003961   Thumb Code    26  stm32f4xx_rcc.o(i.RCC_APB1PeriphResetCmd)
    RCC_APB2PeriphClockCmd                   0x08003981   Thumb Code    26  stm32f4xx_rcc.o(i.RCC_APB2PeriphClockCmd)
    RCC_APB2PeriphResetCmd                   0x080039a1   Thumb Code    26  stm32f4xx_rcc.o(i.RCC_APB2PeriphResetCmd)
    RCC_GetClocksFreq                        0x080039c1   Thumb Code   214  stm32f4xx_rcc.o(i.RCC_GetClocksFreq)
    SVC_Handler                              0x08003aa9   Thumb Code     2  stm32f4xx_it.o(i.SVC_Handler)
    SysTick_CLKSourceConfig                  0x08003b99   Thumb Code    40  misc.o(i.SysTick_CLKSourceConfig)
    SysTick_Handler                          0x08003bc1   Thumb Code     2  stm32f4xx_it.o(i.SysTick_Handler)
    SysTick_Init                             0x08003bc5   Thumb Code    86  bsp.o(i.SysTick_Init)
    SystemInit                               0x08003c25   Thumb Code    88  system_stm32f4xx.o(i.SystemInit)
    TIM_Cmd                                  0x08003daf   Thumb Code    24  stm32f4xx_tim.o(i.TIM_Cmd)
    TIM_DeInit                               0x08003dc9   Thumb Code   346  stm32f4xx_tim.o(i.TIM_DeInit)
    TIM_ICInit                               0x08003f59   Thumb Code   110  stm32f4xx_tim.o(i.TIM_ICInit)
    TIM_ITConfig                             0x08003fc7   Thumb Code    18  stm32f4xx_tim.o(i.TIM_ITConfig)
    TIM_SetIC1Prescaler                      0x08003fd9   Thumb Code    18  stm32f4xx_tim.o(i.TIM_SetIC1Prescaler)
    TIM_SetIC2Prescaler                      0x08003feb   Thumb Code    26  stm32f4xx_tim.o(i.TIM_SetIC2Prescaler)
    TIM_SetIC3Prescaler                      0x08004005   Thumb Code    18  stm32f4xx_tim.o(i.TIM_SetIC3Prescaler)
    TIM_SetIC4Prescaler                      0x08004017   Thumb Code    26  stm32f4xx_tim.o(i.TIM_SetIC4Prescaler)
    TIM_TimeBaseInit                         0x08004031   Thumb Code   104  stm32f4xx_tim.o(i.TIM_TimeBaseInit)
    USART6_Init                              0x08004281   Thumb Code   124  usart.o(i.USART6_Init)
    USART_Cmd                                0x08004305   Thumb Code    24  stm32f4xx_usart.o(i.USART_Cmd)
    USART_GetFlagStatus                      0x0800431d   Thumb Code    26  stm32f4xx_usart.o(i.USART_GetFlagStatus)
    USART_Init                               0x08004339   Thumb Code   204  stm32f4xx_usart.o(i.USART_Init)
    USART_SendData                           0x0800440d   Thumb Code     8  stm32f4xx_usart.o(i.USART_SendData)
    UsageFault_Handler                       0x08004415   Thumb Code     4  stm32f4xx_it.o(i.UsageFault_Handler)
    __ARM_fpclassify                         0x08004419   Thumb Code    48  fpclassify.o(i.__ARM_fpclassify)
    __hardfp_asin                            0x08004449   Thumb Code   770  asin.o(i.__hardfp_asin)
    __hardfp_atan                            0x080047a9   Thumb Code   622  atan.o(i.__hardfp_atan)
    __hardfp_atan2                           0x08004a81   Thumb Code   432  atan2.o(i.__hardfp_atan2)
    __hardfp_sqrt                            0x08004c71   Thumb Code   122  sqrt.o(i.__hardfp_sqrt)
    __kernel_poly                            0x08004ceb   Thumb Code   248  poly.o(i.__kernel_poly)
    __mathlib_dbl_infnan                     0x08004de3   Thumb Code    20  dunder.o(i.__mathlib_dbl_infnan)
    __mathlib_dbl_infnan2                    0x08004df7   Thumb Code    20  dunder.o(i.__mathlib_dbl_infnan2)
    __mathlib_dbl_invalid                    0x08004e11   Thumb Code    24  dunder.o(i.__mathlib_dbl_invalid)
    __mathlib_dbl_underflow                  0x08004e31   Thumb Code    24  dunder.o(i.__mathlib_dbl_underflow)
    atan                                     0x08004e51   Thumb Code    16  atan.o(i.atan)
    fabs                                     0x08004e61   Thumb Code    24  fabs.o(i.fabs)
    main                                     0x08004e79   Thumb Code    26  main.o(i.main)
    sqrt                                     0x08004e9d   Thumb Code   110  sqrt.o(i.sqrt)
    __aeabi_dneg                             0x08004f0b   Thumb Code     0  basic.o(x$fpl$basic)
    _dneg                                    0x08004f0b   Thumb Code     6  basic.o(x$fpl$basic)
    __aeabi_fneg                             0x08004f11   Thumb Code     0  basic.o(x$fpl$basic)
    _fneg                                    0x08004f11   Thumb Code     6  basic.o(x$fpl$basic)
    _dabs                                    0x08004f17   Thumb Code     6  basic.o(x$fpl$basic)
    _fabs                                    0x08004f1d   Thumb Code     6  basic.o(x$fpl$basic)
    __aeabi_d2f                              0x08004f25   Thumb Code     0  d2f.o(x$fpl$d2f)
    _d2f                                     0x08004f25   Thumb Code    98  d2f.o(x$fpl$d2f)
    __aeabi_dadd                             0x08004f89   Thumb Code     0  daddsub_clz.o(x$fpl$dadd)
    _dadd                                    0x08004f89   Thumb Code   332  daddsub_clz.o(x$fpl$dadd)
    __aeabi_ddiv                             0x080050d9   Thumb Code     0  ddiv.o(x$fpl$ddiv)
    _ddiv                                    0x080050d9   Thumb Code   552  ddiv.o(x$fpl$ddiv)
    __aeabi_dmul                             0x08005389   Thumb Code     0  dmul.o(x$fpl$dmul)
    _dmul                                    0x08005389   Thumb Code   332  dmul.o(x$fpl$dmul)
    __fpl_dnaninf                            0x080054dd   Thumb Code   156  dnaninf.o(x$fpl$dnaninf)
    __fpl_dretinf                            0x08005579   Thumb Code    12  dretinf.o(x$fpl$dretinf)
    __aeabi_drsub                            0x08005585   Thumb Code     0  daddsub_clz.o(x$fpl$drsb)
    _drsb                                    0x08005585   Thumb Code    22  daddsub_clz.o(x$fpl$drsb)
    _dsqrt                                   0x0800559d   Thumb Code   404  dsqrt_umaal.o(x$fpl$dsqrt)
    __aeabi_dsub                             0x08005735   Thumb Code     0  daddsub_clz.o(x$fpl$dsub)
    _dsub                                    0x08005735   Thumb Code   464  daddsub_clz.o(x$fpl$dsub)
    __aeabi_f2d                              0x08005909   Thumb Code     0  f2d.o(x$fpl$f2d)
    _f2d                                     0x08005909   Thumb Code    86  f2d.o(x$fpl$f2d)
    __fpl_fnaninf                            0x0800595f   Thumb Code   140  fnaninf.o(x$fpl$fnaninf)
    _fp_init                                 0x080059eb   Thumb Code    10  fpinit.o(x$fpl$fpinit)
    __fplib_config_fpu_vfp                   0x080059f3   Thumb Code     0  fpinit.o(x$fpl$fpinit)
    __fplib_config_pureend_doubles           0x080059f3   Thumb Code     0  fpinit.o(x$fpl$fpinit)
    __fpl_fretinf                            0x080059f5   Thumb Code    10  fretinf.o(x$fpl$fretinf)
    OSUnMapTbl                               0x080059fe   Data         256  os_core.o(.constdata)
    __I$use$fp                               0x080059fe   Number         0  usenofp.o(x$fpl$usenofp)
    __mathlib_zero                           0x08005be8   Data           8  qnan.o(.constdata)
    Region$$Table$$Base                      0x08005bf0   Number         0  anon$$obj.o(Region$$Table)
    Region$$Table$$Limit                     0x08005c10   Number         0  anon$$obj.o(Region$$Table)
    gyroOffset                               0x20000000   Data           1  main.o(.data)
    accOffset                                0x20000001   Data           1  main.o(.data)
    pressOffset                              0x20000002   Data           1  main.o(.data)
    acc                                      0x20000004   Data           6  main.o(.data)
    offsetAcc                                0x2000000a   Data           6  main.o(.data)
    gyro                                     0x20000010   Data           6  main.o(.data)
    offsetGyro                               0x20000016   Data           6  main.o(.data)
    mag                                      0x2000001c   Data           6  main.o(.data)
    pressure                                 0x20000024   Data           4  main.o(.data)
    offsetPress                              0x20000028   Data           4  main.o(.data)
    Temperature                              0x2000002c   Data           4  main.o(.data)
    K_PRESS_TO_HIGH                          0x20000030   Data           4  main.o(.data)
    height                                   0x20000034   Data           4  main.o(.data)
    velocity                                 0x20000038   Data           4  main.o(.data)
    acceleration_z                           0x2000003c   Data           4  main.o(.data)
    pidT                                     0x20000040   Data           4  main.o(.data)
    expRoll                                  0x20000044   Data           4  main.o(.data)
    expPitch                                 0x20000048   Data           4  main.o(.data)
    expYaw                                   0x2000004c   Data           4  main.o(.data)
    expMode                                  0x20000050   Data           4  main.o(.data)
    expHeight                                0x20000054   Data           4  main.o(.data)
    flyMode                                  0x20000058   Data           1  main.o(.data)
    pidRoll                                  0x2000005c   Data           4  main.o(.data)
    pidPitch                                 0x20000060   Data           4  main.o(.data)
    pidYaw                                   0x20000064   Data           4  main.o(.data)
    pidThr                                   0x20000068   Data           4  main.o(.data)
    PWM_IN_CH                                0x2000006c   Data           8  main.o(.data)
    motor1                                   0x20000074   Data           4  main.o(.data)
    motor2                                   0x20000078   Data           4  main.o(.data)
    motor3                                   0x2000007c   Data           4  main.o(.data)
    motor4                                   0x20000080   Data           4  main.o(.data)
    IICMutex                                 0x20000084   Data           4  main.o(.data)
    Kp                                       0x2000008c   Data           4  imu.o(.data)
    Ki                                       0x20000090   Data           4  imu.o(.data)
    halfT                                    0x20000094   Data           4  imu.o(.data)
    q0                                       0x20000098   Data           4  imu.o(.data)
    q1                                       0x2000009c   Data           4  imu.o(.data)
    q2                                       0x200000a0   Data           4  imu.o(.data)
    q3                                       0x200000a4   Data           4  imu.o(.data)
    exInt                                    0x200000a8   Data           4  imu.o(.data)
    eyInt                                    0x200000ac   Data           4  imu.o(.data)
    ezInt                                    0x200000b0   Data           4  imu.o(.data)
    rollShellKp                              0x200000d8   Data           4  pid.o(.data)
    rollCoreKp                               0x200000dc   Data           4  pid.o(.data)
    rollCoreTi                               0x200000e0   Data           4  pid.o(.data)
    rollCoreTd                               0x200000e4   Data           4  pid.o(.data)
    pitchShellKp                             0x200000e8   Data           4  pid.o(.data)
    pitchCoreKp                              0x200000ec   Data           4  pid.o(.data)
    pitchCoreTi                              0x200000f0   Data           4  pid.o(.data)
    pitchCoreTd                              0x200000f4   Data           4  pid.o(.data)
    yawCoreKp                                0x200000f8   Data           4  pid.o(.data)
    yawCoreTd                                0x200000fc   Data           4  pid.o(.data)
    thrShellKp                               0x20000100   Data           4  pid.o(.data)
    thrShellTd                               0x20000104   Data           4  pid.o(.data)
    OSCtxSwCtr                               0x2000011c   Data           4  os_core.o(.data)
    OSEventFreeList                          0x20000120   Data           4  os_core.o(.data)
    OSIntNesting                             0x20000124   Data           1  os_core.o(.data)
    OSLockNesting                            0x20000125   Data           1  os_core.o(.data)
    OSPrioCur                                0x20000126   Data           1  os_core.o(.data)
    OSPrioHighRdy                            0x20000127   Data           1  os_core.o(.data)
    OSRdyGrp                                 0x20000128   Data           1  os_core.o(.data)
    OSRdyTbl                                 0x20000129   Data           8  os_core.o(.data)
    OSRunning                                0x20000131   Data           1  os_core.o(.data)
    OSTaskCtr                                0x20000132   Data           1  os_core.o(.data)
    OSIdleCtr                                0x20000134   Data           4  os_core.o(.data)
    OSTCBCur                                 0x20000138   Data           4  os_core.o(.data)
    OSTCBFreeList                            0x2000013c   Data           4  os_core.o(.data)
    OSTCBHighRdy                             0x20000140   Data           4  os_core.o(.data)
    OSTCBList                                0x20000144   Data           4  os_core.o(.data)
    OSTickStepState                          0x20000148   Data           1  os_core.o(.data)
    OSTaskRegNextAvailID                     0x20000149   Data           1  os_core.o(.data)
    OSTime                                   0x2000014c   Data           4  os_core.o(.data)
    OS_CPU_ExceptStkBase                     0x20000150   Data           4  os_cpu_c.o(.data)
    fGyro                                    0x20000154   Data          12  main.o(.bss)
    angle                                    0x20000160   Data          12  main.o(.bss)
    rollCore                                 0x2000016c   Data          28  main.o(.bss)
    rollShell                                0x20000188   Data          28  main.o(.bss)
    pitchCore                                0x200001a4   Data          28  main.o(.bss)
    pitchShell                               0x200001c0   Data          28  main.o(.bss)
    yawCore                                  0x200001dc   Data          28  main.o(.bss)
    thrShell                                 0x200001f8   Data          28  main.o(.bss)
    sendBuf                                  0x20000214   Data          50  main.o(.bss)
    f                                        0x20002a48   Data          13  ano_dt.o(.bss)
    data_to_send                             0x20002a55   Data          50  ano_dt.o(.bss)
    OSEventTbl                               0x20002a88   Data         240  os_core.o(.bss)
    OSTaskIdleStk                            0x20002b78   Data         512  os_core.o(.bss)
    OSTCBPrioTbl                             0x20002d78   Data         256  os_core.o(.bss)
    OSTCBTbl                                 0x20002e78   Data        1512  os_core.o(.bss)
    OS_CPU_ExceptStk                         0x20003460   Data         512  os_cpu_c.o(.bss)
    __libspace_start                         0x20003660   Data          96  libspace.o(.bss)
    __temporary_stack_top$libspace           0x200036c0   Data           0  libspace.o(.bss)



==============================================================================

Memory Map of the image

  Image Entry point : 0x08000195

  Load Region LR_IROM1 (Base: 0x08000000, Size: 0x00005d64, Max: 0x00080000, ABSOLUTE, COMPRESSED[0x00005c44])

    Execution Region ER_IROM1 (Exec base: 0x08000000, Load base: 0x08000000, Size: 0x00005c10, Max: 0x00080000, ABSOLUTE)

    Exec Addr    Load Addr    Size         Type   Attr      Idx    E Section Name        Object

    0x08000000   0x08000000   0x00000194   Data   RO          263    RESET               startup_stm32f401xx.o
    0x08000194   0x08000194   0x00000008   Code   RO         5973  * !!!main             c_w.l(__main.o)
    0x0800019c   0x0800019c   0x00000034   Code   RO         6249    !!!scatter          c_w.l(__scatter.o)
    0x080001d0   0x080001d0   0x0000005a   Code   RO         6247    !!dczerorl2         c_w.l(__dczerorl2.o)
    0x0800022a   0x0800022a   0x00000002   PAD
    0x0800022c   0x0800022c   0x0000001c   Code   RO         6251    !!handler_zi        c_w.l(__scatter_zi.o)
    0x08000248   0x08000248   0x00000002   Code   RO         6120    .ARM.Collect$$libinit$$00000000  c_w.l(libinit.o)
    0x0800024a   0x0800024a   0x00000004   Code   RO         6123    .ARM.Collect$$libinit$$00000001  c_w.l(libinit2.o)
    0x0800024e   0x0800024e   0x00000000   Code   RO         6126    .ARM.Collect$$libinit$$00000004  c_w.l(libinit2.o)
    0x0800024e   0x0800024e   0x00000000   Code   RO         6129    .ARM.Collect$$libinit$$0000000A  c_w.l(libinit2.o)
    0x0800024e   0x0800024e   0x00000000   Code   RO         6131    .ARM.Collect$$libinit$$0000000C  c_w.l(libinit2.o)
    0x0800024e   0x0800024e   0x00000000   Code   RO         6133    .ARM.Collect$$libinit$$0000000E  c_w.l(libinit2.o)
    0x0800024e   0x0800024e   0x00000000   Code   RO         6136    .ARM.Collect$$libinit$$00000011  c_w.l(libinit2.o)
    0x0800024e   0x0800024e   0x00000000   Code   RO         6138    .ARM.Collect$$libinit$$00000013  c_w.l(libinit2.o)
    0x0800024e   0x0800024e   0x00000000   Code   RO         6140    .ARM.Collect$$libinit$$00000015  c_w.l(libinit2.o)
    0x0800024e   0x0800024e   0x00000000   Code   RO         6142    .ARM.Collect$$libinit$$00000017  c_w.l(libinit2.o)
    0x0800024e   0x0800024e   0x00000000   Code   RO         6144    .ARM.Collect$$libinit$$00000019  c_w.l(libinit2.o)
    0x0800024e   0x0800024e   0x00000000   Code   RO         6146    .ARM.Collect$$libinit$$0000001B  c_w.l(libinit2.o)
    0x0800024e   0x0800024e   0x00000000   Code   RO         6148    .ARM.Collect$$libinit$$0000001D  c_w.l(libinit2.o)
    0x0800024e   0x0800024e   0x00000000   Code   RO         6150    .ARM.Collect$$libinit$$0000001F  c_w.l(libinit2.o)
    0x0800024e   0x0800024e   0x00000000   Code   RO         6152    .ARM.Collect$$libinit$$00000021  c_w.l(libinit2.o)
    0x0800024e   0x0800024e   0x00000000   Code   RO         6154    .ARM.Collect$$libinit$$00000023  c_w.l(libinit2.o)
    0x0800024e   0x0800024e   0x00000000   Code   RO         6156    .ARM.Collect$$libinit$$00000025  c_w.l(libinit2.o)
    0x0800024e   0x0800024e   0x00000000   Code   RO         6160    .ARM.Collect$$libinit$$0000002C  c_w.l(libinit2.o)
    0x0800024e   0x0800024e   0x00000000   Code   RO         6162    .ARM.Collect$$libinit$$0000002E  c_w.l(libinit2.o)
    0x0800024e   0x0800024e   0x00000000   Code   RO         6164    .ARM.Collect$$libinit$$00000030  c_w.l(libinit2.o)
    0x0800024e   0x0800024e   0x00000000   Code   RO         6166    .ARM.Collect$$libinit$$00000032  c_w.l(libinit2.o)
    0x0800024e   0x0800024e   0x00000002   Code   RO         6167    .ARM.Collect$$libinit$$00000033  c_w.l(libinit2.o)
    0x08000250   0x08000250   0x00000002   Code   RO         6187    .ARM.Collect$$libshutdown$$00000000  c_w.l(libshutdown.o)
    0x08000252   0x08000252   0x00000000   Code   RO         6200    .ARM.Collect$$libshutdown$$00000002  c_w.l(libshutdown2.o)
    0x08000252   0x08000252   0x00000000   Code   RO         6202    .ARM.Collect$$libshutdown$$00000004  c_w.l(libshutdown2.o)
    0x08000252   0x08000252   0x00000000   Code   RO         6205    .ARM.Collect$$libshutdown$$00000007  c_w.l(libshutdown2.o)
    0x08000252   0x08000252   0x00000000   Code   RO         6208    .ARM.Collect$$libshutdown$$0000000A  c_w.l(libshutdown2.o)
    0x08000252   0x08000252   0x00000000   Code   RO         6210    .ARM.Collect$$libshutdown$$0000000C  c_w.l(libshutdown2.o)
    0x08000252   0x08000252   0x00000000   Code   RO         6213    .ARM.Collect$$libshutdown$$0000000F  c_w.l(libshutdown2.o)
    0x08000252   0x08000252   0x00000002   Code   RO         6214    .ARM.Collect$$libshutdown$$00000010  c_w.l(libshutdown2.o)
    0x08000254   0x08000254   0x00000000   Code   RO         6025    .ARM.Collect$$rtentry$$00000000  c_w.l(__rtentry.o)
    0x08000254   0x08000254   0x00000000   Code   RO         6087    .ARM.Collect$$rtentry$$00000002  c_w.l(__rtentry2.o)
    0x08000254   0x08000254   0x00000006   Code   RO         6099    .ARM.Collect$$rtentry$$00000004  c_w.l(__rtentry4.o)
    0x0800025a   0x0800025a   0x00000000   Code   RO         6089    .ARM.Collect$$rtentry$$00000009  c_w.l(__rtentry2.o)
    0x0800025a   0x0800025a   0x00000004   Code   RO         6090    .ARM.Collect$$rtentry$$0000000A  c_w.l(__rtentry2.o)
    0x0800025e   0x0800025e   0x00000000   Code   RO         6092    .ARM.Collect$$rtentry$$0000000C  c_w.l(__rtentry2.o)
    0x0800025e   0x0800025e   0x00000008   Code   RO         6093    .ARM.Collect$$rtentry$$0000000D  c_w.l(__rtentry2.o)
    0x08000266   0x08000266   0x00000002   Code   RO         6121    .ARM.Collect$$rtexit$$00000000  c_w.l(rtexit.o)
    0x08000268   0x08000268   0x00000000   Code   RO         6169    .ARM.Collect$$rtexit$$00000002  c_w.l(rtexit2.o)
    0x08000268   0x08000268   0x00000004   Code   RO         6170    .ARM.Collect$$rtexit$$00000003  c_w.l(rtexit2.o)
    0x0800026c   0x0800026c   0x00000006   Code   RO         6171    .ARM.Collect$$rtexit$$00000004  c_w.l(rtexit2.o)
    0x08000272   0x08000272   0x00000002   PAD
    0x08000274   0x08000274   0x00000040   Code   RO          264    .text               startup_stm32f401xx.o
    0x080002b4   0x080002b4   0x000000a8   Code   RO         5966    .text               os_cpu_a.o
    0x0800035c   0x0800035c   0x00000006   Code   RO         5971    .text               c_w.l(heapauxi.o)
    0x08000362   0x08000362   0x00000016   Code   RO         6026    .text               c_w.l(_rserrno.o)
    0x08000378   0x08000378   0x00000008   Code   RO         6104    .text               c_w.l(rt_errno_addr_intlibspace.o)
    0x08000380   0x08000380   0x00000008   Code   RO         6108    .text               c_w.l(libspace.o)
    0x08000388   0x08000388   0x0000004a   Code   RO         6111    .text               c_w.l(sys_stackheap_outer.o)
    0x080003d2   0x080003d2   0x00000012   Code   RO         6113    .text               c_w.l(exit.o)
    0x080003e4   0x080003e4   0x0000000c   Code   RO         6179    .text               c_w.l(sys_exit.o)
    0x080003f0   0x080003f0   0x00000002   Code   RO         6190    .text               c_w.l(use_no_semi.o)
    0x080003f2   0x080003f2   0x00000000   Code   RO         6192    .text               c_w.l(indicate_semi.o)
    0x080003f2   0x080003f2   0x0000003c   Code   RO          661    i.AHRS_Time_Init    tim.o
    0x0800042e   0x0800042e   0x00000002   PAD
    0x08000430   0x08000430   0x0000002c   Code   RO          702    i.ANO_DT_Send_Data  ano_dt.o
    0x0800045c   0x0800045c   0x0000017c   Code   RO          707    i.ANO_DT_Send_Senser  ano_dt.o
    0x080005d8   0x080005d8   0x000000fc   Code   RO          708    i.ANO_DT_Send_Status  ano_dt.o
    0x080006d4   0x080006d4   0x0000003e   Code   RO          270    i.BSP_Init          bsp.o
    0x08000712   0x08000712   0x00000004   Code   RO          155    i.BusFault_Handler  stm32f4xx_it.o
    0x08000716   0x08000716   0x00000002   PAD
    0x08000718   0x08000718   0x00000014   Code   RO          455    i.CalibInit         imu.o
    0x0800072c   0x0800072c   0x00000014   Code   RO          456    i.Calib_Status      imu.o
    0x08000740   0x08000740   0x00000054   Code   RO          303    i.DELAY_Init        delay.o
    0x08000794   0x08000794   0x00000002   Code   RO          156    i.DebugMon_Handler  stm32f4xx_it.o
    0x08000796   0x08000796   0x00000040   Code   RO          340    i.GPIO_AF_Set       gpio.o
    0x080007d6   0x080007d6   0x00000090   Code   RO         2370    i.GPIO_Init         stm32f4xx_gpio.o
    0x08000866   0x08000866   0x00000046   Code   RO         2371    i.GPIO_PinAFConfig  stm32f4xx_gpio.o
    0x080008ac   0x080008ac   0x000000de   Code   RO          341    i.GPIO_Set          gpio.o
    0x0800098a   0x0800098a   0x00000002   PAD
    0x0800098c   0x0800098c   0x000001d0   Code   RO          457    i.GY86_Read         imu.o
    0x08000b5c   0x08000b5c   0x00000040   Code   RO          458    i.Get_AHRS_Time     imu.o
    0x08000b9c   0x08000b9c   0x00000040   Code   RO          552    i.Get_PID_Time      pid.o
    0x08000bdc   0x08000bdc   0x00000022   Code   RO          368    i.HMC5883L_Init     gy86.o
    0x08000bfe   0x08000bfe   0x00000004   Code   RO          157    i.HardFault_Handler  stm32f4xx_it.o
    0x08000c02   0x08000c02   0x00000018   Code   RO         2648    i.I2C_AcknowledgeConfig  stm32f4xx_i2c.o
    0x08000c1a   0x08000c1a   0x0000002a   Code   RO         2651    i.I2C_CheckEvent    stm32f4xx_i2c.o
    0x08000c44   0x08000c44   0x00000018   Code   RO         2654    i.I2C_Cmd           stm32f4xx_i2c.o
    0x08000c5c   0x08000c5c   0x0000004c   Code   RO          404    i.I2C_Configuration  iic.o
    0x08000ca8   0x08000ca8   0x00000054   Code   RO          405    i.I2C_GPIO_Init     iic.o
    0x08000cfc   0x08000cfc   0x00000018   Code   RO         2662    i.I2C_GenerateSTART  stm32f4xx_i2c.o
    0x08000d14   0x08000d14   0x00000018   Code   RO         2663    i.I2C_GenerateSTOP  stm32f4xx_i2c.o
    0x08000d2c   0x08000d2c   0x0000003a   Code   RO         2664    i.I2C_GetFlagStatus  stm32f4xx_i2c.o
    0x08000d66   0x08000d66   0x00000002   PAD
    0x08000d68   0x08000d68   0x000000e8   Code   RO         2669    i.I2C_Init          stm32f4xx_i2c.o
    0x08000e50   0x08000e50   0x000000e8   Code   RO          406    i.I2C_READ_BUFFER   iic.o
    0x08000f38   0x08000f38   0x000000d4   Code   RO          407    i.I2C_READ_BYTE     iic.o
    0x0800100c   0x0800100c   0x00000008   Code   RO         2674    i.I2C_ReceiveData   stm32f4xx_i2c.o
    0x08001014   0x08001014   0x0000007c   Code   RO          409    i.I2C_SAND_BYTE     iic.o
    0x08001090   0x08001090   0x00000010   Code   RO         2676    i.I2C_Send7bitAddress  stm32f4xx_i2c.o
    0x080010a0   0x080010a0   0x00000004   Code   RO         2677    i.I2C_SendData      stm32f4xx_i2c.o
    0x080010a4   0x080010a4   0x00000c58   Code   RO          459    i.IMUupdate         imu.o
    0x08001cfc   0x08001cfc   0x0000002a   Code   RO          554    i.Limit             pid.o
    0x08001d26   0x08001d26   0x0000005c   Code   RO          369    i.MPU6050_Init      gy86.o
    0x08001d82   0x08001d82   0x00000002   PAD
    0x08001d84   0x08001d84   0x000001ac   Code   RO          460    i.MPU6050_Offset    imu.o
    0x08001f30   0x08001f30   0x00000004   Code   RO          158    i.MemManage_Handler  stm32f4xx_it.o
    0x08001f34   0x08001f34   0x0000026c   Code   RO          555    i.Motor_Calc        pid.o
    0x080021a0   0x080021a0   0x00000120   Code   RO          556    i.Motor_Exp_Calc    pid.o
    0x080022c0   0x080022c0   0x00000002   Code   RO          159    i.NMI_Handler       stm32f4xx_it.o
    0x080022c2   0x080022c2   0x00000002   PAD
    0x080022c4   0x080022c4   0x00000078   Code   RO          774    i.NVIC_Init         misc.o
    0x0800233c   0x0800233c   0x00000020   Code   RO         5403    i.OSInit            os_core.o
    0x0800235c   0x0800235c   0x00000030   Code   RO         5860    i.OSInitHookBegin   os_cpu_c.o
    0x0800238c   0x0800238c   0x00000002   Code   RO         5861    i.OSInitHookEnd     os_cpu_c.o
    0x0800238e   0x0800238e   0x00000002   PAD
    0x08002390   0x08002390   0x000000a4   Code   RO         5622    i.OSMutexCreate     os_mutex.o
    0x08002434   0x08002434   0x00000248   Code   RO         5624    i.OSMutexPend       os_mutex.o
    0x0800267c   0x0800267c   0x000000d0   Code   RO         5625    i.OSMutexPost       os_mutex.o
    0x0800274c   0x0800274c   0x00000084   Code   RO         5627    i.OSMutex_RdyAtPrio  os_mutex.o
    0x080027d0   0x080027d0   0x00000048   Code   RO         5408    i.OSStart           os_core.o
    0x08002818   0x08002818   0x00000002   Code   RO         5862    i.OSTCBInitHook     os_cpu_c.o
    0x0800281a   0x0800281a   0x00000002   PAD
    0x0800281c   0x0800281c   0x000000a0   Code   RO         5705    i.OSTaskCreate      os_task.o
    0x080028bc   0x080028bc   0x000000ac   Code   RO         5706    i.OSTaskCreateExt   os_task.o
    0x08002968   0x08002968   0x00000002   Code   RO         5863    i.OSTaskCreateHook  os_cpu_c.o
    0x0800296a   0x0800296a   0x00000002   PAD
    0x0800296c   0x0800296c   0x00000144   Code   RO         5707    i.OSTaskDel         os_task.o
    0x08002ab0   0x08002ab0   0x00000002   Code   RO         5864    i.OSTaskDelHook     os_cpu_c.o
    0x08002ab2   0x08002ab2   0x00000002   Code   RO         5865    i.OSTaskIdleHook    os_cpu_c.o
    0x08002ab4   0x08002ab4   0x00000070   Code   RO         5710    i.OSTaskNameSet     os_task.o
    0x08002b24   0x08002b24   0x00000002   Code   RO         5866    i.OSTaskReturnHook  os_cpu_c.o
    0x08002b26   0x08002b26   0x00000002   PAD
    0x08002b28   0x08002b28   0x000000a4   Code   RO         5868    i.OSTaskStkInit     os_cpu_c.o
    0x08002bcc   0x08002bcc   0x00000002   Code   RO         5869    i.OSTaskSwHook      os_cpu_c.o
    0x08002bce   0x08002bce   0x00000002   PAD
    0x08002bd0   0x08002bd0   0x00000078   Code   RO         5802    i.OSTimeDly         os_time.o
    0x08002c48   0x08002c48   0x00000002   Code   RO         5411    i.OS_Dummy          os_core.o
    0x08002c4a   0x08002c4a   0x00000002   PAD
    0x08002c4c   0x08002c4c   0x00000084   Code   RO         5412    i.OS_EventTaskRdy   os_core.o
    0x08002cd0   0x08002cd0   0x0000002a   Code   RO         5413    i.OS_EventTaskRemove  os_core.o
    0x08002cfa   0x08002cfa   0x00000002   PAD
    0x08002cfc   0x08002cfc   0x0000007c   Code   RO         5414    i.OS_EventTaskWait  os_core.o
    0x08002d78   0x08002d78   0x0000001c   Code   RO         5415    i.OS_EventWaitListInit  os_core.o
    0x08002d94   0x08002d94   0x00000060   Code   RO         5416    i.OS_InitEventList  os_core.o
    0x08002df4   0x08002df4   0x00000044   Code   RO         5417    i.OS_InitMisc       os_core.o
    0x08002e38   0x08002e38   0x00000044   Code   RO         5418    i.OS_InitRdyList    os_core.o
    0x08002e7c   0x08002e7c   0x00000074   Code   RO         5419    i.OS_InitTCBList    os_core.o
    0x08002ef0   0x08002ef0   0x00000050   Code   RO         5420    i.OS_InitTaskIdle   os_core.o
    0x08002f40   0x08002f40   0x00000012   Code   RO         5421    i.OS_MemClr         os_core.o
    0x08002f52   0x08002f52   0x00000002   PAD
    0x08002f54   0x08002f54   0x00000074   Code   RO         5423    i.OS_Sched          os_core.o
    0x08002fc8   0x08002fc8   0x0000002c   Code   RO         5424    i.OS_SchedNew       os_core.o
    0x08002ff4   0x08002ff4   0x00000138   Code   RO         5426    i.OS_TCBInit        os_core.o
    0x0800312c   0x0800312c   0x00000028   Code   RO         5427    i.OS_TaskIdle       os_core.o
    0x08003154   0x08003154   0x00000018   Code   RO         5717    i.OS_TaskReturn     os_task.o
    0x0800316c   0x0800316c   0x00000208   Code   RO          557    i.PID_Calc          pid.o
    0x08003374   0x08003374   0x000000f8   Code   RO          558    i.PID_Init          pid.o
    0x0800346c   0x0800346c   0x0000003c   Code   RO          559    i.PID_Time_Init     pid.o
    0x080034a8   0x080034a8   0x00000228   Code   RO          618    i.PWM_IN_Init       pwm.o
    0x080036d0   0x080036d0   0x0000007c   Code   RO          619    i.PWM_OUT           pwm.o
    0x0800374c   0x0800374c   0x000001d0   Code   RO          620    i.PWM_OUT_Init      pwm.o
    0x0800391c   0x0800391c   0x00000002   Code   RO          160    i.PendSV_Handler    stm32f4xx_it.o
    0x0800391e   0x0800391e   0x00000002   PAD
    0x08003920   0x08003920   0x00000020   Code   RO         3237    i.RCC_AHB1PeriphClockCmd  stm32f4xx_rcc.o
    0x08003940   0x08003940   0x00000020   Code   RO         3246    i.RCC_APB1PeriphClockCmd  stm32f4xx_rcc.o
    0x08003960   0x08003960   0x00000020   Code   RO         3248    i.RCC_APB1PeriphResetCmd  stm32f4xx_rcc.o
    0x08003980   0x08003980   0x00000020   Code   RO         3249    i.RCC_APB2PeriphClockCmd  stm32f4xx_rcc.o
    0x080039a0   0x080039a0   0x00000020   Code   RO         3251    i.RCC_APB2PeriphResetCmd  stm32f4xx_rcc.o
    0x080039c0   0x080039c0   0x000000e8   Code   RO         3258    i.RCC_GetClocksFreq  stm32f4xx_rcc.o
    0x08003aa8   0x08003aa8   0x00000002   Code   RO          161    i.SVC_Handler       stm32f4xx_it.o
    0x08003aaa   0x08003aaa   0x00000002   PAD
    0x08003aac   0x08003aac   0x000000ec   Code   RO          226    i.SetSysClock       system_stm32f4xx.o
    0x08003b98   0x08003b98   0x00000028   Code   RO          778    i.SysTick_CLKSourceConfig  misc.o
    0x08003bc0   0x08003bc0   0x00000002   Code   RO          162    i.SysTick_Handler   stm32f4xx_it.o
    0x08003bc2   0x08003bc2   0x00000002   PAD
    0x08003bc4   0x08003bc4   0x00000060   Code   RO          271    i.SysTick_Init      bsp.o
    0x08003c24   0x08003c24   0x00000068   Code   RO          228    i.SystemInit        system_stm32f4xx.o
    0x08003c8c   0x08003c8c   0x0000003a   Code   RO         4580    i.TI1_Config        stm32f4xx_tim.o
    0x08003cc6   0x08003cc6   0x00000050   Code   RO         4581    i.TI2_Config        stm32f4xx_tim.o
    0x08003d16   0x08003d16   0x00000048   Code   RO         4582    i.TI3_Config        stm32f4xx_tim.o
    0x08003d5e   0x08003d5e   0x00000050   Code   RO         4583    i.TI4_Config        stm32f4xx_tim.o
    0x08003dae   0x08003dae   0x00000018   Code   RO         4596    i.TIM_Cmd           stm32f4xx_tim.o
    0x08003dc6   0x08003dc6   0x00000002   PAD
    0x08003dc8   0x08003dc8   0x00000190   Code   RO         4601    i.TIM_DeInit        stm32f4xx_tim.o
    0x08003f58   0x08003f58   0x0000006e   Code   RO         4619    i.TIM_ICInit        stm32f4xx_tim.o
    0x08003fc6   0x08003fc6   0x00000012   Code   RO         4621    i.TIM_ITConfig      stm32f4xx_tim.o
    0x08003fd8   0x08003fd8   0x00000012   Code   RO         4663    i.TIM_SetIC1Prescaler  stm32f4xx_tim.o
    0x08003fea   0x08003fea   0x0000001a   Code   RO         4664    i.TIM_SetIC2Prescaler  stm32f4xx_tim.o
    0x08004004   0x08004004   0x00000012   Code   RO         4665    i.TIM_SetIC3Prescaler  stm32f4xx_tim.o
    0x08004016   0x08004016   0x0000001a   Code   RO         4666    i.TIM_SetIC4Prescaler  stm32f4xx_tim.o
    0x08004030   0x08004030   0x00000084   Code   RO         4668    i.TIM_TimeBaseInit  stm32f4xx_tim.o
    0x080040b4   0x080040b4   0x000000b0   Code   RO            3    i.Task_Angel        main.o
    0x08004164   0x08004164   0x00000080   Code   RO            4    i.Task_COM          main.o
    0x080041e4   0x080041e4   0x0000001c   Code   RO            5    i.Task_PID          main.o
    0x08004200   0x08004200   0x00000080   Code   RO            6    i.Task_Startup      main.o
    0x08004280   0x08004280   0x00000084   Code   RO          681    i.USART6_Init       usart.o
    0x08004304   0x08004304   0x00000018   Code   RO         5149    i.USART_Cmd         stm32f4xx_usart.o
    0x0800431c   0x0800431c   0x0000001a   Code   RO         5152    i.USART_GetFlagStatus  stm32f4xx_usart.o
    0x08004336   0x08004336   0x00000002   PAD
    0x08004338   0x08004338   0x000000d4   Code   RO         5156    i.USART_Init        stm32f4xx_usart.o
    0x0800440c   0x0800440c   0x00000008   Code   RO         5166    i.USART_SendData    stm32f4xx_usart.o
    0x08004414   0x08004414   0x00000004   Code   RO          163    i.UsageFault_Handler  stm32f4xx_it.o
    0x08004418   0x08004418   0x00000030   Code   RO         6081    i.__ARM_fpclassify  m_wm.l(fpclassify.o)
    0x08004448   0x08004448   0x00000360   Code   RO         5987    i.__hardfp_asin     m_wm.l(asin.o)
    0x080047a8   0x080047a8   0x000002d8   Code   RO         6047    i.__hardfp_atan     m_wm.l(atan.o)
    0x08004a80   0x08004a80   0x000001f0   Code   RO         6001    i.__hardfp_atan2    m_wm.l(atan2.o)
    0x08004c70   0x08004c70   0x0000007a   Code   RO         6013    i.__hardfp_sqrt     m_wm.l(sqrt.o)
    0x08004cea   0x08004cea   0x000000f8   Code   RO         6083    i.__kernel_poly     m_wm.l(poly.o)
    0x08004de2   0x08004de2   0x00000014   Code   RO         6062    i.__mathlib_dbl_infnan  m_wm.l(dunder.o)
    0x08004df6   0x08004df6   0x00000014   Code   RO         6063    i.__mathlib_dbl_infnan2  m_wm.l(dunder.o)
    0x08004e0a   0x08004e0a   0x00000006   PAD
    0x08004e10   0x08004e10   0x00000020   Code   RO         6064    i.__mathlib_dbl_invalid  m_wm.l(dunder.o)
    0x08004e30   0x08004e30   0x00000020   Code   RO         6067    i.__mathlib_dbl_underflow  m_wm.l(dunder.o)
    0x08004e50   0x08004e50   0x00000010   Code   RO         6049    i.atan              m_wm.l(atan.o)
    0x08004e60   0x08004e60   0x00000018   Code   RO         6077    i.fabs              m_wm.l(fabs.o)
    0x08004e78   0x08004e78   0x00000024   Code   RO            7    i.main              main.o
    0x08004e9c   0x08004e9c   0x0000006e   Code   RO         6015    i.sqrt              m_wm.l(sqrt.o)
    0x08004f0a   0x08004f0a   0x00000018   Code   RO         6028    x$fpl$basic         fz_wm.l(basic.o)
    0x08004f22   0x08004f22   0x00000002   PAD
    0x08004f24   0x08004f24   0x00000062   Code   RO         5975    x$fpl$d2f           fz_wm.l(d2f.o)
    0x08004f86   0x08004f86   0x00000002   PAD
    0x08004f88   0x08004f88   0x00000150   Code   RO         5977    x$fpl$dadd          fz_wm.l(daddsub_clz.o)
    0x080050d8   0x080050d8   0x000002b0   Code   RO         6031    x$fpl$ddiv          fz_wm.l(ddiv.o)
    0x08005388   0x08005388   0x00000154   Code   RO         5983    x$fpl$dmul          fz_wm.l(dmul.o)
    0x080054dc   0x080054dc   0x0000009c   Code   RO         6036    x$fpl$dnaninf       fz_wm.l(dnaninf.o)
    0x08005578   0x08005578   0x0000000c   Code   RO         6038    x$fpl$dretinf       fz_wm.l(dretinf.o)
    0x08005584   0x08005584   0x00000016   Code   RO         5978    x$fpl$drsb          fz_wm.l(daddsub_clz.o)
    0x0800559a   0x0800559a   0x00000002   PAD
    0x0800559c   0x0800559c   0x00000198   Code   RO         6040    x$fpl$dsqrt         fz_wm.l(dsqrt_umaal.o)
    0x08005734   0x08005734   0x000001d4   Code   RO         5979    x$fpl$dsub          fz_wm.l(daddsub_clz.o)
    0x08005908   0x08005908   0x00000056   Code   RO         5985    x$fpl$f2d           fz_wm.l(f2d.o)
    0x0800595e   0x0800595e   0x0000008c   Code   RO         6042    x$fpl$fnaninf       fz_wm.l(fnaninf.o)
    0x080059ea   0x080059ea   0x0000000a   Code   RO         6177    x$fpl$fpinit        fz_wm.l(fpinit.o)
    0x080059f4   0x080059f4   0x0000000a   Code   RO         6044    x$fpl$fretinf       fz_wm.l(fretinf.o)
    0x080059fe   0x080059fe   0x00000000   Code   RO         6046    x$fpl$usenofp       fz_wm.l(usenofp.o)
    0x080059fe   0x080059fe   0x00000100   Data   RO         5429    .constdata          os_core.o
    0x08005afe   0x08005afe   0x00000002   PAD
    0x08005b00   0x08005b00   0x00000050   Data   RO         5990    .constdata          m_wm.l(asin.o)
    0x08005b50   0x08005b50   0x00000098   Data   RO         6050    .constdata          m_wm.l(atan.o)
    0x08005be8   0x08005be8   0x00000008   Data   RO         6085    .constdata          m_wm.l(qnan.o)
    0x08005bf0   0x08005bf0   0x00000020   Data   RO         6245    Region$$Table       anon$$obj.o


    Execution Region RW_IRAM1 (Exec base: 0x20000000, Load base: 0x08005c10, Size: 0x00003cc0, Max: 0x00018000, ABSOLUTE, COMPRESSED[0x00000034])

    Exec Addr    Load Addr    Size         Type   Attr      Idx    E Section Name        Object

    0x20000000   COMPRESSED   0x00000088   Data   RW            9    .data               main.o
    0x20000088   COMPRESSED   0x00000004   Data   RW          306    .data               delay.o
    0x2000008c   COMPRESSED   0x0000004c   Data   RW          462    .data               imu.o
    0x200000d8   COMPRESSED   0x00000034   Data   RW          560    .data               pid.o
    0x2000010c   COMPRESSED   0x00000010   Data   RW         3289    .data               stm32f4xx_rcc.o
    0x2000011c   COMPRESSED   0x00000034   Data   RW         5430    .data               os_core.o
    0x20000150   COMPRESSED   0x00000004   Data   RW         5872    .data               os_cpu_c.o
    0x20000154        -       0x000028f4   Zero   RW            8    .bss                main.o
    0x20002a48        -       0x0000003f   Zero   RW          710    .bss                ano_dt.o
    0x20002a87   COMPRESSED   0x00000001   PAD
    0x20002a88        -       0x000009d8   Zero   RW         5428    .bss                os_core.o
    0x20003460        -       0x00000200   Zero   RW         5871    .bss                os_cpu_c.o
    0x20003660        -       0x00000060   Zero   RW         6109    .bss                c_w.l(libspace.o)
    0x200036c0        -       0x00000200   Zero   RW          262    HEAP                startup_stm32f401xx.o
    0x200038c0        -       0x00000400   Zero   RW          261    STACK               startup_stm32f401xx.o


==============================================================================

Image component sizes


      Code (inc. data)   RO Data    RW Data    ZI Data      Debug   Object Name

       676         20          0          0         63       3982   ano_dt.o
       158         10          0          0          0      27569   bsp.o
        84          8          0          4          0        745   delay.o
       286          0          0          0          0       1757   gpio.o
       126          0          0          0          0       1015   gy86.o
       728         54          0          0          0       3642   iic.o
      4156        202          0         76          0       5340   imu.o
       496         72          0        136      10484     311462   main.o
       160         14          0          0          0       3198   misc.o
      1390        258        256         52       2520      16797   os_core.o
       168         32          0          0          0        280   os_cpu_a.o
       226         18          0          4        512      11928   os_cpu_c.o
      1088         74          0          0          0       4092   os_mutex.o
       792         88          0          0          0       4601   os_task.o
       120         20          0          0          0        644   os_time.o
      1842        280          0         52          0       5948   pid.o
      1140         50          0          0          0       1999   pwm.o
        64         26        404          0       1536        820   startup_stm32f401xx.o
       214          0          0          0          0       8547   stm32f4xx_gpio.o
       456         14          0          0          0      14472   stm32f4xx_i2c.o
        26          0          0          0          0       4070   stm32f4xx_it.o
       392         48          0         16          0      20693   stm32f4xx_rcc.o
      1062         82          0          0          0      28470   stm32f4xx_tim.o
       270          8          0          0          0       9164   stm32f4xx_usart.o
       340         32          0          0          0       1605   system_stm32f4xx.o
        60          0          0          0          0        521   tim.o
       132          8          0          0          0        714   usart.o

    ----------------------------------------------------------------------
     16690       1418        694        340      15116     494075   Object Totals
         0          0         32          0          0          0   (incl. Generated)
        38          0          2          0          1          0   (incl. Padding)

    ----------------------------------------------------------------------

      Code (inc. data)   RO Data    RW Data    ZI Data      Debug   Library Member Name

        90          0          0          0          0          0   __dczerorl2.o
         8          0          0          0          0         68   __main.o
         0          0          0          0          0          0   __rtentry.o
        12          0          0          0          0          0   __rtentry2.o
         6          0          0          0          0          0   __rtentry4.o
        52          8          0          0          0          0   __scatter.o
        28          0          0          0          0          0   __scatter_zi.o
        22          0          0          0          0        100   _rserrno.o
        18          0          0          0          0         80   exit.o
         6          0          0          0          0        152   heapauxi.o
         0          0          0          0          0          0   indicate_semi.o
         2          0          0          0          0          0   libinit.o
         6          0          0          0          0          0   libinit2.o
         2          0          0          0          0          0   libshutdown.o
         2          0          0          0          0          0   libshutdown2.o
         8          4          0          0         96         68   libspace.o
         8          4          0          0          0         68   rt_errno_addr_intlibspace.o
         2          0          0          0          0          0   rtexit.o
        10          0          0          0          0          0   rtexit2.o
        12          4          0          0          0         68   sys_exit.o
        74          0          0          0          0         80   sys_stackheap_outer.o
         2          0          0          0          0         68   use_no_semi.o
        24          0          0          0          0        164   basic.o
        98          4          0          0          0        140   d2f.o
       826         16          0          0          0        492   daddsub_clz.o
       688        140          0          0          0        256   ddiv.o
       340         12          0          0          0        152   dmul.o
       156          4          0          0          0        140   dnaninf.o
        12          0          0          0          0        116   dretinf.o
       408         56          0          0          0        168   dsqrt_umaal.o
        86          4          0          0          0        132   f2d.o
       140          4          0          0          0        132   fnaninf.o
        10          0          0          0          0        116   fpinit.o
        10          0          0          0          0        116   fretinf.o
         0          0          0          0          0          0   usenofp.o
       864         94         80          0          0        280   asin.o
       744        106        152          0          0        352   atan.o
       496         64          0          0          0        192   atan2.o
       104         16          0          0          0        496   dunder.o
        24          0          0          0          0        124   fabs.o
        48          0          0          0          0        124   fpclassify.o
       248          0          0          0          0        152   poly.o
         0          0          8          0          0          0   qnan.o
       232          0          0          0          0        296   sqrt.o

    ----------------------------------------------------------------------
      5944        540        240          0         96       4892   Library Totals
        16          0          0          0          0          0   (incl. Padding)

    ----------------------------------------------------------------------

      Code (inc. data)   RO Data    RW Data    ZI Data      Debug   Library Name

       370         20          0          0         96        752   c_w.l
      2798        240          0          0          0       2124   fz_wm.l
      2760        280        240          0          0       2016   m_wm.l

    ----------------------------------------------------------------------
      5944        540        240          0         96       4892   Library Totals

    ----------------------------------------------------------------------

==============================================================================


      Code (inc. data)   RO Data    RW Data    ZI Data      Debug   

     22634       1958        934        340      15212     485007   Grand Totals
     22634       1958        934         52      15212     485007   ELF Image Totals (compressed)
     22634       1958        934         52          0          0   ROM Totals

==============================================================================

    Total RO  Size (Code + RO Data)                23568 (  23.02kB)
    Total RW  Size (RW Data + ZI Data)             15552 (  15.19kB)
    Total ROM Size (Code + RO Data + RW Data)      23620 (  23.07kB)

==============================================================================

