<html>
<body>
<pre>
<h1>µVision Build Log</h1>
<h2>Tool Versions:</h2>
IDE-Version: ¦ÌVision V5.26.2.0
Copyright (C) 2018 ARM Ltd and ARM Germany GmbH. All rights reserved.
License Information: ffyutt ffyutt, ffyutt, LIC=IK1EV-PMLSP-VE8HA-1J698-EGB9G-29773
 
Tool Versions:
Toolchain:       MDK-ARM Plus  Version: 5.26.2.0
Toolchain Path:  D:\keil_\keil_main\ARM\ARMCC\Bin
C Compiler:      Armcc.exe V5.06 update 6 (build 750)
Assembler:       Armasm.exe V5.06 update 6 (build 750)
Linker/Locator:  ArmLink.exe V5.06 update 6 (build 750)
Library Manager: ArmAr.exe V5.06 update 6 (build 750)
Hex Converter:   FromElf.exe V5.06 update 6 (build 750)
CPU DLL:         SARMCM3.DLL V5.26.2.0
Dialog DLL:      DCM.DLL V1.17.2.0
Target DLL:      STLink\ST-LINKIII-KEIL_SWO.dll V3.0.5.0
Dialog DLL:      TCM.DLL V1.36.1.0
 
<h2>Project:</h2>
D:\Desktop\quadcopter-uestc_-c\USART-IMU\USER\USART.uvprojx
Project File Date:  12/06/2021

<h2>Output:</h2>
*** Using Compiler 'V5.06 update 6 (build 750)', folder: 'D:\keil_\keil_main\ARM\ARMCC\Bin'
Build target 'USART'
compiling IMU.c...
..\SYSTEM\IMU\IMU.c(274): warning:  #1035-D: single-precision operand implicitly converted to double-precision
      hx = 2 * mx * (0.5 - q2q2 - q3q3) + 2 * my * (q1q2 - q0q3) + 2 * mz * (q1q3 + q0q2);  
..\SYSTEM\IMU\IMU.c(275): warning:  #1035-D: single-precision operand implicitly converted to double-precision
      hy = 2 * mx * (q1q2 + q0q3) + 2 * my * (0.5 - q1q1 - q3q3) + 2 * mz * (q2q3 - q0q1);  
..\SYSTEM\IMU\IMU.c(276): warning:  #1035-D: single-precision operand implicitly converted to double-precision
      hz = 2 * mx * (q1q3 - q0q2) + 2 * my * (q2q3 + q0q1) + 2 * mz * (0.5 - q1q1 -q2q2);          
..\SYSTEM\IMU\IMU.c(285): warning:  #1035-D: single-precision operand implicitly converted to double-precision
      wx = 2 * bx * (0.5 - q2q2 - q3q3) + 2 * bz * (q1q3 - q0q2);  
..\SYSTEM\IMU\IMU.c(287): warning:  #1035-D: single-precision operand implicitly converted to double-precision
      wz = 2 * bx * (q0q2 + q1q3) + 2 * bz * (0.5 - q1q1 - q2q2); 
..\SYSTEM\IMU\IMU.c: 5 warnings, 0 errors
linking...
Program Size: Code=14488 RO-data=664 RW-data=132 ZI-data=1732  
FromELF: creating hex file...
"..\OBJ\USART.axf" - 0 Error(s), 5 Warning(s).

<h2>Software Packages used:</h2>

Package Vendor: Keil
                http://www.keil.com/pack/Keil.STM32F4xx_DFP.2.13.0.pack
                Keil.STM32F4xx_DFP.2.13.0
                STMicroelectronics STM32F4 Series Device Support, Drivers and Examples

<h2>Collection of Component include folders:</h2>
  .\RTE\_USART
  D:\keil_\keil_main\ARM\PACK\Keil\STM32F4xx_DFP\2.13.0\Drivers\CMSIS\Device\ST\STM32F4xx\Include

<h2>Collection of Component Files used:</h2>
Build Time Elapsed:  00:00:01
</pre>
</body>
</html>
