Component: ARM Compiler 5.06 update 6 (build 750) Tool: armlink [4d35ed]

==============================================================================

Section Cross References

    main.o(i.main) refers to misc.o(i.NVIC_PriorityGroupConfig) for NVIC_PriorityGroupConfig
    main.o(i.main) refers to delay.o(i.delay_init) for delay_init
    main.o(i.main) refers to usart.o(i.uart_init) for uart_init
    main.o(i.main) refers to imu.o(i.AHRS_Time_Init) for AHRS_Time_Init
    main.o(i.main) refers to i2c.o(i.I2C_Configuration) for I2C_Configuration
    main.o(i.main) refers to gy86.o(i.GY86_Init) for GY86_Init
    main.o(i.main) refers to imu.o(i.CalibInit) for CalibInit
    main.o(i.main) refers to gy86.o(i.READ_HMCALL) for READ_HMCALL
    main.o(i.main) refers to mpu6050.o(i.MPU6050_READ) for MPU6050_READ
    main.o(i.main) refers to imu.o(i.Calib_Status) for Calib_Status
    main.o(i.main) refers to ano_dt.o(i.ANO_DT_Send_Senser) for ANO_DT_Send_Senser
    main.o(i.main) refers to imu.o(i.IMUupdate) for IMUupdate
    main.o(i.main) refers to ano_dt.o(i.ANO_DT_Send_Status) for ANO_DT_Send_Status
    main.o(i.main) refers to main.o(.data) for mag
    main.o(i.main) refers to main.o(.bss) for mpu6050
    system_stm32f4xx.o(i.SystemCoreClockUpdate) refers to system_stm32f4xx.o(.data) for SystemCoreClock
    system_stm32f4xx.o(i.SystemInit) refers to system_stm32f4xx.o(i.SetSysClock) for SetSysClock
    gy86.o(i.GY86_Init) refers to mpu6050.o(i.MPU6050_Init) for MPU6050_Init
    gy86.o(i.GY86_Init) refers to i2c.o(i.I2C_SAND_BYTE) for I2C_SAND_BYTE
    gy86.o(i.GY86_Init) refers to delay.o(i.delay_ms) for delay_ms
    gy86.o(i.GY86_Init) refers to gy86.o(i.HMC_Init) for HMC_Init
    gy86.o(i.HMC_Init) refers to i2c.o(i.I2C_SAND_BYTE) for I2C_SAND_BYTE
    gy86.o(i.READ_HMCALL) refers to i2c.o(i.I2C_READ_BUFFER) for I2C_READ_BUFFER
    mpu6050.o(i.MPU6050_Init) refers to i2c.o(i.I2C_SAND_BYTE) for I2C_SAND_BYTE
    mpu6050.o(i.MPU6050_Init) refers to delay.o(i.delay_ms) for delay_ms
    mpu6050.o(i.MPU6050_READ) refers to i2c.o(i.I2C_READ_BUFFER) for I2C_READ_BUFFER
    mpu6050.o(i.MPU6050_READ) refers to imu.o(i.MPU6050_Offset) for MPU6050_Offset
    mpu6050.o(i.MPU6050_READ) refers to main.o(.data) for offsetAcc
    ano_dt.o(i.ANO_DT_Send_Check) refers to ano_dt.o(i.ANO_DT_Send_Data) for ANO_DT_Send_Data
    ano_dt.o(i.ANO_DT_Send_Check) refers to ano_dt.o(.bss) for data_to_send
    ano_dt.o(i.ANO_DT_Send_Data) refers to stm32f4xx_usart.o(i.USART_GetFlagStatus) for USART_GetFlagStatus
    ano_dt.o(i.ANO_DT_Send_Data) refers to stm32f4xx_usart.o(i.USART_SendData) for USART_SendData
    ano_dt.o(i.ANO_DT_Send_MotoPWM) refers to ano_dt.o(i.ANO_DT_Send_Data) for ANO_DT_Send_Data
    ano_dt.o(i.ANO_DT_Send_MotoPWM) refers to ano_dt.o(.bss) for data_to_send
    ano_dt.o(i.ANO_DT_Send_PID) refers to ano_dt.o(i.ANO_DT_Send_Data) for ANO_DT_Send_Data
    ano_dt.o(i.ANO_DT_Send_PID) refers to ano_dt.o(.bss) for data_to_send
    ano_dt.o(i.ANO_DT_Send_Power) refers to ano_dt.o(i.ANO_DT_Send_Data) for ANO_DT_Send_Data
    ano_dt.o(i.ANO_DT_Send_Power) refers to ano_dt.o(.bss) for data_to_send
    ano_dt.o(i.ANO_DT_Send_RCData) refers to ano_dt.o(i.ANO_DT_Send_Data) for ANO_DT_Send_Data
    ano_dt.o(i.ANO_DT_Send_RCData) refers to ano_dt.o(.bss) for data_to_send
    ano_dt.o(i.ANO_DT_Send_Senser) refers to ano_dt.o(i.ANO_DT_Send_Data) for ANO_DT_Send_Data
    ano_dt.o(i.ANO_DT_Send_Senser) refers to ano_dt.o(.bss) for data_to_send
    ano_dt.o(i.ANO_DT_Send_Status) refers to ano_dt.o(i.ANO_DT_Send_Data) for ANO_DT_Send_Data
    ano_dt.o(i.ANO_DT_Send_Status) refers to ano_dt.o(.bss) for data_to_send
    ano_dt.o(i.ANO_DT_Send_Version) refers to ano_dt.o(i.ANO_DT_Send_Data) for ANO_DT_Send_Data
    ano_dt.o(i.ANO_DT_Send_Version) refers to ano_dt.o(.bss) for data_to_send
    delay.o(i.delay_init) refers to misc.o(i.SysTick_CLKSourceConfig) for SysTick_CLKSourceConfig
    delay.o(i.delay_init) refers to delay.o(.data) for fac_us
    delay.o(i.delay_ms) refers to delay.o(i.delay_xms) for delay_xms
    delay.o(i.delay_us) refers to delay.o(.data) for fac_us
    delay.o(i.delay_xms) refers to delay.o(.data) for fac_ms
    usart.o(.rev16_text) refers (Special) to use_no_semi_2.o(.text) for __use_no_semihosting
    usart.o(.revsh_text) refers (Special) to use_no_semi_2.o(.text) for __use_no_semihosting
    usart.o(i._sys_exit) refers (Special) to use_no_semi_2.o(.text) for __use_no_semihosting
    usart.o(i.fputc) refers (Special) to use_no_semi_2.o(.text) for __use_no_semihosting
    usart.o(i.uart_init) refers (Special) to use_no_semi_2.o(.text) for __use_no_semihosting
    usart.o(i.uart_init) refers to stm32f4xx_rcc.o(i.RCC_AHB1PeriphClockCmd) for RCC_AHB1PeriphClockCmd
    usart.o(i.uart_init) refers to stm32f4xx_rcc.o(i.RCC_APB2PeriphClockCmd) for RCC_APB2PeriphClockCmd
[...]
    Removing stm32f4xx_tim.o(i.TIM_OC2PolarityConfig), (26 bytes).
    Removing stm32f4xx_tim.o(i.TIM_OC2PreloadConfig), (26 bytes).
    Removing stm32f4xx_tim.o(i.TIM_OC3FastConfig), (18 bytes).
    Removing stm32f4xx_tim.o(i.TIM_OC3Init), (160 bytes).
    Removing stm32f4xx_tim.o(i.TIM_OC3NPolarityConfig), (26 bytes).
    Removing stm32f4xx_tim.o(i.TIM_OC3PolarityConfig), (26 bytes).
    Removing stm32f4xx_tim.o(i.TIM_OC3PreloadConfig), (18 bytes).
    Removing stm32f4xx_tim.o(i.TIM_OC4FastConfig), (26 bytes).
    Removing stm32f4xx_tim.o(i.TIM_OC4Init), (120 bytes).
    Removing stm32f4xx_tim.o(i.TIM_OC4PolarityConfig), (26 bytes).
    Removing stm32f4xx_tim.o(i.TIM_OC4PreloadConfig), (26 bytes).
    Removing stm32f4xx_tim.o(i.TIM_OCStructInit), (20 bytes).
    Removing stm32f4xx_tim.o(i.TIM_PWMIConfig), (124 bytes).
    Removing stm32f4xx_tim.o(i.TIM_PrescalerConfig), (6 bytes).
    Removing stm32f4xx_tim.o(i.TIM_RemapConfig), (6 bytes).
    Removing stm32f4xx_tim.o(i.TIM_SelectCCDMA), (24 bytes).
    Removing stm32f4xx_tim.o(i.TIM_SelectCOM), (24 bytes).
    Removing stm32f4xx_tim.o(i.TIM_SelectHallSensor), (24 bytes).
    Removing stm32f4xx_tim.o(i.TIM_SelectInputTrigger), (18 bytes).
    Removing stm32f4xx_tim.o(i.TIM_SelectMasterSlaveMode), (18 bytes).
    Removing stm32f4xx_tim.o(i.TIM_SelectOCxM), (86 bytes).
    Removing stm32f4xx_tim.o(i.TIM_SelectOnePulseMode), (18 bytes).
    Removing stm32f4xx_tim.o(i.TIM_SelectOutputTrigger), (18 bytes).
    Removing stm32f4xx_tim.o(i.TIM_SelectSlaveMode), (18 bytes).
    Removing stm32f4xx_tim.o(i.TIM_SetAutoreload), (4 bytes).
    Removing stm32f4xx_tim.o(i.TIM_SetClockDivision), (18 bytes).
    Removing stm32f4xx_tim.o(i.TIM_SetCompare1), (4 bytes).
    Removing stm32f4xx_tim.o(i.TIM_SetCompare2), (4 bytes).
    Removing stm32f4xx_tim.o(i.TIM_SetCompare3), (4 bytes).
    Removing stm32f4xx_tim.o(i.TIM_SetCompare4), (4 bytes).
    Removing stm32f4xx_tim.o(i.TIM_SetCounter), (4 bytes).
    Removing stm32f4xx_tim.o(i.TIM_SetIC1Prescaler), (18 bytes).
    Removing stm32f4xx_tim.o(i.TIM_SetIC2Prescaler), (26 bytes).
    Removing stm32f4xx_tim.o(i.TIM_SetIC3Prescaler), (18 bytes).
    Removing stm32f4xx_tim.o(i.TIM_SetIC4Prescaler), (26 bytes).
    Removing stm32f4xx_tim.o(i.TIM_TIxExternalClockConfig), (62 bytes).
    Removing stm32f4xx_tim.o(i.TIM_TimeBaseStructInit), (18 bytes).
    Removing stm32f4xx_tim.o(i.TIM_UpdateDisableConfig), (24 bytes).
    Removing stm32f4xx_tim.o(i.TIM_UpdateRequestConfig), (24 bytes).

262 unused section(s) (total 13122 bytes) removed from the image.

==============================================================================

Image Symbol Table

    Local Symbols

    Symbol Name                              Value     Ov Type        Size  Object(Section)

    ../clib/angel/boardlib.s                 0x00000000   Number         0  boardshut.o ABSOLUTE
    ../clib/angel/boardlib.s                 0x00000000   Number         0  boardinit2.o ABSOLUTE
    ../clib/angel/boardlib.s                 0x00000000   Number         0  boardinit3.o ABSOLUTE
    ../clib/angel/boardlib.s                 0x00000000   Number         0  boardinit1.o ABSOLUTE
    ../clib/angel/handlers.s                 0x00000000   Number         0  __scatter_copy.o ABSOLUTE
    ../clib/angel/handlers.s                 0x00000000   Number         0  __scatter_zi.o ABSOLUTE
    ../clib/angel/kernel.s                   0x00000000   Number         0  __rtentry4.o ABSOLUTE
    ../clib/angel/kernel.s                   0x00000000   Number         0  rtexit2.o ABSOLUTE
    ../clib/angel/kernel.s                   0x00000000   Number         0  rtexit.o ABSOLUTE
    ../clib/angel/kernel.s                   0x00000000   Number         0  __rtentry2.o ABSOLUTE
    ../clib/angel/kernel.s                   0x00000000   Number         0  __rtentry.o ABSOLUTE
    ../clib/angel/rt.s                       0x00000000   Number         0  rt_errno_addr.o ABSOLUTE
    ../clib/angel/rt.s                       0x00000000   Number         0  rt_errno_addr_intlibspace.o ABSOLUTE
    ../clib/angel/rt.s                       0x00000000   Number         0  rt_raise.o ABSOLUTE
    ../clib/angel/scatter.s                  0x00000000   Number         0  __scatter.o ABSOLUTE
    ../clib/angel/startup.s                  0x00000000   Number         0  __main.o ABSOLUTE
    ../clib/angel/sys.s                      0x00000000   Number         0  use_no_semi_2.o ABSOLUTE
    ../clib/angel/sys.s                      0x00000000   Number         0  indicate_semi.o ABSOLUTE
    ../clib/angel/sys.s                      0x00000000   Number         0  sys_stackheap_outer.o ABSOLUTE
    ../clib/angel/sys.s                      0x00000000   Number         0  libspace.o ABSOLUTE
    ../clib/angel/sys.s                      0x00000000   Number         0  use_no_semi.o ABSOLUTE
    ../clib/angel/sysapp.c                   0x00000000   Number         0  sys_command.o ABSOLUTE
    ../clib/angel/sysapp.c                   0x00000000   Number         0  sys_wrch.o ABSOLUTE
    ../clib/armsys.c                         0x00000000   Number         0  argv_veneer.o ABSOLUTE
    ../clib/armsys.c                         0x00000000   Number         0  argv_veneer.o ABSOLUTE
    ../clib/armsys.c                         0x00000000   Number         0  no_argv.o ABSOLUTE
    ../clib/armsys.c                         0x00000000   Number         0  _get_argv_nomalloc.o ABSOLUTE
    ../clib/fenv.c                           0x00000000   Number         0  _rserrno.o ABSOLUTE
    ../clib/heapalloc.c                      0x00000000   Number         0  hrguard.o ABSOLUTE
    ../clib/heapaux.c                        0x00000000   Number         0  heapauxi.o ABSOLUTE
    ../clib/libinit.s                        0x00000000   Number         0  libinit2.o ABSOLUTE
    ../clib/libinit.s                        0x00000000   Number         0  libshutdown.o ABSOLUTE
    ../clib/libinit.s                        0x00000000   Number         0  libshutdown2.o ABSOLUTE
    ../clib/libinit.s                        0x00000000   Number         0  libinit.o ABSOLUTE
    ../clib/signal.c                         0x00000000   Number         0  defsig_segv_inner.o ABSOLUTE
    ../clib/signal.c                         0x00000000   Number         0  defsig_other.o ABSOLUTE
    ../clib/signal.c                         0x00000000   Number         0  defsig_pvfn_inner.o ABSOLUTE
    ../clib/signal.c                         0x00000000   Number         0  defsig_general.o ABSOLUTE
    ../clib/signal.c                         0x00000000   Number         0  __raise.o ABSOLUTE
    ../clib/signal.c                         0x00000000   Number         0  defsig_abrt_inner.o ABSOLUTE
    ../clib/signal.c                         0x00000000   Number         0  defsig_fpe_inner.o ABSOLUTE
    ../clib/signal.c                         0x00000000   Number         0  defsig_rtred_inner.o ABSOLUTE
    ../clib/signal.c                         0x00000000   Number         0  defsig_rtmem_outer.o ABSOLUTE
    ../clib/signal.c                         0x00000000   Number         0  defsig_rtmem_inner.o ABSOLUTE
    ../clib/signal.c                         0x00000000   Number         0  defsig_exit.o ABSOLUTE
    ../clib/signal.c                         0x00000000   Number         0  defsig_stak_inner.o ABSOLUTE
    ../clib/signal.c                         0x00000000   Number         0  defsig_cppl_inner.o ABSOLUTE
    ../clib/signal.c                         0x00000000   Number         0  defsig_rtmem_formal.o ABSOLUTE
    ../clib/signal.s                         0x00000000   Number         0  defsig.o ABSOLUTE
    ../clib/stdlib.c                         0x00000000   Number         0  exit.o ABSOLUTE
    ../fplib/basic.s                         0x00000000   Number         0  basic.o ABSOLUTE
    ../fplib/d2f.s                           0x00000000   Number         0  d2f.o ABSOLUTE
    ../fplib/daddsub.s                       0x00000000   Number         0  daddsub_clz.o ABSOLUTE
    ../fplib/dcmpi.s                         0x00000000   Number         0  dcmpi.o ABSOLUTE
    ../fplib/ddiv.s                          0x00000000   Number         0  ddiv.o ABSOLUTE
    ../fplib/dfix.s                          0x00000000   Number         0  dfix.o ABSOLUTE
    ../fplib/dflt.s                          0x00000000   Number         0  dflt_clz.o ABSOLUTE
    ../fplib/dleqf.s                         0x00000000   Number         0  dleqf.o ABSOLUTE
    ../fplib/dmul.s                          0x00000000   Number         0  dmul.o ABSOLUTE
    ../fplib/dnaninf.s                       0x00000000   Number         0  dnaninf.o ABSOLUTE
    ../fplib/dretinf.s                       0x00000000   Number         0  dretinf.o ABSOLUTE
    ../fplib/dsqrt.s                         0x00000000   Number         0  dsqrt_umaal.o ABSOLUTE
    ../fplib/f2d.s                           0x00000000   Number         0  f2d.o ABSOLUTE
    ../fplib/fnaninf.s                       0x00000000   Number         0  fnaninf.o ABSOLUTE
    ../fplib/fpinit.s                        0x00000000   Number         0  fpinit.o ABSOLUTE
    ../fplib/fretinf.s                       0x00000000   Number         0  fretinf.o ABSOLUTE
    ../fplib/usenofp.s                       0x00000000   Number         0  usenofp.o ABSOLUTE
    ../mathlib/asin.c                        0x00000000   Number         0  asin_x.o ABSOLUTE
    ../mathlib/asin.c                        0x00000000   Number         0  asin.o ABSOLUTE
    ../mathlib/atan.c                        0x00000000   Number         0  atan.o ABSOLUTE
    ../mathlib/atan.c                        0x00000000   Number         0  atan_x.o ABSOLUTE
    ../mathlib/atan2.c                       0x00000000   Number         0  atan2.o ABSOLUTE
    ../mathlib/atan2.c                       0x00000000   Number         0  atan2_x.o ABSOLUTE
    ../mathlib/cos.c                         0x00000000   Number         0  cos_x.o ABSOLUTE
    ../mathlib/cos.c                         0x00000000   Number         0  cos.o ABSOLUTE
    ../mathlib/cos_i.c                       0x00000000   Number         0  cos_i.o ABSOLUTE
    ../mathlib/dunder.c                      0x00000000   Number         0  dunder.o ABSOLUTE
    ../mathlib/fabs.c                        0x00000000   Number         0  fabs.o ABSOLUTE
    ../mathlib/fpclassify.c                  0x00000000   Number         0  fpclassify.o ABSOLUTE
    ../mathlib/poly.c                        0x00000000   Number         0  poly.o ABSOLUTE
    ../mathlib/qnan.c                        0x00000000   Number         0  qnan.o ABSOLUTE
    ../mathlib/rred.c                        0x00000000   Number         0  rred.o ABSOLUTE
    ../mathlib/sin.c                         0x00000000   Number         0  sin_x.o ABSOLUTE
    ../mathlib/sin.c                         0x00000000   Number         0  sin.o ABSOLUTE
    ../mathlib/sin_i.c                       0x00000000   Number         0  sin_i.o ABSOLUTE
    ../mathlib/sin_i.c                       0x00000000   Number         0  sin_i_x.o ABSOLUTE
    ../mathlib/sqrt.c                        0x00000000   Number         0  sqrt_x.o ABSOLUTE
    ../mathlib/sqrt.c                        0x00000000   Number         0  sqrt.o ABSOLUTE
    ..\CORE\startup_stm32f40_41xxx.s         0x00000000   Number         0  startup_stm32f40_41xxx.o ABSOLUTE
    ..\FWLIB\src\misc.c                      0x00000000   Number         0  misc.o ABSOLUTE
    ..\FWLIB\src\stm32f4xx_gpio.c            0x00000000   Number         0  stm32f4xx_gpio.o ABSOLUTE
    ..\FWLIB\src\stm32f4xx_i2c.c             0x00000000   Number         0  stm32f4xx_i2c.o ABSOLUTE
    ..\FWLIB\src\stm32f4xx_rcc.c             0x00000000   Number         0  stm32f4xx_rcc.o ABSOLUTE
    ..\FWLIB\src\stm32f4xx_syscfg.c          0x00000000   Number         0  stm32f4xx_syscfg.o ABSOLUTE
    ..\FWLIB\src\stm32f4xx_tim.c             0x00000000   Number         0  stm32f4xx_tim.o ABSOLUTE
    ..\FWLIB\src\stm32f4xx_usart.c           0x00000000   Number         0  stm32f4xx_usart.o ABSOLUTE
    ..\HARDWARE\DATA_Transfer\ANO_DT.c       0x00000000   Number         0  ano_dt.o ABSOLUTE
    ..\HARDWARE\GY86\GY86.c                  0x00000000   Number         0  gy86.o ABSOLUTE
    ..\HARDWARE\MPU6050\MPU6050.c            0x00000000   Number         0  mpu6050.o ABSOLUTE
    ..\SYSTEM\I2C\I2C.c                      0x00000000   Number         0  i2c.o ABSOLUTE
    ..\SYSTEM\IMU\IMU.c                      0x00000000   Number         0  imu.o ABSOLUTE
    ..\SYSTEM\delay\delay.c                  0x00000000   Number         0  delay.o ABSOLUTE
    ..\SYSTEM\sys\sys.c                      0x00000000   Number         0  sys.o ABSOLUTE
    ..\SYSTEM\usart\usart.c                  0x00000000   Number         0  usart.o ABSOLUTE
    ..\\FWLIB\\src\\misc.c                   0x00000000   Number         0  misc.o ABSOLUTE
    ..\\FWLIB\\src\\stm32f4xx_gpio.c         0x00000000   Number         0  stm32f4xx_gpio.o ABSOLUTE
    ..\\FWLIB\\src\\stm32f4xx_i2c.c          0x00000000   Number         0  stm32f4xx_i2c.o ABSOLUTE
    ..\\FWLIB\\src\\stm32f4xx_rcc.c          0x00000000   Number         0  stm32f4xx_rcc.o ABSOLUTE
    ..\\FWLIB\\src\\stm32f4xx_syscfg.c       0x00000000   Number         0  stm32f4xx_syscfg.o ABSOLUTE
    ..\\FWLIB\\src\\stm32f4xx_tim.c          0x00000000   Number         0  stm32f4xx_tim.o ABSOLUTE
    ..\\FWLIB\\src\\stm32f4xx_usart.c        0x00000000   Number         0  stm32f4xx_usart.o ABSOLUTE
    ..\\HARDWARE\\DATA_Transfer\\ANO_DT.c    0x00000000   Number         0  ano_dt.o ABSOLUTE
    ..\\HARDWARE\\GY86\\GY86.c               0x00000000   Number         0  gy86.o ABSOLUTE
    ..\\HARDWARE\\MPU6050\\MPU6050.c         0x00000000   Number         0  mpu6050.o ABSOLUTE
    ..\\SYSTEM\\I2C\\I2C.c                   0x00000000   Number         0  i2c.o ABSOLUTE
    ..\\SYSTEM\\IMU\\IMU.c                   0x00000000   Number         0  imu.o ABSOLUTE
    ..\\SYSTEM\\delay\\delay.c               0x00000000   Number         0  delay.o ABSOLUTE
    ..\\SYSTEM\\sys\\sys.c                   0x00000000   Number         0  sys.o ABSOLUTE
    ..\\SYSTEM\\usart\\usart.c               0x00000000   Number         0  usart.o ABSOLUTE
    dc.s                                     0x00000000   Number         0  dc.o ABSOLUTE
    main.c                                   0x00000000   Number         0  main.o ABSOLUTE
    main.c                                   0x00000000   Number         0  main.o ABSOLUTE
    stm32f4xx_it.c                           0x00000000   Number         0  stm32f4xx_it.o ABSOLUTE
    stm32f4xx_it.c                           0x00000000   Number         0  stm32f4xx_it.o ABSOLUTE
    system_stm32f4xx.c                       0x00000000   Number         0  system_stm32f4xx.o ABSOLUTE
    system_stm32f4xx.c                       0x00000000   Number         0  system_stm32f4xx.o ABSOLUTE
    RESET                                    0x08000000   Section      392  startup_stm32f40_41xxx.o(RESET)
    !!!main                                  0x08000188   Section        8  __main.o(!!!main)
    !!!scatter                               0x08000190   Section       52  __scatter.o(!!!scatter)
    !!handler_copy                           0x080001c4   Section       26  __scatter_copy.o(!!handler_copy)
    !!handler_zi                             0x080001e0   Section       28  __scatter_zi.o(!!handler_zi)
    .ARM.Collect$$libinit$$00000000          0x080001fc   Section        2  libinit.o(.ARM.Collect$$libinit$$00000000)
    .ARM.Collect$$libinit$$00000001          0x080001fe   Section        4  libinit2.o(.ARM.Collect$$libinit$$00000001)
    .ARM.Collect$$libinit$$00000004          0x08000202   Section        0  libinit2.o(.ARM.Collect$$libinit$$00000004)
    .ARM.Collect$$libinit$$0000000A          0x08000202   Section        0  libinit2.o(.ARM.Collect$$libinit$$0000000A)
    .ARM.Collect$$libinit$$0000000C          0x08000202   Section        0  libinit2.o(.ARM.Collect$$libinit$$0000000C)
    .ARM.Collect$$libinit$$0000000E          0x08000202   Section        0  libinit2.o(.ARM.Collect$$libinit$$0000000E)
    .ARM.Collect$$libinit$$00000011          0x08000202   Section        0  libinit2.o(.ARM.Collect$$libinit$$00000011)
    .ARM.Collect$$libinit$$00000013          0x08000202   Section        0  libinit2.o(.ARM.Collect$$libinit$$00000013)
    .ARM.Collect$$libinit$$00000015          0x08000202   Section        0  libinit2.o(.ARM.Collect$$libinit$$00000015)
    .ARM.Collect$$libinit$$00000017          0x08000202   Section        0  libinit2.o(.ARM.Collect$$libinit$$00000017)
    .ARM.Collect$$libinit$$00000019          0x08000202   Section        0  libinit2.o(.ARM.Collect$$libinit$$00000019)
    .ARM.Collect$$libinit$$0000001B          0x08000202   Section        0  libinit2.o(.ARM.Collect$$libinit$$0000001B)
    .ARM.Collect$$libinit$$0000001D          0x08000202   Section        0  libinit2.o(.ARM.Collect$$libinit$$0000001D)
    .ARM.Collect$$libinit$$0000001F          0x08000202   Section        0  libinit2.o(.ARM.Collect$$libinit$$0000001F)
    .ARM.Collect$$libinit$$00000021          0x08000202   Section        0  libinit2.o(.ARM.Collect$$libinit$$00000021)
    .ARM.Collect$$libinit$$00000023          0x08000202   Section        0  libinit2.o(.ARM.Collect$$libinit$$00000023)
    .ARM.Collect$$libinit$$00000025          0x08000202   Section        0  libinit2.o(.ARM.Collect$$libinit$$00000025)
    .ARM.Collect$$libinit$$0000002C          0x08000202   Section        0  libinit2.o(.ARM.Collect$$libinit$$0000002C)
    .ARM.Collect$$libinit$$0000002E          0x08000202   Section        0  libinit2.o(.ARM.Collect$$libinit$$0000002E)
    .ARM.Collect$$libinit$$00000030          0x08000202   Section        0  libinit2.o(.ARM.Collect$$libinit$$00000030)
    .ARM.Collect$$libinit$$00000032          0x08000202   Section        0  libinit2.o(.ARM.Collect$$libinit$$00000032)
    .ARM.Collect$$libinit$$00000033          0x08000202   Section        2  libinit2.o(.ARM.Collect$$libinit$$00000033)
    .ARM.Collect$$libshutdown$$00000000      0x08000204   Section        2  libshutdown.o(.ARM.Collect$$libshutdown$$00000000)
    .ARM.Collect$$libshutdown$$00000002      0x08000206   Section        0  libshutdown2.o(.ARM.Collect$$libshutdown$$00000002)
    .ARM.Collect$$libshutdown$$00000004      0x08000206   Section        0  libshutdown2.o(.ARM.Collect$$libshutdown$$00000004)
    .ARM.Collect$$libshutdown$$00000007      0x08000206   Section        0  libshutdown2.o(.ARM.Collect$$libshutdown$$00000007)
    .ARM.Collect$$libshutdown$$0000000A      0x08000206   Section        0  libshutdown2.o(.ARM.Collect$$libshutdown$$0000000A)
    .ARM.Collect$$libshutdown$$0000000C      0x08000206   Section        0  libshutdown2.o(.ARM.Collect$$libshutdown$$0000000C)
    .ARM.Collect$$libshutdown$$0000000F      0x08000206   Section        0  libshutdown2.o(.ARM.Collect$$libshutdown$$0000000F)
    .ARM.Collect$$libshutdown$$00000010      0x08000206   Section        2  libshutdown2.o(.ARM.Collect$$libshutdown$$00000010)
    .ARM.Collect$$rtentry$$00000000          0x08000208   Section        0  __rtentry.o(.ARM.Collect$$rtentry$$00000000)
    .ARM.Collect$$rtentry$$00000002          0x08000208   Section        0  __rtentry2.o(.ARM.Collect$$rtentry$$00000002)
    .ARM.Collect$$rtentry$$00000004          0x08000208   Section        6  __rtentry4.o(.ARM.Collect$$rtentry$$00000004)
    .ARM.Collect$$rtentry$$00000009          0x0800020e   Section        0  __rtentry2.o(.ARM.Collect$$rtentry$$00000009)
    .ARM.Collect$$rtentry$$0000000A          0x0800020e   Section        4  __rtentry2.o(.ARM.Collect$$rtentry$$0000000A)
    .ARM.Collect$$rtentry$$0000000C          0x08000212   Section        0  __rtentry2.o(.ARM.Collect$$rtentry$$0000000C)
    .ARM.Collect$$rtentry$$0000000D          0x08000212   Section        8  __rtentry2.o(.ARM.Collect$$rtentry$$0000000D)
    .ARM.Collect$$rtexit$$00000000           0x0800021a   Section        2  rtexit.o(.ARM.Collect$$rtexit$$00000000)
    .ARM.Collect$$rtexit$$00000002           0x0800021c   Section        0  rtexit2.o(.ARM.Collect$$rtexit$$00000002)
    .ARM.Collect$$rtexit$$00000003           0x0800021c   Section        4  rtexit2.o(.ARM.Collect$$rtexit$$00000003)
    .ARM.Collect$$rtexit$$00000004           0x08000220   Section        6  rtexit2.o(.ARM.Collect$$rtexit$$00000004)
    .text                                    0x08000228   Section       64  startup_stm32f40_41xxx.o(.text)
    $v0                                      0x08000228   Number         0  startup_stm32f40_41xxx.o(.text)
    .text                                    0x08000268   Section        2  use_no_semi_2.o(.text)
    .text                                    0x0800026a   Section        0  heapauxi.o(.text)
    .text                                    0x08000270   Section        2  use_no_semi.o(.text)
    .text                                    0x08000272   Section        0  _rserrno.o(.text)
    .text                                    0x08000288   Section        8  rt_errno_addr_intlibspace.o(.text)
    .text                                    0x08000290   Section        8  libspace.o(.text)
    .text                                    0x08000298   Section       74  sys_stackheap_outer.o(.text)
    .text                                    0x080002e2   Section        0  exit.o(.text)
    i.AHRS_Time_Init                         0x080002f4   Section        0  imu.o(i.AHRS_Time_Init)
    i.ANO_DT_Send_Data                       0x08000330   Section        0  ano_dt.o(i.ANO_DT_Send_Data)
    i.ANO_DT_Send_Senser                     0x0800035c   Section        0  ano_dt.o(i.ANO_DT_Send_Senser)
    i.ANO_DT_Send_Status                     0x080004d8   Section        0  ano_dt.o(i.ANO_DT_Send_Status)
    i.BusFault_Handler                       0x080005d4   Section        0  stm32f4xx_it.o(i.BusFault_Handler)
    i.CalibInit                              0x080005d8   Section        0  imu.o(i.CalibInit)
    i.Calib_Status                           0x080005ec   Section        0  imu.o(i.Calib_Status)
    i.DebugMon_Handler                       0x08000600   Section        0  stm32f4xx_it.o(i.DebugMon_Handler)
    i.GPIO_Init                              0x08000602   Section        0  stm32f4xx_gpio.o(i.GPIO_Init)
    i.GPIO_PinAFConfig                       0x08000692   Section        0  stm32f4xx_gpio.o(i.GPIO_PinAFConfig)
    i.GY86_Init                              0x080006d8   Section        0  gy86.o(i.GY86_Init)
    i.Get_AHRS_Time                          0x0800070c   Section        0  imu.o(i.Get_AHRS_Time)
    i.HMC_Init                               0x0800074c   Section        0  gy86.o(i.HMC_Init)
    i.HardFault_Handler                      0x08000770   Section        0  stm32f4xx_it.o(i.HardFault_Handler)
    i.I2C_AcknowledgeConfig                  0x08000774   Section        0  stm32f4xx_i2c.o(i.I2C_AcknowledgeConfig)
    i.I2C_CheckEvent                         0x0800078c   Section        0  stm32f4xx_i2c.o(i.I2C_CheckEvent)
    i.I2C_Cmd                                0x080007b6   Section        0  stm32f4xx_i2c.o(i.I2C_Cmd)
    i.I2C_Configuration                      0x080007d0   Section        0  i2c.o(i.I2C_Configuration)
    i.I2C_GPIO_Init                          0x0800081c   Section        0  i2c.o(i.I2C_GPIO_Init)
    i.I2C_GenerateSTART                      0x08000870   Section        0  stm32f4xx_i2c.o(i.I2C_GenerateSTART)
    i.I2C_GenerateSTOP                       0x08000888   Section        0  stm32f4xx_i2c.o(i.I2C_GenerateSTOP)
    i.I2C_GetFlagStatus                      0x080008a0   Section        0  stm32f4xx_i2c.o(i.I2C_GetFlagStatus)
    i.I2C_Init                               0x080008dc   Section        0  stm32f4xx_i2c.o(i.I2C_Init)
    i.I2C_READ_BUFFER                        0x080009c4   Section        0  i2c.o(i.I2C_READ_BUFFER)
    i.I2C_ReceiveData                        0x08000aac   Section        0  stm32f4xx_i2c.o(i.I2C_ReceiveData)
    i.I2C_SAND_BYTE                          0x08000ab4   Section        0  i2c.o(i.I2C_SAND_BYTE)
    i.I2C_Send7bitAddress                    0x08000b30   Section        0  stm32f4xx_i2c.o(i.I2C_Send7bitAddress)
    i.I2C_SendData                           0x08000b40   Section        0  stm32f4xx_i2c.o(i.I2C_SendData)
    i.IMUupdate                              0x08000b44   Section        0  imu.o(i.IMUupdate)
    i.MPU6050_Init                           0x0800179c   Section        0  mpu6050.o(i.MPU6050_Init)
    i.MPU6050_Offset                         0x080017e8   Section        0  imu.o(i.MPU6050_Offset)
    i.MPU6050_READ                           0x08001994   Section        0  mpu6050.o(i.MPU6050_READ)
    i.MemManage_Handler                      0x08001a54   Section        0  stm32f4xx_it.o(i.MemManage_Handler)
    i.NMI_Handler                            0x08001a58   Section        0  stm32f4xx_it.o(i.NMI_Handler)
    i.NVIC_PriorityGroupConfig               0x08001a5c   Section        0  misc.o(i.NVIC_PriorityGroupConfig)
    i.PendSV_Handler                         0x08001a70   Section        0  stm32f4xx_it.o(i.PendSV_Handler)
    i.RCC_AHB1PeriphClockCmd                 0x08001a74   Section        0  stm32f4xx_rcc.o(i.RCC_AHB1PeriphClockCmd)
    i.RCC_APB1PeriphClockCmd                 0x08001a94   Section        0  stm32f4xx_rcc.o(i.RCC_APB1PeriphClockCmd)
    i.RCC_APB1PeriphResetCmd                 0x08001ab4   Section        0  stm32f4xx_rcc.o(i.RCC_APB1PeriphResetCmd)
    i.RCC_APB2PeriphClockCmd                 0x08001ad4   Section        0  stm32f4xx_rcc.o(i.RCC_APB2PeriphClockCmd)
    i.RCC_APB2PeriphResetCmd                 0x08001af4   Section        0  stm32f4xx_rcc.o(i.RCC_APB2PeriphResetCmd)
    i.RCC_GetClocksFreq                      0x08001b14   Section        0  stm32f4xx_rcc.o(i.RCC_GetClocksFreq)
    i.READ_HMCALL                            0x08001bfc   Section        0  gy86.o(i.READ_HMCALL)
    i.SVC_Handler                            0x08001c94   Section        0  stm32f4xx_it.o(i.SVC_Handler)
    i.SetSysClock                            0x08001c98   Section        0  system_stm32f4xx.o(i.SetSysClock)
    SetSysClock                              0x08001c99   Thumb Code   216  system_stm32f4xx.o(i.SetSysClock)
    i.SysTick_CLKSourceConfig                0x08001d80   Section        0  misc.o(i.SysTick_CLKSourceConfig)
    i.SysTick_Handler                        0x08001da8   Section        0  stm32f4xx_it.o(i.SysTick_Handler)
    i.SystemInit                             0x08001dac   Section        0  system_stm32f4xx.o(i.SystemInit)
    i.TIM_Cmd                                0x08001e14   Section        0  stm32f4xx_tim.o(i.TIM_Cmd)
    i.TIM_DeInit                             0x08001e2c   Section        0  stm32f4xx_tim.o(i.TIM_DeInit)
    i.TIM_TimeBaseInit                       0x08001fbc   Section        0  stm32f4xx_tim.o(i.TIM_TimeBaseInit)
    i.USART_Cmd                              0x08002040   Section        0  stm32f4xx_usart.o(i.USART_Cmd)
    i.USART_GetFlagStatus                    0x08002058   Section        0  stm32f4xx_usart.o(i.USART_GetFlagStatus)
    i.USART_Init                             0x08002074   Section        0  stm32f4xx_usart.o(i.USART_Init)
    i.USART_SendData                         0x08002148   Section        0  stm32f4xx_usart.o(i.USART_SendData)
    i.UsageFault_Handler                     0x08002150   Section        0  stm32f4xx_it.o(i.UsageFault_Handler)
    i.__ARM_fpclassify                       0x08002154   Section        0  fpclassify.o(i.__ARM_fpclassify)
    i.__hardfp_asin                          0x08002188   Section        0  asin.o(i.__hardfp_asin)
    i.__hardfp_atan                          0x080024e8   Section        0  atan.o(i.__hardfp_atan)
    i.__hardfp_atan2                         0x080027c0   Section        0  atan2.o(i.__hardfp_atan2)
    i.__hardfp_sqrt                          0x080029b0   Section        0  sqrt.o(i.__hardfp_sqrt)
    i.__kernel_poly                          0x08002a2a   Section        0  poly.o(i.__kernel_poly)
    i.__mathlib_dbl_infnan                   0x08002b22   Section        0  dunder.o(i.__mathlib_dbl_infnan)
    i.__mathlib_dbl_infnan2                  0x08002b36   Section        0  dunder.o(i.__mathlib_dbl_infnan2)
    i.__mathlib_dbl_invalid                  0x08002b50   Section        0  dunder.o(i.__mathlib_dbl_invalid)
    i.__mathlib_dbl_underflow                0x08002b70   Section        0  dunder.o(i.__mathlib_dbl_underflow)
    i._sys_exit                              0x08002b90   Section        0  usart.o(i._sys_exit)
    i.atan                                   0x08002b94   Section        0  atan.o(i.atan)
    i.delay_init                             0x08002ba4   Section        0  delay.o(i.delay_init)
    i.delay_ms                               0x08002be0   Section        0  delay.o(i.delay_ms)
    i.delay_xms                              0x08002c18   Section        0  delay.o(i.delay_xms)
    i.fabs                                   0x08002c64   Section        0  fabs.o(i.fabs)
    i.main                                   0x08002c7c   Section        0  main.o(i.main)
    i.sqrt                                   0x08002e38   Section        0  sqrt.o(i.sqrt)
    i.uart_init                              0x08002ea8   Section        0  usart.o(i.uart_init)
    x$fpl$basic                              0x08002f2c   Section       24  basic.o(x$fpl$basic)
    $v0                                      0x08002f2c   Number         0  basic.o(x$fpl$basic)
    x$fpl$d2f                                0x08002f44   Section       98  d2f.o(x$fpl$d2f)
    $v0                                      0x08002f44   Number         0  d2f.o(x$fpl$d2f)
    x$fpl$dadd                               0x08002fa8   Section      336  daddsub_clz.o(x$fpl$dadd)
    $v0                                      0x08002fa8   Number         0  daddsub_clz.o(x$fpl$dadd)
    _dadd1                                   0x08002fb9   Thumb Code     0  daddsub_clz.o(x$fpl$dadd)
    x$fpl$ddiv                               0x080030f8   Section      688  ddiv.o(x$fpl$ddiv)
    $v0                                      0x080030f8   Number         0  ddiv.o(x$fpl$ddiv)
    ddiv_entry                               0x080030ff   Thumb Code     0  ddiv.o(x$fpl$ddiv)
    x$fpl$dmul                               0x080033a8   Section      340  dmul.o(x$fpl$dmul)
    $v0                                      0x080033a8   Number         0  dmul.o(x$fpl$dmul)
    x$fpl$dnaninf                            0x080034fc   Section      156  dnaninf.o(x$fpl$dnaninf)
    $v0                                      0x080034fc   Number         0  dnaninf.o(x$fpl$dnaninf)
    x$fpl$dretinf                            0x08003598   Section       12  dretinf.o(x$fpl$dretinf)
    $v0                                      0x08003598   Number         0  dretinf.o(x$fpl$dretinf)
    x$fpl$drsb                               0x080035a4   Section       22  daddsub_clz.o(x$fpl$drsb)
    $v0                                      0x080035a4   Number         0  daddsub_clz.o(x$fpl$drsb)
    x$fpl$dsqrt                              0x080035bc   Section      408  dsqrt_umaal.o(x$fpl$dsqrt)
    $v0                                      0x080035bc   Number         0  dsqrt_umaal.o(x$fpl$dsqrt)
    x$fpl$dsub                               0x08003754   Section      468  daddsub_clz.o(x$fpl$dsub)
    $v0                                      0x08003754   Number         0  daddsub_clz.o(x$fpl$dsub)
    _dsub1                                   0x08003765   Thumb Code     0  daddsub_clz.o(x$fpl$dsub)
    x$fpl$f2d                                0x08003928   Section       86  f2d.o(x$fpl$f2d)
    $v0                                      0x08003928   Number         0  f2d.o(x$fpl$f2d)
    x$fpl$fnaninf                            0x0800397e   Section      140  fnaninf.o(x$fpl$fnaninf)
    $v0                                      0x0800397e   Number         0  fnaninf.o(x$fpl$fnaninf)
    x$fpl$fpinit                             0x08003a0a   Section       10  fpinit.o(x$fpl$fpinit)
    $v0                                      0x08003a0a   Number         0  fpinit.o(x$fpl$fpinit)
    x$fpl$fretinf                            0x08003a14   Section       10  fretinf.o(x$fpl$fretinf)
    $v0                                      0x08003a14   Number         0  fretinf.o(x$fpl$fretinf)
    x$fpl$usenofp                            0x08003a1e   Section        0  usenofp.o(x$fpl$usenofp)
    .constdata                               0x08003a20   Section       80  asin.o(.constdata)
    pS                                       0x08003a20   Data          48  asin.o(.constdata)
    qS                                       0x08003a50   Data          32  asin.o(.constdata)
    .constdata                               0x08003a70   Section      152  atan.o(.constdata)
    atanhi                                   0x08003a70   Data          32  atan.o(.constdata)
    atanlo                                   0x08003a90   Data          32  atan.o(.constdata)
    aTodd                                    0x08003ab0   Data          40  atan.o(.constdata)
    aTeven                                   0x08003ad8   Data          48  atan.o(.constdata)
    .constdata                               0x08003b08   Section        8  qnan.o(.constdata)
    .data                                    0x20000000   Section       32  main.o(.data)
    .data                                    0x20000020   Section        4  delay.o(.data)
    fac_us                                   0x20000020   Data           1  delay.o(.data)
    fac_ms                                   0x20000022   Data           2  delay.o(.data)
    .data                                    0x20000024   Section       80  imu.o(.data)
    ACC_X                                    0x20000050   Data           4  imu.o(.data)
    ACC_Y                                    0x20000054   Data           4  imu.o(.data)
    ACC_Z                                    0x20000058   Data           4  imu.o(.data)
    count_acc                                0x2000005c   Data           4  imu.o(.data)
    GYRO_X                                   0x20000060   Data           4  imu.o(.data)
    GYRO_Y                                   0x20000064   Data           4  imu.o(.data)
    GYRO_Z                                   0x20000068   Data           4  imu.o(.data)
    count_gyro                               0x2000006c   Data           4  imu.o(.data)
    now                                      0x20000070   Data           4  imu.o(.data)
    .data                                    0x20000074   Section       16  stm32f4xx_rcc.o(.data)
    APBAHBPrescTable                         0x20000074   Data          16  stm32f4xx_rcc.o(.data)
    .bss                                     0x20000084   Section       36  main.o(.bss)
    .bss                                     0x200000a8   Section       63  ano_dt.o(.bss)
    .bss                                     0x200000e8   Section       96  libspace.o(.bss)
    HEAP                                     0x20000148   Section      512  startup_stm32f40_41xxx.o(HEAP)
    Heap_Mem                                 0x20000148   Data         512  startup_stm32f40_41xxx.o(HEAP)
    STACK                                    0x20000348   Section     1024  startup_stm32f40_41xxx.o(STACK)
    Stack_Mem                                0x20000348   Data        1024  startup_stm32f40_41xxx.o(STACK)
    __initial_sp                             0x20000748   Data           0  startup_stm32f40_41xxx.o(STACK)

    Global Symbols

    Symbol Name                              Value     Ov Type        Size  Object(Section)

    BuildAttributes$$THM_ISAv4$E$P$D$K$B$S$7EM$VFPi3$EXTD16$VFPS$VFMA$PE$A:L22UL41UL21$X:L11$S22US41US21$IEEE1$IW$USESV6$~STKCKD$USESV7$~SHL$OTIME$ROPI$IEEEX$EBA8$UX$STANDARDLIB$REQ8$PRES8$EABIv2 0x00000000   Number         0  anon$$obj.o ABSOLUTE
    __ARM_use_no_argv                        0x00000000   Number         0  main.o ABSOLUTE
    __ARM_exceptions_init                     - Undefined Weak Reference
    __alloca_initialize                       - Undefined Weak Reference
    __arm_preinit_                            - Undefined Weak Reference
    __cpp_initialize__aeabi_                  - Undefined Weak Reference
    __cxa_finalize                            - Undefined Weak Reference
    __rt_locale                               - Undefined Weak Reference
    __sigvec_lookup                           - Undefined Weak Reference
    _atexit_init                              - Undefined Weak Reference
    _call_atexit_fns                          - Undefined Weak Reference
    _clock_init                               - Undefined Weak Reference
    _fp_trap_init                             - Undefined Weak Reference
    _fp_trap_shutdown                         - Undefined Weak Reference
    _get_lc_collate                           - Undefined Weak Reference
    _get_lc_ctype                             - Undefined Weak Reference
    _get_lc_monetary                          - Undefined Weak Reference
    _get_lc_numeric                           - Undefined Weak Reference
    _get_lc_time                              - Undefined Weak Reference
    _getenv_init                              - Undefined Weak Reference
    _handle_redirection                       - Undefined Weak Reference
    _init_alloc                               - Undefined Weak Reference
    _init_user_alloc                          - Undefined Weak Reference
    _initio                                   - Undefined Weak Reference
    _rand_init                                - Undefined Weak Reference
    _signal_finish                            - Undefined Weak Reference
    _signal_init                              - Undefined Weak Reference
    _terminate_alloc                          - Undefined Weak Reference
    _terminate_user_alloc                     - Undefined Weak Reference
    _terminateio                              - Undefined Weak Reference
    __Vectors_Size                           0x00000188   Number         0  startup_stm32f40_41xxx.o ABSOLUTE
    __Vectors                                0x08000000   Data           4  startup_stm32f40_41xxx.o(RESET)
    __Vectors_End                            0x08000188   Data           0  startup_stm32f40_41xxx.o(RESET)
    __main                                   0x08000189   Thumb Code     8  __main.o(!!!main)
    __scatterload                            0x08000191   Thumb Code     0  __scatter.o(!!!scatter)
    __scatterload_rt2                        0x08000191   Thumb Code    44  __scatter.o(!!!scatter)
    __scatterload_rt2_thumb_only             0x08000191   Thumb Code     0  __scatter.o(!!!scatter)
    __scatterload_null                       0x0800019f   Thumb Code     0  __scatter.o(!!!scatter)
    __scatterload_copy                       0x080001c5   Thumb Code    26  __scatter_copy.o(!!handler_copy)
    __scatterload_zeroinit                   0x080001e1   Thumb Code    28  __scatter_zi.o(!!handler_zi)
    __rt_lib_init                            0x080001fd   Thumb Code     0  libinit.o(.ARM.Collect$$libinit$$00000000)
    __rt_lib_init_fp_1                       0x080001ff   Thumb Code     0  libinit2.o(.ARM.Collect$$libinit$$00000001)
    __rt_lib_init_alloca_1                   0x08000203   Thumb Code     0  libinit2.o(.ARM.Collect$$libinit$$0000002E)
    __rt_lib_init_argv_1                     0x08000203   Thumb Code     0  libinit2.o(.ARM.Collect$$libinit$$0000002C)
    __rt_lib_init_atexit_1                   0x08000203   Thumb Code     0  libinit2.o(.ARM.Collect$$libinit$$0000001B)
    __rt_lib_init_clock_1                    0x08000203   Thumb Code     0  libinit2.o(.ARM.Collect$$libinit$$00000021)
    __rt_lib_init_cpp_1                      0x08000203   Thumb Code     0  libinit2.o(.ARM.Collect$$libinit$$00000032)
    __rt_lib_init_exceptions_1               0x08000203   Thumb Code     0  libinit2.o(.ARM.Collect$$libinit$$00000030)
    __rt_lib_init_fp_trap_1                  0x08000203   Thumb Code     0  libinit2.o(.ARM.Collect$$libinit$$0000001F)
    __rt_lib_init_getenv_1                   0x08000203   Thumb Code     0  libinit2.o(.ARM.Collect$$libinit$$00000023)
    __rt_lib_init_heap_1                     0x08000203   Thumb Code     0  libinit2.o(.ARM.Collect$$libinit$$0000000A)
    __rt_lib_init_lc_collate_1               0x08000203   Thumb Code     0  libinit2.o(.ARM.Collect$$libinit$$00000011)
    __rt_lib_init_lc_ctype_1                 0x08000203   Thumb Code     0  libinit2.o(.ARM.Collect$$libinit$$00000013)
    __rt_lib_init_lc_monetary_1              0x08000203   Thumb Code     0  libinit2.o(.ARM.Collect$$libinit$$00000015)
    __rt_lib_init_lc_numeric_1               0x08000203   Thumb Code     0  libinit2.o(.ARM.Collect$$libinit$$00000017)
    __rt_lib_init_lc_time_1                  0x08000203   Thumb Code     0  libinit2.o(.ARM.Collect$$libinit$$00000019)
    __rt_lib_init_preinit_1                  0x08000203   Thumb Code     0  libinit2.o(.ARM.Collect$$libinit$$00000004)
    __rt_lib_init_rand_1                     0x08000203   Thumb Code     0  libinit2.o(.ARM.Collect$$libinit$$0000000E)
    __rt_lib_init_return                     0x08000203   Thumb Code     0  libinit2.o(.ARM.Collect$$libinit$$00000033)
    __rt_lib_init_signal_1                   0x08000203   Thumb Code     0  libinit2.o(.ARM.Collect$$libinit$$0000001D)
    __rt_lib_init_stdio_1                    0x08000203   Thumb Code     0  libinit2.o(.ARM.Collect$$libinit$$00000025)
    __rt_lib_init_user_alloc_1               0x08000203   Thumb Code     0  libinit2.o(.ARM.Collect$$libinit$$0000000C)
    __rt_lib_shutdown                        0x08000205   Thumb Code     0  libshutdown.o(.ARM.Collect$$libshutdown$$00000000)
    __rt_lib_shutdown_cpp_1                  0x08000207   Thumb Code     0  libshutdown2.o(.ARM.Collect$$libshutdown$$00000002)
    __rt_lib_shutdown_fp_trap_1              0x08000207   Thumb Code     0  libshutdown2.o(.ARM.Collect$$libshutdown$$00000007)
    __rt_lib_shutdown_heap_1                 0x08000207   Thumb Code     0  libshutdown2.o(.ARM.Collect$$libshutdown$$0000000F)
    __rt_lib_shutdown_return                 0x08000207   Thumb Code     0  libshutdown2.o(.ARM.Collect$$libshutdown$$00000010)
    __rt_lib_shutdown_signal_1               0x08000207   Thumb Code     0  libshutdown2.o(.ARM.Collect$$libshutdown$$0000000A)
    __rt_lib_shutdown_stdio_1                0x08000207   Thumb Code     0  libshutdown2.o(.ARM.Collect$$libshutdown$$00000004)
    __rt_lib_shutdown_user_alloc_1           0x08000207   Thumb Code     0  libshutdown2.o(.ARM.Collect$$libshutdown$$0000000C)
    __rt_entry                               0x08000209   Thumb Code     0  __rtentry.o(.ARM.Collect$$rtentry$$00000000)
    __rt_entry_presh_1                       0x08000209   Thumb Code     0  __rtentry2.o(.ARM.Collect$$rtentry$$00000002)
    __rt_entry_sh                            0x08000209   Thumb Code     0  __rtentry4.o(.ARM.Collect$$rtentry$$00000004)
    __rt_entry_li                            0x0800020f   Thumb Code     0  __rtentry2.o(.ARM.Collect$$rtentry$$0000000A)
    __rt_entry_postsh_1                      0x0800020f   Thumb Code     0  __rtentry2.o(.ARM.Collect$$rtentry$$00000009)
    __rt_entry_main                          0x08000213   Thumb Code     0  __rtentry2.o(.ARM.Collect$$rtentry$$0000000D)
    __rt_entry_postli_1                      0x08000213   Thumb Code     0  __rtentry2.o(.ARM.Collect$$rtentry$$0000000C)
    __rt_exit                                0x0800021b   Thumb Code     0  rtexit.o(.ARM.Collect$$rtexit$$00000000)
    __rt_exit_ls                             0x0800021d   Thumb Code     0  rtexit2.o(.ARM.Collect$$rtexit$$00000003)
    __rt_exit_prels_1                        0x0800021d   Thumb Code     0  rtexit2.o(.ARM.Collect$$rtexit$$00000002)
    __rt_exit_exit                           0x08000221   Thumb Code     0  rtexit2.o(.ARM.Collect$$rtexit$$00000004)
    Reset_Handler                            0x08000229   Thumb Code     8  startup_stm32f40_41xxx.o(.text)
    ADC_IRQHandler                           0x08000243   Thumb Code     0  startup_stm32f40_41xxx.o(.text)
    CAN1_RX0_IRQHandler                      0x08000243   Thumb Code     0  startup_stm32f40_41xxx.o(.text)
    CAN1_RX1_IRQHandler                      0x08000243   Thumb Code     0  startup_stm32f40_41xxx.o(.text)
    CAN1_SCE_IRQHandler                      0x08000243   Thumb Code     0  startup_stm32f40_41xxx.o(.text)
    CAN1_TX_IRQHandler                       0x08000243   Thumb Code     0  startup_stm32f40_41xxx.o(.text)
    CAN2_RX0_IRQHandler                      0x08000243   Thumb Code     0  startup_stm32f40_41xxx.o(.text)
    CAN2_RX1_IRQHandler                      0x08000243   Thumb Code     0  startup_stm32f40_41xxx.o(.text)
    CAN2_SCE_IRQHandler                      0x08000243   Thumb Code     0  startup_stm32f40_41xxx.o(.text)
    CAN2_TX_IRQHandler                       0x08000243   Thumb Code     0  startup_stm32f40_41xxx.o(.text)
    CRYP_IRQHandler                          0x08000243   Thumb Code     0  startup_stm32f40_41xxx.o(.text)
    DCMI_IRQHandler                          0x08000243   Thumb Code     0  startup_stm32f40_41xxx.o(.text)
    DMA1_Stream0_IRQHandler                  0x08000243   Thumb Code     0  startup_stm32f40_41xxx.o(.text)
    DMA1_Stream1_IRQHandler                  0x08000243   Thumb Code     0  startup_stm32f40_41xxx.o(.text)
    DMA1_Stream2_IRQHandler                  0x08000243   Thumb Code     0  startup_stm32f40_41xxx.o(.text)
    DMA1_Stream3_IRQHandler                  0x08000243   Thumb Code     0  startup_stm32f40_41xxx.o(.text)
    DMA1_Stream4_IRQHandler                  0x08000243   Thumb Code     0  startup_stm32f40_41xxx.o(.text)
    DMA1_Stream5_IRQHandler                  0x08000243   Thumb Code     0  startup_stm32f40_41xxx.o(.text)
    DMA1_Stream6_IRQHandler                  0x08000243   Thumb Code     0  startup_stm32f40_41xxx.o(.text)
    DMA1_Stream7_IRQHandler                  0x08000243   Thumb Code     0  startup_stm32f40_41xxx.o(.text)
    DMA2_Stream0_IRQHandler                  0x08000243   Thumb Code     0  startup_stm32f40_41xxx.o(.text)
    DMA2_Stream1_IRQHandler                  0x08000243   Thumb Code     0  startup_stm32f40_41xxx.o(.text)
    DMA2_Stream2_IRQHandler                  0x08000243   Thumb Code     0  startup_stm32f40_41xxx.o(.text)
    DMA2_Stream3_IRQHandler                  0x08000243   Thumb Code     0  startup_stm32f40_41xxx.o(.text)
    DMA2_Stream4_IRQHandler                  0x08000243   Thumb Code     0  startup_stm32f40_41xxx.o(.text)
    DMA2_Stream5_IRQHandler                  0x08000243   Thumb Code     0  startup_stm32f40_41xxx.o(.text)
    DMA2_Stream6_IRQHandler                  0x08000243   Thumb Code     0  startup_stm32f40_41xxx.o(.text)
    DMA2_Stream7_IRQHandler                  0x08000243   Thumb Code     0  startup_stm32f40_41xxx.o(.text)
    ETH_IRQHandler                           0x08000243   Thumb Code     0  startup_stm32f40_41xxx.o(.text)
    ETH_WKUP_IRQHandler                      0x08000243   Thumb Code     0  startup_stm32f40_41xxx.o(.text)
    EXTI0_IRQHandler                         0x08000243   Thumb Code     0  startup_stm32f40_41xxx.o(.text)
    EXTI15_10_IRQHandler                     0x08000243   Thumb Code     0  startup_stm32f40_41xxx.o(.text)
    EXTI1_IRQHandler                         0x08000243   Thumb Code     0  startup_stm32f40_41xxx.o(.text)
    EXTI2_IRQHandler                         0x08000243   Thumb Code     0  startup_stm32f40_41xxx.o(.text)
    EXTI3_IRQHandler                         0x08000243   Thumb Code     0  startup_stm32f40_41xxx.o(.text)
    EXTI4_IRQHandler                         0x08000243   Thumb Code     0  startup_stm32f40_41xxx.o(.text)
    EXTI9_5_IRQHandler                       0x08000243   Thumb Code     0  startup_stm32f40_41xxx.o(.text)
    FLASH_IRQHandler                         0x08000243   Thumb Code     0  startup_stm32f40_41xxx.o(.text)
    FPU_IRQHandler                           0x08000243   Thumb Code     0  startup_stm32f40_41xxx.o(.text)
    FSMC_IRQHandler                          0x08000243   Thumb Code     0  startup_stm32f40_41xxx.o(.text)
    HASH_RNG_IRQHandler                      0x08000243   Thumb Code     0  startup_stm32f40_41xxx.o(.text)
    I2C1_ER_IRQHandler                       0x08000243   Thumb Code     0  startup_stm32f40_41xxx.o(.text)
    I2C1_EV_IRQHandler                       0x08000243   Thumb Code     0  startup_stm32f40_41xxx.o(.text)
    I2C2_ER_IRQHandler                       0x08000243   Thumb Code     0  startup_stm32f40_41xxx.o(.text)
    I2C2_EV_IRQHandler                       0x08000243   Thumb Code     0  startup_stm32f40_41xxx.o(.text)
    I2C3_ER_IRQHandler                       0x08000243   Thumb Code     0  startup_stm32f40_41xxx.o(.text)
    I2C3_EV_IRQHandler                       0x08000243   Thumb Code     0  startup_stm32f40_41xxx.o(.text)
    OTG_FS_IRQHandler                        0x08000243   Thumb Code     0  startup_stm32f40_41xxx.o(.text)
    OTG_FS_WKUP_IRQHandler                   0x08000243   Thumb Code     0  startup_stm32f40_41xxx.o(.text)
    OTG_HS_EP1_IN_IRQHandler                 0x08000243   Thumb Code     0  startup_stm32f40_41xxx.o(.text)
    OTG_HS_EP1_OUT_IRQHandler                0x08000243   Thumb Code     0  startup_stm32f40_41xxx.o(.text)
    OTG_HS_IRQHandler                        0x08000243   Thumb Code     0  startup_stm32f40_41xxx.o(.text)
    OTG_HS_WKUP_IRQHandler                   0x08000243   Thumb Code     0  startup_stm32f40_41xxx.o(.text)
    PVD_IRQHandler                           0x08000243   Thumb Code     0  startup_stm32f40_41xxx.o(.text)
    RCC_IRQHandler                           0x08000243   Thumb Code     0  startup_stm32f40_41xxx.o(.text)
    RTC_Alarm_IRQHandler                     0x08000243   Thumb Code     0  startup_stm32f40_41xxx.o(.text)
    RTC_WKUP_IRQHandler                      0x08000243   Thumb Code     0  startup_stm32f40_41xxx.o(.text)
    SDIO_IRQHandler                          0x08000243   Thumb Code     0  startup_stm32f40_41xxx.o(.text)
    SPI1_IRQHandler                          0x08000243   Thumb Code     0  startup_stm32f40_41xxx.o(.text)
    SPI2_IRQHandler                          0x08000243   Thumb Code     0  startup_stm32f40_41xxx.o(.text)
    SPI3_IRQHandler                          0x08000243   Thumb Code     0  startup_stm32f40_41xxx.o(.text)
    TAMP_STAMP_IRQHandler                    0x08000243   Thumb Code     0  startup_stm32f40_41xxx.o(.text)
    TIM1_BRK_TIM9_IRQHandler                 0x08000243   Thumb Code     0  startup_stm32f40_41xxx.o(.text)
    TIM1_CC_IRQHandler                       0x08000243   Thumb Code     0  startup_stm32f40_41xxx.o(.text)
    TIM1_TRG_COM_TIM11_IRQHandler            0x08000243   Thumb Code     0  startup_stm32f40_41xxx.o(.text)
    TIM1_UP_TIM10_IRQHandler                 0x08000243   Thumb Code     0  startup_stm32f40_41xxx.o(.text)
    TIM2_IRQHandler                          0x08000243   Thumb Code     0  startup_stm32f40_41xxx.o(.text)
    TIM3_IRQHandler                          0x08000243   Thumb Code     0  startup_stm32f40_41xxx.o(.text)
    TIM4_IRQHandler                          0x08000243   Thumb Code     0  startup_stm32f40_41xxx.o(.text)
    TIM5_IRQHandler                          0x08000243   Thumb Code     0  startup_stm32f40_41xxx.o(.text)
    TIM6_DAC_IRQHandler                      0x08000243   Thumb Code     0  startup_stm32f40_41xxx.o(.text)
    TIM7_IRQHandler                          0x08000243   Thumb Code     0  startup_stm32f40_41xxx.o(.text)
    TIM8_BRK_TIM12_IRQHandler                0x08000243   Thumb Code     0  startup_stm32f40_41xxx.o(.text)
    TIM8_CC_IRQHandler                       0x08000243   Thumb Code     0  startup_stm32f40_41xxx.o(.text)
    TIM8_TRG_COM_TIM14_IRQHandler            0x08000243   Thumb Code     0  startup_stm32f40_41xxx.o(.text)
    TIM8_UP_TIM13_IRQHandler                 0x08000243   Thumb Code     0  startup_stm32f40_41xxx.o(.text)
    UART4_IRQHandler                         0x08000243   Thumb Code     0  startup_stm32f40_41xxx.o(.text)
    UART5_IRQHandler                         0x08000243   Thumb Code     0  startup_stm32f40_41xxx.o(.text)
    USART1_IRQHandler                        0x08000243   Thumb Code     0  startup_stm32f40_41xxx.o(.text)
    USART2_IRQHandler                        0x08000243   Thumb Code     0  startup_stm32f40_41xxx.o(.text)
    USART3_IRQHandler                        0x08000243   Thumb Code     0  startup_stm32f40_41xxx.o(.text)
    USART6_IRQHandler                        0x08000243   Thumb Code     0  startup_stm32f40_41xxx.o(.text)
    WWDG_IRQHandler                          0x08000243   Thumb Code     0  startup_stm32f40_41xxx.o(.text)
    __user_initial_stackheap                 0x08000245   Thumb Code     0  startup_stm32f40_41xxx.o(.text)
    __use_no_semihosting                     0x08000269   Thumb Code     2  use_no_semi_2.o(.text)
    __use_two_region_memory                  0x0800026b   Thumb Code     2  heapauxi.o(.text)
    __rt_heap_escrow$2region                 0x0800026d   Thumb Code     2  heapauxi.o(.text)
    __rt_heap_expand$2region                 0x0800026f   Thumb Code     2  heapauxi.o(.text)
    __I$use$semihosting                      0x08000271   Thumb Code     0  use_no_semi.o(.text)
    __use_no_semihosting_swi                 0x08000271   Thumb Code     2  use_no_semi.o(.text)
    __read_errno                             0x08000273   Thumb Code    10  _rserrno.o(.text)
    __set_errno                              0x0800027d   Thumb Code    12  _rserrno.o(.text)
    __aeabi_errno_addr                       0x08000289   Thumb Code     8  rt_errno_addr_intlibspace.o(.text)
    __errno$intlibspace                      0x08000289   Thumb Code     0  rt_errno_addr_intlibspace.o(.text)
    __rt_errno_addr$intlibspace              0x08000289   Thumb Code     0  rt_errno_addr_intlibspace.o(.text)
    __user_libspace                          0x08000291   Thumb Code     8  libspace.o(.text)
    __user_perproc_libspace                  0x08000291   Thumb Code     0  libspace.o(.text)
    __user_perthread_libspace                0x08000291   Thumb Code     0  libspace.o(.text)
    __user_setup_stackheap                   0x08000299   Thumb Code    74  sys_stackheap_outer.o(.text)
    exit                                     0x080002e3   Thumb Code    18  exit.o(.text)
    AHRS_Time_Init                           0x080002f5   Thumb Code    56  imu.o(i.AHRS_Time_Init)
    ANO_DT_Send_Data                         0x08000331   Thumb Code    40  ano_dt.o(i.ANO_DT_Send_Data)
    ANO_DT_Send_Senser                       0x0800035d   Thumb Code   374  ano_dt.o(i.ANO_DT_Send_Senser)
    ANO_DT_Send_Status                       0x080004d9   Thumb Code   242  ano_dt.o(i.ANO_DT_Send_Status)
    BusFault_Handler                         0x080005d5   Thumb Code     4  stm32f4xx_it.o(i.BusFault_Handler)
    CalibInit                                0x080005d9   Thumb Code    12  imu.o(i.CalibInit)
    Calib_Status                             0x080005ed   Thumb Code    12  imu.o(i.Calib_Status)
    DebugMon_Handler                         0x08000601   Thumb Code     2  stm32f4xx_it.o(i.DebugMon_Handler)
    GPIO_Init                                0x08000603   Thumb Code   144  stm32f4xx_gpio.o(i.GPIO_Init)
    GPIO_PinAFConfig                         0x08000693   Thumb Code    70  stm32f4xx_gpio.o(i.GPIO_PinAFConfig)
    GY86_Init                                0x080006d9   Thumb Code    52  gy86.o(i.GY86_Init)
    Get_AHRS_Time                            0x0800070d   Thumb Code    46  imu.o(i.Get_AHRS_Time)
    HMC_Init                                 0x0800074d   Thumb Code    36  gy86.o(i.HMC_Init)
    HardFault_Handler                        0x08000771   Thumb Code     4  stm32f4xx_it.o(i.HardFault_Handler)
    I2C_AcknowledgeConfig                    0x08000775   Thumb Code    24  stm32f4xx_i2c.o(i.I2C_AcknowledgeConfig)
    I2C_CheckEvent                           0x0800078d   Thumb Code    42  stm32f4xx_i2c.o(i.I2C_CheckEvent)
    I2C_Cmd                                  0x080007b7   Thumb Code    24  stm32f4xx_i2c.o(i.I2C_Cmd)
    I2C_Configuration                        0x080007d1   Thumb Code    66  i2c.o(i.I2C_Configuration)
    I2C_GPIO_Init                            0x0800081d   Thumb Code    78  i2c.o(i.I2C_GPIO_Init)
    I2C_GenerateSTART                        0x08000871   Thumb Code    24  stm32f4xx_i2c.o(i.I2C_GenerateSTART)
    I2C_GenerateSTOP                         0x08000889   Thumb Code    24  stm32f4xx_i2c.o(i.I2C_GenerateSTOP)
    I2C_GetFlagStatus                        0x080008a1   Thumb Code    58  stm32f4xx_i2c.o(i.I2C_GetFlagStatus)
    I2C_Init                                 0x080008dd   Thumb Code   218  stm32f4xx_i2c.o(i.I2C_Init)
    I2C_READ_BUFFER                          0x080009c5   Thumb Code   218  i2c.o(i.I2C_READ_BUFFER)
    I2C_ReceiveData                          0x08000aad   Thumb Code     8  stm32f4xx_i2c.o(i.I2C_ReceiveData)
    I2C_SAND_BYTE                            0x08000ab5   Thumb Code   112  i2c.o(i.I2C_SAND_BYTE)
    I2C_Send7bitAddress                      0x08000b31   Thumb Code    16  stm32f4xx_i2c.o(i.I2C_Send7bitAddress)
    I2C_SendData                             0x08000b41   Thumb Code     4  stm32f4xx_i2c.o(i.I2C_SendData)
    IMUupdate                                0x08000b45   Thumb Code  3154  imu.o(i.IMUupdate)
    MPU6050_Init                             0x0800179d   Thumb Code    74  mpu6050.o(i.MPU6050_Init)
    MPU6050_Offset                           0x080017e9   Thumb Code   372  imu.o(i.MPU6050_Offset)
    MPU6050_READ                             0x08001995   Thumb Code   182  mpu6050.o(i.MPU6050_READ)
    MemManage_Handler                        0x08001a55   Thumb Code     4  stm32f4xx_it.o(i.MemManage_Handler)
    NMI_Handler                              0x08001a59   Thumb Code     2  stm32f4xx_it.o(i.NMI_Handler)
    NVIC_PriorityGroupConfig                 0x08001a5d   Thumb Code    10  misc.o(i.NVIC_PriorityGroupConfig)
    PendSV_Handler                           0x08001a71   Thumb Code     2  stm32f4xx_it.o(i.PendSV_Handler)
    RCC_AHB1PeriphClockCmd                   0x08001a75   Thumb Code    26  stm32f4xx_rcc.o(i.RCC_AHB1PeriphClockCmd)
    RCC_APB1PeriphClockCmd                   0x08001a95   Thumb Code    26  stm32f4xx_rcc.o(i.RCC_APB1PeriphClockCmd)
    RCC_APB1PeriphResetCmd                   0x08001ab5   Thumb Code    26  stm32f4xx_rcc.o(i.RCC_APB1PeriphResetCmd)
    RCC_APB2PeriphClockCmd                   0x08001ad5   Thumb Code    26  stm32f4xx_rcc.o(i.RCC_APB2PeriphClockCmd)
    RCC_APB2PeriphResetCmd                   0x08001af5   Thumb Code    26  stm32f4xx_rcc.o(i.RCC_APB2PeriphResetCmd)
    RCC_GetClocksFreq                        0x08001b15   Thumb Code   214  stm32f4xx_rcc.o(i.RCC_GetClocksFreq)
    READ_HMCALL                              0x08001bfd   Thumb Code   152  gy86.o(i.READ_HMCALL)
    SVC_Handler                              0x08001c95   Thumb Code     2  stm32f4xx_it.o(i.SVC_Handler)
    SysTick_CLKSourceConfig                  0x08001d81   Thumb Code    40  misc.o(i.SysTick_CLKSourceConfig)
    SysTick_Handler                          0x08001da9   Thumb Code     2  stm32f4xx_it.o(i.SysTick_Handler)
    SystemInit                               0x08001dad   Thumb Code    88  system_stm32f4xx.o(i.SystemInit)
    TIM_Cmd                                  0x08001e15   Thumb Code    24  stm32f4xx_tim.o(i.TIM_Cmd)
    TIM_DeInit                               0x08001e2d   Thumb Code   346  stm32f4xx_tim.o(i.TIM_DeInit)
    TIM_TimeBaseInit                         0x08001fbd   Thumb Code   104  stm32f4xx_tim.o(i.TIM_TimeBaseInit)
    USART_Cmd                                0x08002041   Thumb Code    24  stm32f4xx_usart.o(i.USART_Cmd)
    USART_GetFlagStatus                      0x08002059   Thumb Code    26  stm32f4xx_usart.o(i.USART_GetFlagStatus)
    USART_Init                               0x08002075   Thumb Code   204  stm32f4xx_usart.o(i.USART_Init)
    USART_SendData                           0x08002149   Thumb Code     8  stm32f4xx_usart.o(i.USART_SendData)
    UsageFault_Handler                       0x08002151   Thumb Code     4  stm32f4xx_it.o(i.UsageFault_Handler)
    __ARM_fpclassify                         0x08002155   Thumb Code    48  fpclassify.o(i.__ARM_fpclassify)
    __hardfp_asin                            0x08002189   Thumb Code   770  asin.o(i.__hardfp_asin)
    __hardfp_atan                            0x080024e9   Thumb Code   622  atan.o(i.__hardfp_atan)
    __hardfp_atan2                           0x080027c1   Thumb Code   432  atan2.o(i.__hardfp_atan2)
    __hardfp_sqrt                            0x080029b1   Thumb Code   122  sqrt.o(i.__hardfp_sqrt)
    __kernel_poly                            0x08002a2b   Thumb Code   248  poly.o(i.__kernel_poly)
    __mathlib_dbl_infnan                     0x08002b23   Thumb Code    20  dunder.o(i.__mathlib_dbl_infnan)
    __mathlib_dbl_infnan2                    0x08002b37   Thumb Code    20  dunder.o(i.__mathlib_dbl_infnan2)
    __mathlib_dbl_invalid                    0x08002b51   Thumb Code    24  dunder.o(i.__mathlib_dbl_invalid)
    __mathlib_dbl_underflow                  0x08002b71   Thumb Code    24  dunder.o(i.__mathlib_dbl_underflow)
    _sys_exit                                0x08002b91   Thumb Code     4  usart.o(i._sys_exit)
    atan                                     0x08002b95   Thumb Code    16  atan.o(i.atan)
    delay_init                               0x08002ba5   Thumb Code    52  delay.o(i.delay_init)
    delay_ms                                 0x08002be1   Thumb Code    56  delay.o(i.delay_ms)
    delay_xms                                0x08002c19   Thumb Code    72  delay.o(i.delay_xms)
    fabs                                     0x08002c65   Thumb Code    24  fabs.o(i.fabs)
    main                                     0x08002c7d   Thumb Code   428  main.o(i.main)
    sqrt                                     0x08002e39   Thumb Code   110  sqrt.o(i.sqrt)
    uart_init                                0x08002ea9   Thumb Code   122  usart.o(i.uart_init)
    __aeabi_dneg                             0x08002f2d   Thumb Code     0  basic.o(x$fpl$basic)
    _dneg                                    0x08002f2d   Thumb Code     6  basic.o(x$fpl$basic)
    __aeabi_fneg                             0x08002f33   Thumb Code     0  basic.o(x$fpl$basic)
    _fneg                                    0x08002f33   Thumb Code     6  basic.o(x$fpl$basic)
    _dabs                                    0x08002f39   Thumb Code     6  basic.o(x$fpl$basic)
    _fabs                                    0x08002f3f   Thumb Code     6  basic.o(x$fpl$basic)
    __aeabi_d2f                              0x08002f45   Thumb Code     0  d2f.o(x$fpl$d2f)
    _d2f                                     0x08002f45   Thumb Code    98  d2f.o(x$fpl$d2f)
    __aeabi_dadd                             0x08002fa9   Thumb Code     0  daddsub_clz.o(x$fpl$dadd)
    _dadd                                    0x08002fa9   Thumb Code   332  daddsub_clz.o(x$fpl$dadd)
    __aeabi_ddiv                             0x080030f9   Thumb Code     0  ddiv.o(x$fpl$ddiv)
    _ddiv                                    0x080030f9   Thumb Code   552  ddiv.o(x$fpl$ddiv)
    __aeabi_dmul                             0x080033a9   Thumb Code     0  dmul.o(x$fpl$dmul)
    _dmul                                    0x080033a9   Thumb Code   332  dmul.o(x$fpl$dmul)
    __fpl_dnaninf                            0x080034fd   Thumb Code   156  dnaninf.o(x$fpl$dnaninf)
    __fpl_dretinf                            0x08003599   Thumb Code    12  dretinf.o(x$fpl$dretinf)
    __aeabi_drsub                            0x080035a5   Thumb Code     0  daddsub_clz.o(x$fpl$drsb)
    _drsb                                    0x080035a5   Thumb Code    22  daddsub_clz.o(x$fpl$drsb)
    _dsqrt                                   0x080035bd   Thumb Code   404  dsqrt_umaal.o(x$fpl$dsqrt)
    __aeabi_dsub                             0x08003755   Thumb Code     0  daddsub_clz.o(x$fpl$dsub)
    _dsub                                    0x08003755   Thumb Code   464  daddsub_clz.o(x$fpl$dsub)
    __aeabi_f2d                              0x08003929   Thumb Code     0  f2d.o(x$fpl$f2d)
    _f2d                                     0x08003929   Thumb Code    86  f2d.o(x$fpl$f2d)
    __fpl_fnaninf                            0x0800397f   Thumb Code   140  fnaninf.o(x$fpl$fnaninf)
    _fp_init                                 0x08003a0b   Thumb Code    10  fpinit.o(x$fpl$fpinit)
    __fplib_config_fpu_vfp                   0x08003a13   Thumb Code     0  fpinit.o(x$fpl$fpinit)
    __fplib_config_pureend_doubles           0x08003a13   Thumb Code     0  fpinit.o(x$fpl$fpinit)
    __fpl_fretinf                            0x08003a15   Thumb Code    10  fretinf.o(x$fpl$fretinf)
    __I$use$fp                               0x08003a1e   Number         0  usenofp.o(x$fpl$usenofp)
    __mathlib_zero                           0x08003b08   Data           8  qnan.o(.constdata)
    Region$$Table$$Base                      0x08003b10   Number         0  anon$$obj.o(Region$$Table)
    Region$$Table$$Limit                     0x08003b30   Number         0  anon$$obj.o(Region$$Table)
    gyroOffset                               0x20000000   Data           1  main.o(.data)
    accOffset                                0x20000001   Data           1  main.o(.data)
    acc                                      0x20000002   Data           6  main.o(.data)
    offsetAcc                                0x20000008   Data           6  main.o(.data)
    gyro                                     0x2000000e   Data           6  main.o(.data)
    offsetGyro                               0x20000014   Data           6  main.o(.data)
    mag                                      0x2000001a   Data           6  main.o(.data)
    Kp                                       0x20000024   Data           4  imu.o(.data)
    Ki                                       0x20000028   Data           4  imu.o(.data)
    halfT                                    0x2000002c   Data           4  imu.o(.data)
    T                                        0x20000030   Data           4  imu.o(.data)
    q0                                       0x20000034   Data           4  imu.o(.data)
    q1                                       0x20000038   Data           4  imu.o(.data)
    q2                                       0x2000003c   Data           4  imu.o(.data)
    q3                                       0x20000040   Data           4  imu.o(.data)
    exInt                                    0x20000044   Data           4  imu.o(.data)
    eyInt                                    0x20000048   Data           4  imu.o(.data)
    ezInt                                    0x2000004c   Data           4  imu.o(.data)
    fGyro                                    0x20000084   Data          12  main.o(.bss)
    angle                                    0x20000090   Data          12  main.o(.bss)
    mpu6050                                  0x2000009c   Data          12  main.o(.bss)
    f                                        0x200000a8   Data          13  ano_dt.o(.bss)
    data_to_send                             0x200000b5   Data          50  ano_dt.o(.bss)
    __libspace_start                         0x200000e8   Data          96  libspace.o(.bss)
    __temporary_stack_top$libspace           0x20000148   Data           0  libspace.o(.bss)



==============================================================================

Memory Map of the image

  Image Entry point : 0x08000189

  Load Region LR_IROM1 (Base: 0x08000000, Size: 0x00003bb4, Max: 0x00080000, ABSOLUTE)

    Execution Region ER_IROM1 (Exec base: 0x08000000, Load base: 0x08000000, Size: 0x00003b30, Max: 0x00080000, ABSOLUTE)

    Exec Addr    Load Addr    Size         Type   Attr      Idx    E Section Name        Object

    0x08000000   0x08000000   0x00000188   Data   RO          636    RESET               startup_stm32f40_41xxx.o
    0x08000188   0x08000188   0x00000008   Code   RO         2153  * !!!main             c_w.l(__main.o)
    0x08000190   0x08000190   0x00000034   Code   RO         2473    !!!scatter          c_w.l(__scatter.o)
    0x080001c4   0x080001c4   0x0000001a   Code   RO         2475    !!handler_copy      c_w.l(__scatter_copy.o)
    0x080001de   0x080001de   0x00000002   PAD
    0x080001e0   0x080001e0   0x0000001c   Code   RO         2477    !!handler_zi        c_w.l(__scatter_zi.o)
    0x080001fc   0x080001fc   0x00000002   Code   RO         2350    .ARM.Collect$$libinit$$00000000  c_w.l(libinit.o)
    0x080001fe   0x080001fe   0x00000004   Code   RO         2353    .ARM.Collect$$libinit$$00000001  c_w.l(libinit2.o)
    0x08000202   0x08000202   0x00000000   Code   RO         2356    .ARM.Collect$$libinit$$00000004  c_w.l(libinit2.o)
    0x08000202   0x08000202   0x00000000   Code   RO         2359    .ARM.Collect$$libinit$$0000000A  c_w.l(libinit2.o)
    0x08000202   0x08000202   0x00000000   Code   RO         2361    .ARM.Collect$$libinit$$0000000C  c_w.l(libinit2.o)
    0x08000202   0x08000202   0x00000000   Code   RO         2363    .ARM.Collect$$libinit$$0000000E  c_w.l(libinit2.o)
    0x08000202   0x08000202   0x00000000   Code   RO         2366    .ARM.Collect$$libinit$$00000011  c_w.l(libinit2.o)
    0x08000202   0x08000202   0x00000000   Code   RO         2368    .ARM.Collect$$libinit$$00000013  c_w.l(libinit2.o)
    0x08000202   0x08000202   0x00000000   Code   RO         2370    .ARM.Collect$$libinit$$00000015  c_w.l(libinit2.o)
    0x08000202   0x08000202   0x00000000   Code   RO         2372    .ARM.Collect$$libinit$$00000017  c_w.l(libinit2.o)
    0x08000202   0x08000202   0x00000000   Code   RO         2374    .ARM.Collect$$libinit$$00000019  c_w.l(libinit2.o)
    0x08000202   0x08000202   0x00000000   Code   RO         2376    .ARM.Collect$$libinit$$0000001B  c_w.l(libinit2.o)
    0x08000202   0x08000202   0x00000000   Code   RO         2378    .ARM.Collect$$libinit$$0000001D  c_w.l(libinit2.o)
    0x08000202   0x08000202   0x00000000   Code   RO         2380    .ARM.Collect$$libinit$$0000001F  c_w.l(libinit2.o)
    0x08000202   0x08000202   0x00000000   Code   RO         2382    .ARM.Collect$$libinit$$00000021  c_w.l(libinit2.o)
    0x08000202   0x08000202   0x00000000   Code   RO         2384    .ARM.Collect$$libinit$$00000023  c_w.l(libinit2.o)
    0x08000202   0x08000202   0x00000000   Code   RO         2386    .ARM.Collect$$libinit$$00000025  c_w.l(libinit2.o)
    0x08000202   0x08000202   0x00000000   Code   RO         2390    .ARM.Collect$$libinit$$0000002C  c_w.l(libinit2.o)
    0x08000202   0x08000202   0x00000000   Code   RO         2392    .ARM.Collect$$libinit$$0000002E  c_w.l(libinit2.o)
    0x08000202   0x08000202   0x00000000   Code   RO         2394    .ARM.Collect$$libinit$$00000030  c_w.l(libinit2.o)
    0x08000202   0x08000202   0x00000000   Code   RO         2396    .ARM.Collect$$libinit$$00000032  c_w.l(libinit2.o)
    0x08000202   0x08000202   0x00000002   Code   RO         2397    .ARM.Collect$$libinit$$00000033  c_w.l(libinit2.o)
    0x08000204   0x08000204   0x00000002   Code   RO         2415    .ARM.Collect$$libshutdown$$00000000  c_w.l(libshutdown.o)
    0x08000206   0x08000206   0x00000000   Code   RO         2425    .ARM.Collect$$libshutdown$$00000002  c_w.l(libshutdown2.o)
    0x08000206   0x08000206   0x00000000   Code   RO         2427    .ARM.Collect$$libshutdown$$00000004  c_w.l(libshutdown2.o)
    0x08000206   0x08000206   0x00000000   Code   RO         2430    .ARM.Collect$$libshutdown$$00000007  c_w.l(libshutdown2.o)
    0x08000206   0x08000206   0x00000000   Code   RO         2433    .ARM.Collect$$libshutdown$$0000000A  c_w.l(libshutdown2.o)
    0x08000206   0x08000206   0x00000000   Code   RO         2435    .ARM.Collect$$libshutdown$$0000000C  c_w.l(libshutdown2.o)
    0x08000206   0x08000206   0x00000000   Code   RO         2438    .ARM.Collect$$libshutdown$$0000000F  c_w.l(libshutdown2.o)
    0x08000206   0x08000206   0x00000002   Code   RO         2439    .ARM.Collect$$libshutdown$$00000010  c_w.l(libshutdown2.o)
    0x08000208   0x08000208   0x00000000   Code   RO         2237    .ARM.Collect$$rtentry$$00000000  c_w.l(__rtentry.o)
    0x08000208   0x08000208   0x00000000   Code   RO         2313    .ARM.Collect$$rtentry$$00000002  c_w.l(__rtentry2.o)
    0x08000208   0x08000208   0x00000006   Code   RO         2325    .ARM.Collect$$rtentry$$00000004  c_w.l(__rtentry4.o)
    0x0800020e   0x0800020e   0x00000000   Code   RO         2315    .ARM.Collect$$rtentry$$00000009  c_w.l(__rtentry2.o)
    0x0800020e   0x0800020e   0x00000004   Code   RO         2316    .ARM.Collect$$rtentry$$0000000A  c_w.l(__rtentry2.o)
    0x08000212   0x08000212   0x00000000   Code   RO         2318    .ARM.Collect$$rtentry$$0000000C  c_w.l(__rtentry2.o)
    0x08000212   0x08000212   0x00000008   Code   RO         2319    .ARM.Collect$$rtentry$$0000000D  c_w.l(__rtentry2.o)
    0x0800021a   0x0800021a   0x00000002   Code   RO         2351    .ARM.Collect$$rtexit$$00000000  c_w.l(rtexit.o)
    0x0800021c   0x0800021c   0x00000000   Code   RO         2399    .ARM.Collect$$rtexit$$00000002  c_w.l(rtexit2.o)
    0x0800021c   0x0800021c   0x00000004   Code   RO         2400    .ARM.Collect$$rtexit$$00000003  c_w.l(rtexit2.o)
    0x08000220   0x08000220   0x00000006   Code   RO         2401    .ARM.Collect$$rtexit$$00000004  c_w.l(rtexit2.o)
    0x08000226   0x08000226   0x00000002   PAD
    0x08000228   0x08000228   0x00000040   Code   RO          637    .text               startup_stm32f40_41xxx.o
    0x08000268   0x08000268   0x00000002   Code   RO         2149    .text               c_w.l(use_no_semi_2.o)
    0x0800026a   0x0800026a   0x00000006   Code   RO         2151    .text               c_w.l(heapauxi.o)
    0x08000270   0x08000270   0x00000002   Code   RO         2235    .text               c_w.l(use_no_semi.o)
    0x08000272   0x08000272   0x00000016   Code   RO         2238    .text               c_w.l(_rserrno.o)
    0x08000288   0x08000288   0x00000008   Code   RO         2330    .text               c_w.l(rt_errno_addr_intlibspace.o)
    0x08000290   0x08000290   0x00000008   Code   RO         2338    .text               c_w.l(libspace.o)
    0x08000298   0x08000298   0x0000004a   Code   RO         2341    .text               c_w.l(sys_stackheap_outer.o)
    0x080002e2   0x080002e2   0x00000012   Code   RO         2343    .text               c_w.l(exit.o)
    0x080002f4   0x080002f4   0x0000003c   Code   RO          564    i.AHRS_Time_Init    imu.o
    0x08000330   0x08000330   0x0000002c   Code   RO          341    i.ANO_DT_Send_Data  ano_dt.o
    0x0800035c   0x0800035c   0x0000017c   Code   RO          346    i.ANO_DT_Send_Senser  ano_dt.o
    0x080004d8   0x080004d8   0x000000fc   Code   RO          347    i.ANO_DT_Send_Status  ano_dt.o
    0x080005d4   0x080005d4   0x00000004   Code   RO          150    i.BusFault_Handler  stm32f4xx_it.o
    0x080005d8   0x080005d8   0x00000014   Code   RO          566    i.CalibInit         imu.o
    0x080005ec   0x080005ec   0x00000014   Code   RO          567    i.Calib_Status      imu.o
    0x08000600   0x08000600   0x00000002   Code   RO          151    i.DebugMon_Handler  stm32f4xx_it.o
    0x08000602   0x08000602   0x00000090   Code   RO          688    i.GPIO_Init         stm32f4xx_gpio.o
    0x08000692   0x08000692   0x00000046   Code   RO          689    i.GPIO_PinAFConfig  stm32f4xx_gpio.o
    0x080006d8   0x080006d8   0x00000034   Code   RO          281    i.GY86_Init         gy86.o
    0x0800070c   0x0800070c   0x00000040   Code   RO          568    i.Get_AHRS_Time     imu.o
    0x0800074c   0x0800074c   0x00000024   Code   RO          282    i.HMC_Init          gy86.o
    0x08000770   0x08000770   0x00000004   Code   RO          152    i.HardFault_Handler  stm32f4xx_it.o
    0x08000774   0x08000774   0x00000018   Code   RO         1364    i.I2C_AcknowledgeConfig  stm32f4xx_i2c.o
    0x0800078c   0x0800078c   0x0000002a   Code   RO         1367    i.I2C_CheckEvent    stm32f4xx_i2c.o
    0x080007b6   0x080007b6   0x00000018   Code   RO         1370    i.I2C_Cmd           stm32f4xx_i2c.o
    0x080007ce   0x080007ce   0x00000002   PAD
    0x080007d0   0x080007d0   0x0000004c   Code   RO          514    i.I2C_Configuration  i2c.o
    0x0800081c   0x0800081c   0x00000054   Code   RO          515    i.I2C_GPIO_Init     i2c.o
    0x08000870   0x08000870   0x00000018   Code   RO         1378    i.I2C_GenerateSTART  stm32f4xx_i2c.o
    0x08000888   0x08000888   0x00000018   Code   RO         1379    i.I2C_GenerateSTOP  stm32f4xx_i2c.o
    0x080008a0   0x080008a0   0x0000003a   Code   RO         1380    i.I2C_GetFlagStatus  stm32f4xx_i2c.o
    0x080008da   0x080008da   0x00000002   PAD
    0x080008dc   0x080008dc   0x000000e8   Code   RO         1385    i.I2C_Init          stm32f4xx_i2c.o
    0x080009c4   0x080009c4   0x000000e8   Code   RO          516    i.I2C_READ_BUFFER   i2c.o
    0x08000aac   0x08000aac   0x00000008   Code   RO         1390    i.I2C_ReceiveData   stm32f4xx_i2c.o
    0x08000ab4   0x08000ab4   0x0000007c   Code   RO          519    i.I2C_SAND_BYTE     i2c.o
    0x08000b30   0x08000b30   0x00000010   Code   RO         1392    i.I2C_Send7bitAddress  stm32f4xx_i2c.o
    0x08000b40   0x08000b40   0x00000004   Code   RO         1393    i.I2C_SendData      stm32f4xx_i2c.o
    0x08000b44   0x08000b44   0x00000c58   Code   RO          569    i.IMUupdate         imu.o
    0x0800179c   0x0800179c   0x0000004a   Code   RO          313    i.MPU6050_Init      mpu6050.o
    0x080017e6   0x080017e6   0x00000002   PAD
    0x080017e8   0x080017e8   0x000001ac   Code   RO          570    i.MPU6050_Offset    imu.o
    0x08001994   0x08001994   0x000000c0   Code   RO          314    i.MPU6050_READ      mpu6050.o
    0x08001a54   0x08001a54   0x00000004   Code   RO          153    i.MemManage_Handler  stm32f4xx_it.o
    0x08001a58   0x08001a58   0x00000002   Code   RO          154    i.NMI_Handler       stm32f4xx_it.o
    0x08001a5a   0x08001a5a   0x00000002   PAD
    0x08001a5c   0x08001a5c   0x00000014   Code   RO          644    i.NVIC_PriorityGroupConfig  misc.o
    0x08001a70   0x08001a70   0x00000002   Code   RO          155    i.PendSV_Handler    stm32f4xx_it.o
    0x08001a72   0x08001a72   0x00000002   PAD
    0x08001a74   0x08001a74   0x00000020   Code   RO          785    i.RCC_AHB1PeriphClockCmd  stm32f4xx_rcc.o
    0x08001a94   0x08001a94   0x00000020   Code   RO          794    i.RCC_APB1PeriphClockCmd  stm32f4xx_rcc.o
    0x08001ab4   0x08001ab4   0x00000020   Code   RO          796    i.RCC_APB1PeriphResetCmd  stm32f4xx_rcc.o
    0x08001ad4   0x08001ad4   0x00000020   Code   RO          797    i.RCC_APB2PeriphClockCmd  stm32f4xx_rcc.o
    0x08001af4   0x08001af4   0x00000020   Code   RO          799    i.RCC_APB2PeriphResetCmd  stm32f4xx_rcc.o
    0x08001b14   0x08001b14   0x000000e8   Code   RO          806    i.RCC_GetClocksFreq  stm32f4xx_rcc.o
    0x08001bfc   0x08001bfc   0x00000098   Code   RO          283    i.READ_HMCALL       gy86.o
    0x08001c94   0x08001c94   0x00000002   Code   RO          156    i.SVC_Handler       stm32f4xx_it.o
    0x08001c96   0x08001c96   0x00000002   PAD
    0x08001c98   0x08001c98   0x000000e8   Code   RO          244    i.SetSysClock       system_stm32f4xx.o
    0x08001d80   0x08001d80   0x00000028   Code   RO          647    i.SysTick_CLKSourceConfig  misc.o
    0x08001da8   0x08001da8   0x00000002   Code   RO          157    i.SysTick_Handler   stm32f4xx_it.o
    0x08001daa   0x08001daa   0x00000002   PAD
    0x08001dac   0x08001dac   0x00000068   Code   RO          246    i.SystemInit        system_stm32f4xx.o
    0x08001e14   0x08001e14   0x00000018   Code   RO         1603    i.TIM_Cmd           stm32f4xx_tim.o
    0x08001e2c   0x08001e2c   0x00000190   Code   RO         1608    i.TIM_DeInit        stm32f4xx_tim.o
    0x08001fbc   0x08001fbc   0x00000084   Code   RO         1675    i.TIM_TimeBaseInit  stm32f4xx_tim.o
    0x08002040   0x08002040   0x00000018   Code   RO         1179    i.USART_Cmd         stm32f4xx_usart.o
    0x08002058   0x08002058   0x0000001a   Code   RO         1182    i.USART_GetFlagStatus  stm32f4xx_usart.o
    0x08002072   0x08002072   0x00000002   PAD
    0x08002074   0x08002074   0x000000d4   Code   RO         1186    i.USART_Init        stm32f4xx_usart.o
    0x08002148   0x08002148   0x00000008   Code   RO         1196    i.USART_SendData    stm32f4xx_usart.o
    0x08002150   0x08002150   0x00000004   Code   RO          158    i.UsageFault_Handler  stm32f4xx_it.o
    0x08002154   0x08002154   0x00000030   Code   RO         2296    i.__ARM_fpclassify  m_wm.l(fpclassify.o)
    0x08002184   0x08002184   0x00000004   PAD
    0x08002188   0x08002188   0x00000360   Code   RO         2173    i.__hardfp_asin     m_wm.l(asin.o)
    0x080024e8   0x080024e8   0x000002d8   Code   RO         2259    i.__hardfp_atan     m_wm.l(atan.o)
    0x080027c0   0x080027c0   0x000001f0   Code   RO         2187    i.__hardfp_atan2    m_wm.l(atan2.o)
    0x080029b0   0x080029b0   0x0000007a   Code   RO         2223    i.__hardfp_sqrt     m_wm.l(sqrt.o)
    0x08002a2a   0x08002a2a   0x000000f8   Code   RO         2298    i.__kernel_poly     m_wm.l(poly.o)
    0x08002b22   0x08002b22   0x00000014   Code   RO         2277    i.__mathlib_dbl_infnan  m_wm.l(dunder.o)
    0x08002b36   0x08002b36   0x00000014   Code   RO         2278    i.__mathlib_dbl_infnan2  m_wm.l(dunder.o)
    0x08002b4a   0x08002b4a   0x00000006   PAD
    0x08002b50   0x08002b50   0x00000020   Code   RO         2279    i.__mathlib_dbl_invalid  m_wm.l(dunder.o)
    0x08002b70   0x08002b70   0x00000020   Code   RO         2282    i.__mathlib_dbl_underflow  m_wm.l(dunder.o)
    0x08002b90   0x08002b90   0x00000004   Code   RO          471    i._sys_exit         usart.o
    0x08002b94   0x08002b94   0x00000010   Code   RO         2261    i.atan              m_wm.l(atan.o)
    0x08002ba4   0x08002ba4   0x0000003c   Code   RO          413    i.delay_init        delay.o
    0x08002be0   0x08002be0   0x00000038   Code   RO          414    i.delay_ms          delay.o
    0x08002c18   0x08002c18   0x0000004c   Code   RO          416    i.delay_xms         delay.o
    0x08002c64   0x08002c64   0x00000018   Code   RO         2292    i.fabs              m_wm.l(fabs.o)
    0x08002c7c   0x08002c7c   0x000001bc   Code   RO            3    i.main              main.o
    0x08002e38   0x08002e38   0x0000006e   Code   RO         2225    i.sqrt              m_wm.l(sqrt.o)
    0x08002ea6   0x08002ea6   0x00000002   PAD
    0x08002ea8   0x08002ea8   0x00000084   Code   RO          473    i.uart_init         usart.o
    0x08002f2c   0x08002f2c   0x00000018   Code   RO         2240    x$fpl$basic         fz_wm.l(basic.o)
    0x08002f44   0x08002f44   0x00000062   Code   RO         2155    x$fpl$d2f           fz_wm.l(d2f.o)
    0x08002fa6   0x08002fa6   0x00000002   PAD
    0x08002fa8   0x08002fa8   0x00000150   Code   RO         2157    x$fpl$dadd          fz_wm.l(daddsub_clz.o)
    0x080030f8   0x080030f8   0x000002b0   Code   RO         2243    x$fpl$ddiv          fz_wm.l(ddiv.o)
    0x080033a8   0x080033a8   0x00000154   Code   RO         2169    x$fpl$dmul          fz_wm.l(dmul.o)
    0x080034fc   0x080034fc   0x0000009c   Code   RO         2248    x$fpl$dnaninf       fz_wm.l(dnaninf.o)
    0x08003598   0x08003598   0x0000000c   Code   RO         2250    x$fpl$dretinf       fz_wm.l(dretinf.o)
    0x080035a4   0x080035a4   0x00000016   Code   RO         2158    x$fpl$drsb          fz_wm.l(daddsub_clz.o)
    0x080035ba   0x080035ba   0x00000002   PAD
    0x080035bc   0x080035bc   0x00000198   Code   RO         2252    x$fpl$dsqrt         fz_wm.l(dsqrt_umaal.o)
    0x08003754   0x08003754   0x000001d4   Code   RO         2159    x$fpl$dsub          fz_wm.l(daddsub_clz.o)
    0x08003928   0x08003928   0x00000056   Code   RO         2171    x$fpl$f2d           fz_wm.l(f2d.o)
    0x0800397e   0x0800397e   0x0000008c   Code   RO         2254    x$fpl$fnaninf       fz_wm.l(fnaninf.o)
    0x08003a0a   0x08003a0a   0x0000000a   Code   RO         2407    x$fpl$fpinit        fz_wm.l(fpinit.o)
    0x08003a14   0x08003a14   0x0000000a   Code   RO         2256    x$fpl$fretinf       fz_wm.l(fretinf.o)
    0x08003a1e   0x08003a1e   0x00000000   Code   RO         2258    x$fpl$usenofp       fz_wm.l(usenofp.o)
    0x08003a1e   0x08003a1e   0x00000002   PAD
    0x08003a20   0x08003a20   0x00000050   Data   RO         2176    .constdata          m_wm.l(asin.o)
    0x08003a70   0x08003a70   0x00000098   Data   RO         2262    .constdata          m_wm.l(atan.o)
    0x08003b08   0x08003b08   0x00000008   Data   RO         2300    .constdata          m_wm.l(qnan.o)
    0x08003b10   0x08003b10   0x00000020   Data   RO         2471    Region$$Table       anon$$obj.o


    Execution Region RW_IRAM1 (Exec base: 0x20000000, Load base: 0x08003b30, Size: 0x00000748, Max: 0x00018000, ABSOLUTE)

    Exec Addr    Load Addr    Size         Type   Attr      Idx    E Section Name        Object

    0x20000000   0x08003b30   0x00000020   Data   RW            5    .data               main.o
    0x20000020   0x08003b50   0x00000004   Data   RW          417    .data               delay.o
    0x20000024   0x08003b54   0x00000050   Data   RW          573    .data               imu.o
    0x20000074   0x08003ba4   0x00000010   Data   RW          838    .data               stm32f4xx_rcc.o
    0x20000084        -       0x00000024   Zero   RW            4    .bss                main.o
    0x200000a8        -       0x0000003f   Zero   RW          349    .bss                ano_dt.o
    0x200000e7   0x08003bb4   0x00000001   PAD
    0x200000e8        -       0x00000060   Zero   RW         2339    .bss                c_w.l(libspace.o)
    0x20000148        -       0x00000200   Zero   RW          635    HEAP                startup_stm32f40_41xxx.o
    0x20000348        -       0x00000400   Zero   RW          634    STACK               startup_stm32f40_41xxx.o


==============================================================================

Image component sizes


      Code (inc. data)   RO Data    RW Data    ZI Data      Debug   Object Name

       676         20          0          0         63       4222   ano_dt.o
       192         12          0          4          0       1920   delay.o
       240          0          0          0          0       2189   gy86.o
       516         42          0          0          0       2962   i2c.o
      3752        176          0         80          0       5307   imu.o
       444         16          0         32         36     258636   main.o
        60         10          0          0          0       1053   misc.o
       266         10          0          0          0       1681   mpu6050.o
        64         26        392          0       1536        836   startup_stm32f40_41xxx.o
       214          0          0          0          0       1739   stm32f4xx_gpio.o
       456         14          0          0          0       6572   stm32f4xx_i2c.o
        26          0          0          0          0       3974   stm32f4xx_it.o
       392         48          0         16          0       5721   stm32f4xx_rcc.o
       556         82          0          0          0       2522   stm32f4xx_tim.o
       270          8          0          0          0       3200   stm32f4xx_usart.o
       336         32          0          0          0       1441   system_stm32f4xx.o
       136         10          0          0          0       1168   usart.o

    ----------------------------------------------------------------------
      8612        506        424        132       1636     305143   Object Totals
         0          0         32          0          0          0   (incl. Generated)
        16          0          0          0          1          0   (incl. Padding)

    ----------------------------------------------------------------------

      Code (inc. data)   RO Data    RW Data    ZI Data      Debug   Library Member Name

         8          0          0          0          0         68   __main.o
         0          0          0          0          0          0   __rtentry.o
        12          0          0          0          0          0   __rtentry2.o
         6          0          0          0          0          0   __rtentry4.o
        52          8          0          0          0          0   __scatter.o
        26          0          0          0          0          0   __scatter_copy.o
        28          0          0          0          0          0   __scatter_zi.o
        22          0          0          0          0        100   _rserrno.o
        18          0          0          0          0         80   exit.o
         6          0          0          0          0        152   heapauxi.o
         2          0          0          0          0          0   libinit.o
         6          0          0          0          0          0   libinit2.o
         2          0          0          0          0          0   libshutdown.o
         2          0          0          0          0          0   libshutdown2.o
         8          4          0          0         96         68   libspace.o
         8          4          0          0          0         68   rt_errno_addr_intlibspace.o
         2          0          0          0          0          0   rtexit.o
        10          0          0          0          0          0   rtexit2.o
        74          0          0          0          0         80   sys_stackheap_outer.o
         2          0          0          0          0         68   use_no_semi.o
         2          0          0          0          0         68   use_no_semi_2.o
        24          0          0          0          0        164   basic.o
        98          4          0          0          0        140   d2f.o
       826         16          0          0          0        492   daddsub_clz.o
       688        140          0          0          0        256   ddiv.o
       340         12          0          0          0        152   dmul.o
       156          4          0          0          0        140   dnaninf.o
        12          0          0          0          0        116   dretinf.o
       408         56          0          0          0        168   dsqrt_umaal.o
        86          4          0          0          0        132   f2d.o
       140          4          0          0          0        132   fnaninf.o
        10          0          0          0          0        116   fpinit.o
        10          0          0          0          0        116   fretinf.o
         0          0          0          0          0          0   usenofp.o
       864         94         80          0          0        280   asin.o
       744        106        152          0          0        352   atan.o
       496         64          0          0          0        192   atan2.o
       104         16          0          0          0        496   dunder.o
        24          0          0          0          0        124   fabs.o
        48          0          0          0          0        124   fpclassify.o
       248          0          0          0          0        152   poly.o
         0          0          8          0          0          0   qnan.o
       232          0          0          0          0        296   sqrt.o

    ----------------------------------------------------------------------
      5876        536        240          0         96       4892   Library Totals
        22          0          0          0          0          0   (incl. Padding)

    ----------------------------------------------------------------------

      Code (inc. data)   RO Data    RW Data    ZI Data      Debug   Library Name

       296         16          0          0         96        752   c_w.l
      2798        240          0          0          0       2124   fz_wm.l
      2760        280        240          0          0       2016   m_wm.l

    ----------------------------------------------------------------------
      5876        536        240          0         96       4892   Library Totals

    ----------------------------------------------------------------------

==============================================================================


      Code (inc. data)   RO Data    RW Data    ZI Data      Debug   

     14488       1042        664        132       1732     301675   Grand Totals
     14488       1042        664        132       1732     301675   ELF Image Totals
     14488       1042        664        132          0          0   ROM Totals

==============================================================================

    Total RO  Size (Code + RO Data)                15152 (  14.80kB)
    Total RW  Size (RW Data + ZI Data)              1864 (   1.82kB)
    Total ROM Size (Code + RO Data + RW Data)      15284 (  14.93kB)

==============================================================================

